Building DAG of jobs...
Using shell: /usr/bin/bash
Provided remote nodes: 1
Provided resources: mem_mb=128000, mem_mib=122071, disk_mb=1000, disk_mib=954
Select jobs to execute...
Execute 1 jobs...

[Fri Jun 19 11:48:51 2026]
rule make_reference_shell:
    input: /scratch/link/Amplicon_barcode_analysis/snake_test/make_ref/ref/ref.fa, /scratch/link/Amplicon_barcode_analysis/snake_test/make_ref/ref/ref.gtf, /scratch/link/Amplicon_barcode_analysis/snake_test/make_ref/.pipeline_state/STAR_ref_params.sh
    output: /scratch/link/Amplicon_barcode_analysis/snake_test/make_ref/.pipeline_state/02_make_reference.done
    jobid: 0
    reason: Forced execution
    threads: 12
    resources: mem_mb=128000, mem_mib=122071, disk_mb=1000, disk_mib=954, tmpdir=<TBD>, runtime=5760, slurm_account=lsteinme


        module load STAR/2.7.11b

        source /scratch/link/Amplicon_barcode_analysis/snake_test/make_ref/.pipeline_state/STAR_ref_params.sh

        LIMIT_GENOME_GENERATE_RAM=$(( 128000 * 1000000 * 90 / 100 ))

        mkdir -p "$STAR_INDEX_OUTPUT_DIR"

        STAR \
          --runThreadN 12 \
          --runMode genomeGenerate \
          --genomeDir "$STAR_INDEX_OUTPUT_DIR" \
          --genomeFastaFiles "$REF_FASTA_PATH" \
          --sjdbGTFfile "$REF_GTF_PATH" \
          --limitGenomeGenerateRAM "$LIMIT_GENOME_GENERATE_RAM" \
          --genomeSAindexNbases "$GENOME_SA_INDEX_N_BASES" \
          --sjdbOverhang "$SJDB_OVERHANG" \
          --genomeChrBinNbits "$GENOME_CHR_BIN_N_BITS"

        touch /scratch/link/Amplicon_barcode_analysis/snake_test/make_ref/.pipeline_state/02_make_reference.done
        
Building DAG of jobs...
Using shell: /usr/bin/bash
Provided cores: 12
Rules claiming more threads will be scaled down.
Provided resources: mem_mb=128000, mem_mib=122071, disk_mb=1000, disk_mib=954
Select jobs to execute...
Execute 1 jobs...

[Fri Jun 19 11:48:52 2026]
localrule make_reference_shell:
    input: /scratch/link/Amplicon_barcode_analysis/snake_test/make_ref/ref/ref.fa, /scratch/link/Amplicon_barcode_analysis/snake_test/make_ref/ref/ref.gtf, /scratch/link/Amplicon_barcode_analysis/snake_test/make_ref/.pipeline_state/STAR_ref_params.sh
    output: /scratch/link/Amplicon_barcode_analysis/snake_test/make_ref/.pipeline_state/02_make_reference.done
    jobid: 0
    reason: Forced execution
    threads: 12
    resources: mem_mb=128000, mem_mib=122071, disk_mb=1000, disk_mib=954, tmpdir=/scratch/jobs/56774015, runtime=5760, slurm_account=lsteinme


        module load STAR/2.7.11b

        source /scratch/link/Amplicon_barcode_analysis/snake_test/make_ref/.pipeline_state/STAR_ref_params.sh

        LIMIT_GENOME_GENERATE_RAM=$(( 128000 * 1000000 * 90 / 100 ))

        mkdir -p "$STAR_INDEX_OUTPUT_DIR"

        STAR \
          --runThreadN 12 \
          --runMode genomeGenerate \
          --genomeDir "$STAR_INDEX_OUTPUT_DIR" \
          --genomeFastaFiles "$REF_FASTA_PATH" \
          --sjdbGTFfile "$REF_GTF_PATH" \
          --limitGenomeGenerateRAM "$LIMIT_GENOME_GENERATE_RAM" \
          --genomeSAindexNbases "$GENOME_SA_INDEX_N_BASES" \
          --sjdbOverhang "$SJDB_OVERHANG" \
          --genomeChrBinNbits "$GENOME_CHR_BIN_N_BITS"

        touch /scratch/link/Amplicon_barcode_analysis/snake_test/make_ref/.pipeline_state/02_make_reference.done
        
	STAR --runThreadN 12 --runMode genomeGenerate --genomeDir /scratch/link/Amplicon_barcode_analysis/snake_test/make_ref/star_index --genomeFastaFiles /scratch/link/Amplicon_barcode_analysis/snake_test/make_ref/ref/ref.fa --sjdbGTFfile /scratch/link/Amplicon_barcode_analysis/snake_test/make_ref/ref/ref.gtf --limitGenomeGenerateRAM 115200000000 --genomeSAindexNbases 9 --sjdbOverhang 19 --genomeChrBinNbits 4
	STAR version: 2.7.11b   compiled: 2024-08-16T23:28:19+02:00 smug14:/tmp/eb-build/STAR/2.7.11b/GCC-13.2.0/STAR-2.7.11b/source
Jun 19 11:48:55 ..... started STAR run
!!!!! WARNING: Could not move Log.out file from ./Log.out into /scratch/link/Amplicon_barcode_analysis/snake_test/make_ref/star_index/Log.out. Will keep ./Log.out

Jun 19 11:48:55 ... starting to generate Genome files
Jun 19 11:48:55 ..... processing annotations GTF
Jun 19 11:48:57 ... starting to sort Suffix Array. This may take a long time...
Jun 19 11:48:57 ... sorting Suffix Array chunks and saving them to disk...
Jun 19 11:48:57 ... loading chunks from disk, packing SA...
Jun 19 11:48:57 ... finished generating suffix array
Jun 19 11:48:57 ... generating Suffix Array index
Jun 19 11:48:58 ... completed Suffix Array index
Jun 19 11:48:58 ... writing Genome to disk ...
Jun 19 11:48:58 ... writing Suffix Array to disk ...
Jun 19 11:48:58 ... writing SAindex to disk
Jun 19 11:48:58 ..... finished successfully
[Fri Jun 19 11:48:58 2026]
Finished job 0.
1 of 1 steps (100%) done
Storing output in storage.
[Fri Jun 19 11:48:58 2026]
Finished job 0.
1 of 1 steps (100%) done
Storing output in storage.
