Building DAG of jobs...
Using shell: /usr/bin/bash
Provided remote nodes: 1
Provided resources: mem_mb=40000, mem_mib=38147, disk_mb=2226, disk_mib=2123
Select jobs to execute...
Execute 1 jobs...

[Mon Jun 29 18:50:26 2026]
rule bcwithqc_one_sample:
    input: /scratch/link/Amplicon_barcode_analysis/HepG2_dual_rep_PA_bcwithqc/bcwithqc_symlinks/U_L1_1/U_L1_1.fastq.gz
    output: /scratch/link/Amplicon_barcode_analysis/HepG2_dual_rep_PA_bcwithqc/.pipeline_state/bcwithqc_done/U_L1_1.done
    jobid: 0
    reason: Forced execution
    wildcards: sample=U_L1_1
    threads: 2
    resources: mem_mb=40000, mem_mib=38147, disk_mb=2226, disk_mib=2123, tmpdir=<TBD>, runtime=2400, slurm_account=lsteinme


        unset PYTHONPATH
        unset PYTHONHOME
        export PYTHONNOUSERSITE=1

        rm -rf "/scratch/link/Amplicon_barcode_analysis/HepG2_dual_rep_PA_bcwithqc/bcwithqc_output/U_L1_1"
        mkdir -p "/scratch/link/Amplicon_barcode_analysis/HepG2_dual_rep_PA_bcwithqc/bcwithqc_output/U_L1_1"

        "/home/link/.conda/envs/py313/bin/bcwithqc" preprocess \
          "/scratch/link/Amplicon_barcode_analysis/HepG2_dual_rep_PA_bcwithqc/bcwithqc_symlinks/U_L1_1" \
          --config="/g/steinmetz/link/Amplicon_barcode_analysis/library/bcwithqc_config_whole_genome_sublibs_1_to_4.json" \
          --output-dir="/scratch/link/Amplicon_barcode_analysis/HepG2_dual_rep_PA_bcwithqc/bcwithqc_output/U_L1_1" \
          --threads="2" \
          --output-format-bam \
          -vv

        "/home/link/.conda/envs/py313/bin/bcwithqc" count \
          "/scratch/link/Amplicon_barcode_analysis/HepG2_dual_rep_PA_bcwithqc/bcwithqc_output/U_L1_1" \
          --STAR-output-dir="/scratch/link/Amplicon_barcode_analysis/HepG2_dual_rep_PA_bcwithqc/bcwithqc_output/U_L1_1" \
          --config="/g/steinmetz/link/Amplicon_barcode_analysis/library/bcwithqc_config_whole_genome_sublibs_1_to_4.json" \
          --output-dir="/scratch/link/Amplicon_barcode_analysis/HepG2_dual_rep_PA_bcwithqc/bcwithqc_output/U_L1_1" \
          --threads="2" \
          -vv
          
        mkdir -p "$(dirname "/scratch/link/Amplicon_barcode_analysis/HepG2_dual_rep_PA_bcwithqc/.pipeline_state/bcwithqc_done/U_L1_1.done")"
        touch "/scratch/link/Amplicon_barcode_analysis/HepG2_dual_rep_PA_bcwithqc/.pipeline_state/bcwithqc_done/U_L1_1.done"
        
Building DAG of jobs...
Using shell: /usr/bin/bash
Provided cores: 2
Rules claiming more threads will be scaled down.
Provided resources: mem_mb=40000, mem_mib=38147, disk_mb=2226, disk_mib=2123
Select jobs to execute...
Execute 1 jobs...

[Mon Jun 29 18:50:29 2026]
localrule bcwithqc_one_sample:
    input: /scratch/link/Amplicon_barcode_analysis/HepG2_dual_rep_PA_bcwithqc/bcwithqc_symlinks/U_L1_1/U_L1_1.fastq.gz
    output: /scratch/link/Amplicon_barcode_analysis/HepG2_dual_rep_PA_bcwithqc/.pipeline_state/bcwithqc_done/U_L1_1.done
    jobid: 0
    reason: Forced execution
    wildcards: sample=U_L1_1
    threads: 2
    resources: mem_mb=40000, mem_mib=38147, disk_mb=2226, disk_mib=2123, tmpdir=/scratch/jobs/57771420, runtime=2400, slurm_account=lsteinme


        unset PYTHONPATH
        unset PYTHONHOME
        export PYTHONNOUSERSITE=1

        rm -rf "/scratch/link/Amplicon_barcode_analysis/HepG2_dual_rep_PA_bcwithqc/bcwithqc_output/U_L1_1"
        mkdir -p "/scratch/link/Amplicon_barcode_analysis/HepG2_dual_rep_PA_bcwithqc/bcwithqc_output/U_L1_1"

        "/home/link/.conda/envs/py313/bin/bcwithqc" preprocess \
          "/scratch/link/Amplicon_barcode_analysis/HepG2_dual_rep_PA_bcwithqc/bcwithqc_symlinks/U_L1_1" \
          --config="/g/steinmetz/link/Amplicon_barcode_analysis/library/bcwithqc_config_whole_genome_sublibs_1_to_4.json" \
          --output-dir="/scratch/link/Amplicon_barcode_analysis/HepG2_dual_rep_PA_bcwithqc/bcwithqc_output/U_L1_1" \
          --threads="2" \
          --output-format-bam \
          -vv

        "/home/link/.conda/envs/py313/bin/bcwithqc" count \
          "/scratch/link/Amplicon_barcode_analysis/HepG2_dual_rep_PA_bcwithqc/bcwithqc_output/U_L1_1" \
          --STAR-output-dir="/scratch/link/Amplicon_barcode_analysis/HepG2_dual_rep_PA_bcwithqc/bcwithqc_output/U_L1_1" \
          --config="/g/steinmetz/link/Amplicon_barcode_analysis/library/bcwithqc_config_whole_genome_sublibs_1_to_4.json" \
          --output-dir="/scratch/link/Amplicon_barcode_analysis/HepG2_dual_rep_PA_bcwithqc/bcwithqc_output/U_L1_1" \
          --threads="2" \
          -vv
          
        mkdir -p "$(dirname "/scratch/link/Amplicon_barcode_analysis/HepG2_dual_rep_PA_bcwithqc/.pipeline_state/bcwithqc_done/U_L1_1.done")"
        touch "/scratch/link/Amplicon_barcode_analysis/HepG2_dual_rep_PA_bcwithqc/.pipeline_state/bcwithqc_done/U_L1_1.done"
        
2026-06-29 18:50:30   Writing log to: /scratch/link/Amplicon_barcode_analysis/HepG2_dual_rep_PA_bcwithqc/bcwithqc_output/U_L1_1/bcwithqc_preprocess.log
2026-06-29 18:50:30   Files to process:
2026-06-29 18:50:30     /scratch/link/Amplicon_barcode_analysis/HepG2_dual_rep_PA_bcwithqc/bcwithqc_symlinks/U_L1_1/U_L1_1.fastq.gz
2026-06-29 18:50:30   Processing file:
2026-06-29 18:50:30     barcode fastq: /scratch/link/Amplicon_barcode_analysis/HepG2_dual_rep_PA_bcwithqc/bcwithqc_symlinks/U_L1_1/U_L1_1.fastq.gz
2026-06-29 18:50:30     sans-bc fastq: /scratch/link/Amplicon_barcode_analysis/HepG2_dual_rep_PA_bcwithqc/bcwithqc_output/U_L1_1/sans_bc_U_L1_1.fq
2026-06-29 18:50:30     tags file:     /scratch/link/Amplicon_barcode_analysis/HepG2_dual_rep_PA_bcwithqc/bcwithqc_output/U_L1_1/rec_names_and_tags1_U_L1_1.txt
2026-06-29 18:50:30   Building aligners and barcode decoders
2026-06-29 18:50:31   Processing first 10,000 for score threshold...
2026-06-29 18:50:51   Score threshold: 0.65
2026-06-29 18:50:51   Continuing...
2026-06-29 18:54:06     100,000 processed,  96,272 output
2026-06-29 18:57:21     200,000 processed,  192,575 output
2026-06-29 19:00:35     300,000 processed,  289,133 output
2026-06-29 19:03:51     400,000 processed,  385,548 output
2026-06-29 19:07:05     500,000 processed,  482,137 output
2026-06-29 19:10:20     600,000 processed,  578,572 output
2026-06-29 19:13:35     700,000 processed,  675,116 output
2026-06-29 19:16:51     800,000 processed,  771,748 output
2026-06-29 19:20:06     900,000 processed,  868,869 output
2026-06-29 19:23:22     1,000,000 processed,  966,155 output
2026-06-29 19:26:37     1,100,000 processed,  1,063,641 output
2026-06-29 19:29:53     1,200,000 processed,  1,160,969 output
2026-06-29 19:33:08     1,300,000 processed,  1,258,272 output
2026-06-29 19:36:23     1,400,000 processed,  1,354,893 output
2026-06-29 19:39:39     1,500,000 processed,  1,451,546 output
2026-06-29 19:42:53     1,600,000 processed,  1,548,361 output
2026-06-29 19:46:09     1,700,000 processed,  1,645,173 output
2026-06-29 19:49:25     1,800,000 processed,  1,741,823 output
2026-06-29 19:52:39     1,900,000 processed,  1,838,447 output
2026-06-29 19:55:54     2,000,000 processed,  1,935,263 output
2026-06-29 19:59:11     2,100,000 processed,  2,032,009 output
2026-06-29 20:02:26     2,200,000 processed,  2,128,430 output
2026-06-29 20:05:40     2,300,000 processed,  2,224,426 output
2026-06-29 20:08:54     2,400,000 processed,  2,320,806 output
2026-06-29 20:12:09     2,500,000 processed,  2,417,120 output
2026-06-29 20:15:26     2,600,000 processed,  2,513,972 output
2026-06-29 20:18:41     2,700,000 processed,  2,611,751 output
2026-06-29 20:21:55     2,800,000 processed,  2,709,626 output
2026-06-29 20:25:09     2,900,000 processed,  2,807,385 output
2026-06-29 20:28:24     3,000,000 processed,  2,905,137 output
2026-06-29 20:31:42     3,100,000 processed,  3,001,418 output
2026-06-29 20:34:56     3,200,000 processed,  3,097,709 output
2026-06-29 20:38:10     3,300,000 processed,  3,194,146 output
2026-06-29 20:41:25     3,400,000 processed,  3,290,597 output
2026-06-29 20:44:39     3,500,000 processed,  3,388,093 output
2026-06-29 20:47:53     3,600,000 processed,  3,485,827 output
2026-06-29 20:51:13     3,700,000 processed,  3,583,659 output
2026-06-29 20:54:28     3,800,000 processed,  3,681,188 output
2026-06-29 20:57:42     3,900,000 processed,  3,777,206 output
2026-06-29 21:00:57     4,000,000 processed,  3,873,362 output
2026-06-29 21:04:11     4,100,000 processed,  3,969,601 output
2026-06-29 21:07:26     4,200,000 processed,  4,065,754 output
2026-06-29 21:10:39     4,300,000 processed,  4,158,503 output
2026-06-29 21:13:52     4,400,000 processed,  4,250,320 output
2026-06-29 21:17:10     4,500,000 processed,  4,342,969 output
2026-06-29 21:20:24     4,600,000 processed,  4,435,966 output
2026-06-29 21:23:38     4,700,000 processed,  4,532,135 output
2026-06-29 21:26:52     4,800,000 processed,  4,629,822 output
2026-06-29 21:30:07     4,900,000 processed,  4,727,673 output
2026-06-29 21:33:21     5,000,000 processed,  4,825,391 output
2026-06-29 21:36:36     5,100,000 processed,  4,923,177 output
2026-06-29 21:39:50     5,200,000 processed,  5,020,956 output
2026-06-29 21:43:05     5,300,000 processed,  5,118,907 output
2026-06-29 21:46:26     5,400,000 processed,  5,215,801 output
2026-06-29 21:49:40     5,500,000 processed,  5,311,816 output
2026-06-29 21:52:54     5,600,000 processed,  5,408,381 output
2026-06-29 21:56:09     5,700,000 processed,  5,504,844 output
2026-06-29 21:59:23     5,800,000 processed,  5,602,706 output
2026-06-29 22:02:37     5,900,000 processed,  5,700,417 output
2026-06-29 22:05:52     6,000,000 processed,  5,796,478 output
2026-06-29 22:09:05     6,100,000 processed,  5,885,300 output
2026-06-29 22:12:17     6,200,000 processed,  5,973,971 output
2026-06-29 22:15:30     6,300,000 processed,  6,064,198 output
2026-06-29 22:18:44     6,400,000 processed,  6,157,952 output
2026-06-29 22:21:59     6,500,000 processed,  6,254,095 output
2026-06-29 22:25:23     6,600,000 processed,  6,350,195 output
2026-06-29 22:28:38     6,700,000 processed,  6,446,435 output
2026-06-29 22:31:53     6,800,000 processed,  6,543,872 output
2026-06-29 22:35:08     6,900,000 processed,  6,641,644 output
2026-06-29 22:38:23     7,000,000 processed,  6,739,538 output
2026-06-29 22:41:37     7,100,000 processed,  6,837,344 output
2026-06-29 22:44:52     7,200,000 processed,  6,935,027 output
2026-06-29 22:48:07     7,300,000 processed,  7,032,766 output
2026-06-29 22:51:22     7,400,000 processed,  7,130,619 output
2026-06-29 22:54:37     7,500,000 processed,  7,228,376 output
2026-06-29 22:57:52     7,600,000 processed,  7,325,905 output
2026-06-29 23:01:06     7,700,000 processed,  7,423,506 output
2026-06-29 23:04:21     7,800,000 processed,  7,521,053 output
2026-06-29 23:07:46     7,900,000 processed,  7,618,148 output
2026-06-29 23:11:00     8,000,000 processed,  7,714,319 output
2026-06-29 23:14:14     8,100,000 processed,  7,810,658 output
2026-06-29 23:17:29     8,200,000 processed,  7,906,833 output
2026-06-29 23:20:44     8,300,000 processed,  8,003,360 output
2026-06-29 23:23:58     8,400,000 processed,  8,101,083 output
2026-06-29 23:27:12     8,500,000 processed,  8,198,737 output
2026-06-29 23:30:27     8,600,000 processed,  8,296,321 output
2026-06-29 23:33:41     8,700,000 processed,  8,393,983 output
2026-06-29 23:36:56     8,800,000 processed,  8,491,513 output
2026-06-29 23:40:10     8,900,000 processed,  8,589,047 output
2026-06-29 23:43:24     9,000,000 processed,  8,686,544 output
2026-06-29 23:46:38     9,100,000 processed,  8,783,802 output
2026-06-29 23:49:52     9,200,000 processed,  8,880,742 output
2026-06-29 23:53:05     9,300,000 processed,  8,977,690 output
2026-06-29 23:56:20     9,400,000 processed,  9,074,588 output
2026-06-29 23:59:34     9,500,000 processed,  9,171,821 output
2026-06-30 00:03:00     9,600,000 processed,  9,268,210 output
2026-06-30 00:06:14     9,700,000 processed,  9,365,194 output
2026-06-30 00:09:29     9,800,000 processed,  9,461,786 output
2026-06-30 00:12:43     9,900,000 processed,  9,558,394 output
2026-06-30 00:15:57     10,000,000 processed,  9,654,709 output
2026-06-30 00:19:12     10,100,000 processed,  9,751,149 output
2026-06-30 00:22:26     10,200,000 processed,  9,848,057 output
2026-06-30 00:25:40     10,300,000 processed,  9,944,896 output
2026-06-30 00:28:54     10,400,000 processed,  10,041,828 output
2026-06-30 00:32:08     10,500,000 processed,  10,137,901 output
2026-06-30 00:35:22     10,600,000 processed,  10,233,964 output
2026-06-30 00:38:36     10,700,000 processed,  10,330,368 output
2026-06-30 00:41:51     10,800,000 processed,  10,426,491 output
2026-06-30 00:45:05     10,900,000 processed,  10,523,047 output
2026-06-30 00:48:18     11,000,000 processed,  10,619,382 output
2026-06-30 00:51:32     11,100,000 processed,  10,715,807 output
2026-06-30 00:54:46     11,200,000 processed,  10,812,433 output
2026-06-30 00:58:00     11,300,000 processed,  10,909,810 output
2026-06-30 01:01:14     11,400,000 processed,  11,007,635 output
2026-06-30 01:04:43     11,500,000 processed,  11,105,535 output
2026-06-30 01:07:57     11,600,000 processed,  11,203,096 output
2026-06-30 01:11:11     11,700,000 processed,  11,299,297 output
2026-06-30 01:14:25     11,800,000 processed,  11,395,444 output
2026-06-30 01:17:39     11,900,000 processed,  11,491,792 output
2026-06-30 01:20:53     12,000,000 processed,  11,587,393 output
2026-06-30 01:24:04     12,100,000 processed,  11,674,396 output
2026-06-30 01:27:16     12,200,000 processed,  11,762,510 output
2026-06-30 01:30:28     12,300,000 processed,  11,850,940 output
2026-06-30 01:33:41     12,400,000 processed,  11,941,418 output
2026-06-30 01:36:54     12,500,000 processed,  12,037,574 output
2026-06-30 01:40:08     12,600,000 processed,  12,133,703 output
2026-06-30 01:43:22     12,700,000 processed,  12,229,726 output
2026-06-30 01:46:36     12,800,000 processed,  12,326,011 output
2026-06-30 01:49:50     12,900,000 processed,  12,423,618 output
2026-06-30 01:53:04     13,000,000 processed,  12,521,585 output
2026-06-30 01:56:18     13,100,000 processed,  12,619,488 output
2026-06-30 01:59:32     13,200,000 processed,  12,717,355 output
2026-06-30 02:02:47     13,300,000 processed,  12,814,902 output
2026-06-30 02:06:02     13,400,000 processed,  12,912,236 output
2026-06-30 02:09:16     13,500,000 processed,  13,009,179 output
2026-06-30 02:12:30     13,600,000 processed,  13,106,117 output
2026-06-30 02:15:45     13,700,000 processed,  13,202,952 output
2026-06-30 02:18:59     13,800,000 processed,  13,300,076 output
2026-06-30 02:22:31     13,900,000 processed,  13,397,425 output
2026-06-30 02:25:46     14,000,000 processed,  13,494,680 output
2026-06-30 02:29:00     14,100,000 processed,  13,591,954 output
2026-06-30 02:32:14     14,200,000 processed,  13,689,245 output
2026-06-30 02:35:29     14,300,000 processed,  13,786,957 output
2026-06-30 02:38:43     14,400,000 processed,  13,884,771 output
2026-06-30 02:41:56     14,500,000 processed,  13,982,595 output
2026-06-30 02:45:10     14,600,000 processed,  14,080,436 output
2026-06-30 02:48:25     14,700,000 processed,  14,177,902 output
2026-06-30 02:51:39     14,800,000 processed,  14,275,093 output
2026-06-30 02:54:52     14,900,000 processed,  14,371,666 output
2026-06-30 02:58:07     15,000,000 processed,  14,468,598 output
2026-06-30 03:01:21     15,100,000 processed,  14,565,800 output
2026-06-30 03:04:35     15,200,000 processed,  14,663,504 output
2026-06-30 03:07:50     15,300,000 processed,  14,761,308 output
2026-06-30 03:11:04     15,400,000 processed,  14,858,728 output
2026-06-30 03:14:18     15,500,000 processed,  14,956,033 output
2026-06-30 03:17:32     15,600,000 processed,  15,052,990 output
2026-06-30 03:20:46     15,700,000 processed,  15,149,636 output
2026-06-30 03:24:00     15,800,000 processed,  15,246,416 output
2026-06-30 03:27:15     15,900,000 processed,  15,343,248 output
2026-06-30 03:30:29     16,000,000 processed,  15,440,917 output
2026-06-30 03:33:43     16,100,000 processed,  15,538,590 output
2026-06-30 03:36:58     16,200,000 processed,  15,636,371 output
2026-06-30 03:40:12     16,300,000 processed,  15,734,059 output
2026-06-30 03:43:27     16,400,000 processed,  15,831,528 output
2026-06-30 03:46:41     16,500,000 processed,  15,929,095 output
2026-06-30 03:49:55     16,600,000 processed,  16,026,588 output
2026-06-30 03:53:09     16,700,000 processed,  16,124,117 output
2026-06-30 03:56:45     16,800,000 processed,  16,221,554 output
2026-06-30 03:59:58     16,900,000 processed,  16,316,794 output
2026-06-30 04:03:12     17,000,000 processed,  16,410,622 output
2026-06-30 04:06:25     17,100,000 processed,  16,504,979 output
2026-06-30 04:09:38     17,200,000 processed,  16,598,902 output
2026-06-30 04:12:52     17,300,000 processed,  16,695,513 output
2026-06-30 04:16:06     17,400,000 processed,  16,793,169 output
2026-06-30 04:19:20     17,500,000 processed,  16,890,843 output
2026-06-30 04:22:34     17,600,000 processed,  16,988,481 output
2026-06-30 04:25:49     17,700,000 processed,  17,086,181 output
2026-06-30 04:29:03     17,800,000 processed,  17,183,972 output
2026-06-30 04:32:17     17,900,000 processed,  17,281,821 output
2026-06-30 04:35:31     18,000,000 processed,  17,379,626 output
2026-06-30 04:38:45     18,100,000 processed,  17,477,572 output
2026-06-30 04:41:59     18,200,000 processed,  17,575,364 output
2026-06-30 04:45:14     18,300,000 processed,  17,673,283 output
2026-06-30 04:48:28     18,400,000 processed,  17,771,198 output
2026-06-30 04:51:42     18,500,000 processed,  17,868,938 output
2026-06-30 04:54:56     18,600,000 processed,  17,966,928 output
2026-06-30 04:58:10     18,700,000 processed,  18,064,483 output
2026-06-30 05:01:25     18,800,000 processed,  18,161,888 output
2026-06-30 05:04:39     18,900,000 processed,  18,259,382 output
2026-06-30 05:07:53     19,000,000 processed,  18,356,881 output
2026-06-30 05:11:08     19,100,000 processed,  18,454,419 output
2026-06-30 05:14:22     19,200,000 processed,  18,551,720 output
2026-06-30 05:17:36     19,300,000 processed,  18,648,995 output
2026-06-30 05:20:50     19,400,000 processed,  18,746,381 output
2026-06-30 05:24:05     19,500,000 processed,  18,843,981 output
2026-06-30 05:27:19     19,600,000 processed,  18,940,408 output
2026-06-30 05:30:33     19,700,000 processed,  19,036,731 output
2026-06-30 05:33:47     19,800,000 processed,  19,133,336 output
2026-06-30 05:37:01     19,900,000 processed,  19,230,055 output
2026-06-30 05:40:15     20,000,000 processed,  19,327,297 output
2026-06-30 05:43:29     20,100,000 processed,  19,424,552 output
2026-06-30 05:46:43     20,200,000 processed,  19,522,072 output
2026-06-30 05:50:24     20,300,000 processed,  19,619,412 output
2026-06-30 05:53:38     20,400,000 processed,  19,716,362 output
2026-06-30 05:56:52     20,500,000 processed,  19,813,085 output
2026-06-30 06:00:07     20,600,000 processed,  19,909,954 output
2026-06-30 06:03:21     20,700,000 processed,  20,006,970 output
2026-06-30 06:06:35     20,800,000 processed,  20,104,007 output
2026-06-30 06:09:50     20,900,000 processed,  20,201,111 output
2026-06-30 06:13:04     21,000,000 processed,  20,298,222 output
2026-06-30 06:16:18     21,100,000 processed,  20,395,459 output
2026-06-30 06:19:32     21,200,000 processed,  20,492,102 output
2026-06-30 06:22:47     21,300,000 processed,  20,588,372 output
2026-06-30 06:26:01     21,400,000 processed,  20,684,835 output
2026-06-30 06:29:15     21,500,000 processed,  20,781,321 output
2026-06-30 06:32:30     21,600,000 processed,  20,878,246 output
2026-06-30 06:35:44     21,700,000 processed,  20,975,358 output
2026-06-30 06:38:58     21,800,000 processed,  21,072,516 output
2026-06-30 06:42:13     21,900,000 processed,  21,169,774 output
2026-06-30 06:45:28     22,000,000 processed,  21,266,647 output
2026-06-30 06:48:42     22,100,000 processed,  21,362,418 output
2026-06-30 06:51:57     22,200,000 processed,  21,458,276 output
2026-06-30 06:55:11     22,300,000 processed,  21,554,296 output
2026-06-30 06:58:25     22,400,000 processed,  21,650,397 output
2026-06-30 07:01:38     22,500,000 processed,  21,744,531 output
2026-06-30 07:04:51     22,600,000 processed,  21,838,782 output
2026-06-30 07:08:04     22,700,000 processed,  21,933,212 output
2026-06-30 07:11:18     22,800,000 processed,  22,027,524 output
2026-06-30 07:14:31     22,900,000 processed,  22,124,089 output
2026-06-30 07:17:45     23,000,000 processed,  22,222,102 output
2026-06-30 07:20:59     23,100,000 processed,  22,319,982 output
2026-06-30 07:24:12     23,200,000 processed,  22,417,909 output
2026-06-30 07:27:27     23,300,000 processed,  22,515,217 output
2026-06-30 07:30:40     23,400,000 processed,  22,612,172 output
2026-06-30 07:33:54     23,500,000 processed,  22,708,898 output
2026-06-30 07:37:08     23,600,000 processed,  22,805,628 output
2026-06-30 07:40:23     23,700,000 processed,  22,902,342 output
2026-06-30 07:43:36     23,800,000 processed,  22,999,206 output
2026-06-30 07:46:50     23,900,000 processed,  23,096,173 output
2026-06-30 07:50:04     24,000,000 processed,  23,193,109 output
2026-06-30 07:53:18     24,100,000 processed,  23,290,068 output
2026-06-30 07:56:31     24,200,000 processed,  23,387,244 output
2026-06-30 07:59:45     24,300,000 processed,  23,484,399 output
2026-06-30 08:03:30     24,400,000 processed,  23,581,584 output
2026-06-30 08:06:44     24,500,000 processed,  23,678,777 output
2026-06-30 08:09:58     24,600,000 processed,  23,775,122 output
2026-06-30 08:13:11     24,700,000 processed,  23,871,725 output
2026-06-30 08:16:25     24,800,000 processed,  23,968,186 output
2026-06-30 08:19:39     24,900,000 processed,  24,064,649 output
2026-06-30 08:22:52     25,000,000 processed,  24,161,301 output
2026-06-30 08:26:05     25,100,000 processed,  24,258,215 output
2026-06-30 08:29:18     25,200,000 processed,  24,355,038 output
2026-06-30 08:32:32     25,300,000 processed,  24,451,893 output
2026-06-30 08:35:46     25,400,000 processed,  24,548,131 output
2026-06-30 08:38:59     25,500,000 processed,  24,644,443 output
2026-06-30 08:42:13     25,600,000 processed,  24,740,607 output
2026-06-30 08:45:27     25,700,000 processed,  24,836,813 output
2026-06-30 08:48:39     25,800,000 processed,  24,929,429 output
2026-06-30 08:51:52     25,900,000 processed,  25,020,969 output
2026-06-30 08:55:04     26,000,000 processed,  25,111,516 output
2026-06-30 08:58:17     26,100,000 processed,  25,203,442 output
2026-06-30 09:01:30     26,200,000 processed,  25,301,117 output
2026-06-30 09:04:44     26,300,000 processed,  25,398,353 output
2026-06-30 09:07:57     26,400,000 processed,  25,495,571 output
2026-06-30 09:11:12     26,500,000 processed,  25,592,112 output
2026-06-30 09:14:25     26,600,000 processed,  25,688,855 output
2026-06-30 09:17:39     26,700,000 processed,  25,785,288 output
2026-06-30 09:20:52     26,800,000 processed,  25,881,578 output
2026-06-30 09:24:07     26,900,000 processed,  25,977,758 output
2026-06-30 09:27:20     27,000,000 processed,  26,074,781 output
2026-06-30 09:30:33     27,100,000 processed,  26,171,717 output
2026-06-30 09:33:47     27,200,000 processed,  26,268,854 output
2026-06-30 09:37:01     27,300,000 processed,  26,366,066 output
2026-06-30 09:40:14     27,400,000 processed,  26,460,309 output
2026-06-30 09:43:28     27,500,000 processed,  26,557,601 output
2026-06-30 09:46:41     27,600,000 processed,  26,655,555 output
2026-06-30 09:49:55     27,700,000 processed,  26,753,487 output
2026-06-30 09:53:09     27,800,000 processed,  26,851,408 output
2026-06-30 09:56:23     27,900,000 processed,  26,949,239 output
2026-06-30 09:59:37     28,000,000 processed,  27,046,851 output
2026-06-30 10:02:50     28,100,000 processed,  27,144,459 output
2026-06-30 10:06:04     28,200,000 processed,  27,242,173 output
2026-06-30 10:09:18     28,300,000 processed,  27,339,900 output
2026-06-30 10:12:32     28,400,000 processed,  27,436,701 output
2026-06-30 10:15:46     28,500,000 processed,  27,534,508 output
2026-06-30 10:19:00     28,600,000 processed,  27,632,284 output
2026-06-30 10:22:14     28,700,000 processed,  27,730,171 output
2026-06-30 10:25:28     28,800,000 processed,  27,828,086 output
2026-06-30 10:28:42     28,900,000 processed,  27,925,735 output
2026-06-30 10:31:55     29,000,000 processed,  28,021,942 output
2026-06-30 10:35:09     29,100,000 processed,  28,118,342 output
2026-06-30 10:38:22     29,200,000 processed,  28,215,033 output
2026-06-30 10:41:36     29,300,000 processed,  28,310,665 output
2026-06-30 10:44:50     29,400,000 processed,  28,406,039 output
2026-06-30 10:48:42     29,500,000 processed,  28,503,894 output
2026-06-30 10:51:56     29,600,000 processed,  28,601,620 output
2026-06-30 10:55:10     29,700,000 processed,  28,699,438 output
2026-06-30 10:58:24     29,800,000 processed,  28,797,292 output
2026-06-30 11:01:38     29,900,000 processed,  28,895,106 output
2026-06-30 11:04:52     30,000,000 processed,  28,992,739 output
2026-06-30 11:08:06     30,100,000 processed,  29,090,480 output
2026-06-30 11:11:19     30,200,000 processed,  29,188,116 output
2026-06-30 11:14:33     30,300,000 processed,  29,285,808 output
2026-06-30 11:17:47     30,400,000 processed,  29,382,751 output
2026-06-30 11:21:01     30,500,000 processed,  29,480,098 output
2026-06-30 11:24:15     30,600,000 processed,  29,577,620 output
2026-06-30 11:27:28     30,700,000 processed,  29,675,146 output
2026-06-30 11:30:43     30,800,000 processed,  29,771,906 output
2026-06-30 11:33:56     30,900,000 processed,  29,869,204 output
2026-06-30 11:37:10     31,000,000 processed,  29,966,467 output
2026-06-30 11:40:23     31,100,000 processed,  30,063,940 output
2026-06-30 11:43:37     31,200,000 processed,  30,161,588 output
2026-06-30 11:46:50     31,300,000 processed,  30,255,564 output
2026-06-30 11:49:59     31,400,000 processed,  30,332,078 output
2026-06-30 11:53:07     31,500,000 processed,  30,408,637 output
2026-06-30 11:56:16     31,600,000 processed,  30,488,372 output
2026-06-30 11:59:23     31,700,000 processed,  30,562,151 output
2026-06-30 12:02:35     31,800,000 processed,  30,651,098 output
2026-06-30 12:05:47     31,900,000 processed,  30,740,260 output
2026-06-30 12:09:00     32,000,000 processed,  30,829,838 output
2026-06-30 12:12:13     32,100,000 processed,  30,920,041 output
2026-06-30 12:15:26     32,200,000 processed,  31,009,469 output
2026-06-30 12:18:40     32,300,000 processed,  31,106,617 output
2026-06-30 12:21:54     32,400,000 processed,  31,204,053 output
2026-06-30 12:25:08     32,500,000 processed,  31,301,544 output
2026-06-30 12:28:23     32,600,000 processed,  31,399,336 output
2026-06-30 12:31:35     32,700,000 processed,  31,488,281 output
2026-06-30 12:34:47     32,800,000 processed,  31,576,638 output
2026-06-30 12:38:00     32,900,000 processed,  31,666,148 output
2026-06-30 12:41:12     33,000,000 processed,  31,755,934 output
2026-06-30 12:44:25     33,100,000 processed,  31,851,599 output
2026-06-30 12:47:39     33,200,000 processed,  31,948,890 output
2026-06-30 12:50:53     33,300,000 processed,  32,046,345 output
2026-06-30 12:54:06     33,400,000 processed,  32,143,742 output
2026-06-30 12:57:20     33,500,000 processed,  32,241,169 output
2026-06-30 13:00:33     33,600,000 processed,  32,338,408 output
2026-06-30 13:03:47     33,700,000 processed,  32,435,365 output
2026-06-30 13:07:02     33,800,000 processed,  32,532,247 output
2026-06-30 13:10:21     33,900,000 processed,  32,629,584 output
2026-06-30 13:13:39     34,000,000 processed,  32,726,797 output
2026-06-30 13:16:57     34,100,000 processed,  32,824,209 output
2026-06-30 13:20:16     34,200,000 processed,  32,921,692 output
2026-06-30 13:23:34     34,300,000 processed,  33,019,152 output
2026-06-30 13:26:53     34,400,000 processed,  33,116,794 output
2026-06-30 13:30:10     34,500,000 processed,  33,214,507 output
2026-06-30 13:33:27     34,600,000 processed,  33,312,275 output
2026-06-30 13:36:44     34,700,000 processed,  33,410,025 output
2026-06-30 13:40:00     34,800,000 processed,  33,507,759 output
2026-06-30 13:43:11     34,900,000 processed,  33,599,557 output
