Building DAG of jobs...
/g/easybuild/x86_64/Rocky/8/haswell/software/snakemake/8.16.0-foss-2023a/lib/python3.11/site-packages/snakemake/dag.py:1612: RuntimeWarning: coroutine 'DAG.sanitize_local_storage_copies' was never awaited
  self.sanitize_local_storage_copies()
RuntimeWarning: Enable tracemalloc to get the object allocation traceback
Using shell: /usr/bin/bash
Provided remote nodes: 1
Provided resources: mem_mb=500, mem_mib=477, disk_mb=1000, disk_mib=954
Select jobs to execute...
Execute 1 jobs...

[Tue Jun 30 13:30:33 2026]
rule bcwithqc_done:
    input: /g/steinmetz/link/Amplicon_barcode_analysis/snake_test/MAUDE/.pipeline_state/bcwithqc_done/I_L1_1.done, /g/steinmetz/link/Amplicon_barcode_analysis/snake_test/MAUDE/.pipeline_state/bcwithqc_done/L_L1_1.done, /g/steinmetz/link/Amplicon_barcode_analysis/snake_test/MAUDE/.pipeline_state/bcwithqc_done/U_L1_1.done
    output: /g/steinmetz/link/Amplicon_barcode_analysis/snake_test/MAUDE/.pipeline_state/05_bcwithqc.done
    jobid: 0
    reason: Forced execution
    resources: mem_mb=500, mem_mib=477, disk_mb=1000, disk_mib=954, tmpdir=<TBD>, runtime=1, slurm_account=lsteinme


        touch "/g/steinmetz/link/Amplicon_barcode_analysis/snake_test/MAUDE/.pipeline_state/05_bcwithqc.done"
        
Building DAG of jobs...
/g/easybuild/x86_64/Rocky/8/haswell/software/snakemake/8.16.0-foss-2023a/lib/python3.11/site-packages/snakemake/dag.py:1612: RuntimeWarning: coroutine 'DAG.sanitize_local_storage_copies' was never awaited
  self.sanitize_local_storage_copies()
RuntimeWarning: Enable tracemalloc to get the object allocation traceback
Using shell: /usr/bin/bash
Provided cores: 2
Rules claiming more threads will be scaled down.
Provided resources: mem_mb=500, mem_mib=477, disk_mb=1000, disk_mib=954
Select jobs to execute...
Execute 1 jobs...

[Tue Jun 30 13:30:36 2026]
localrule bcwithqc_done:
    input: /g/steinmetz/link/Amplicon_barcode_analysis/snake_test/MAUDE/.pipeline_state/bcwithqc_done/I_L1_1.done, /g/steinmetz/link/Amplicon_barcode_analysis/snake_test/MAUDE/.pipeline_state/bcwithqc_done/L_L1_1.done, /g/steinmetz/link/Amplicon_barcode_analysis/snake_test/MAUDE/.pipeline_state/bcwithqc_done/U_L1_1.done
    output: /g/steinmetz/link/Amplicon_barcode_analysis/snake_test/MAUDE/.pipeline_state/05_bcwithqc.done
    jobid: 0
    reason: Forced execution
    resources: mem_mb=500, mem_mib=477, disk_mb=1000, disk_mib=954, tmpdir=/scratch/jobs/57838690, runtime=1, slurm_account=lsteinme


        touch "/g/steinmetz/link/Amplicon_barcode_analysis/snake_test/MAUDE/.pipeline_state/05_bcwithqc.done"
        
[Tue Jun 30 13:30:36 2026]
Finished job 0.
1 of 1 steps (100%) done
Storing output in storage.
[Tue Jun 30 13:30:37 2026]
Finished job 0.
1 of 1 steps (100%) done
Storing output in storage.
