Building DAG of jobs...
Using shell: /usr/bin/bash
Provided remote nodes: 1
Provided resources: mem_mb=40000, mem_mib=38147, disk_mb=1000, disk_mib=954
Select jobs to execute...
Execute 1 jobs...

[Mon Jun 29 18:22:20 2026]
rule bcwithqc_one_sample:
    input: /scratch/link/Amplicon_barcode_analysis/HepG2_dual_rep_GALNAC_bcwithqc/bcwithqc_symlinks/I_L2_1/I_L2_1.fastq.gz
    output: /scratch/link/Amplicon_barcode_analysis/HepG2_dual_rep_GALNAC_bcwithqc/.pipeline_state/bcwithqc_done/I_L2_1.done
    jobid: 0
    reason: Forced execution
    wildcards: sample=I_L2_1
    threads: 2
    resources: mem_mb=40000, mem_mib=38147, disk_mb=1000, disk_mib=954, tmpdir=<TBD>, runtime=2400, slurm_account=lsteinme


        unset PYTHONPATH
        unset PYTHONHOME
        export PYTHONNOUSERSITE=1

        rm -rf "/scratch/link/Amplicon_barcode_analysis/HepG2_dual_rep_GALNAC_bcwithqc/bcwithqc_output/I_L2_1"
        mkdir -p "/scratch/link/Amplicon_barcode_analysis/HepG2_dual_rep_GALNAC_bcwithqc/bcwithqc_output/I_L2_1"

        "/home/link/.conda/envs/py313/bin/bcwithqc" preprocess \
          "/scratch/link/Amplicon_barcode_analysis/HepG2_dual_rep_GALNAC_bcwithqc/bcwithqc_symlinks/I_L2_1" \
          --config="/g/steinmetz/link/Amplicon_barcode_analysis/library/bcwithqc_config_whole_genome_sublibs_1_to_4.json" \
          --output-dir="/scratch/link/Amplicon_barcode_analysis/HepG2_dual_rep_GALNAC_bcwithqc/bcwithqc_output/I_L2_1" \
          --threads="2" \
          --output-format-bam \
          -vv

        "/home/link/.conda/envs/py313/bin/bcwithqc" count \
          "/scratch/link/Amplicon_barcode_analysis/HepG2_dual_rep_GALNAC_bcwithqc/bcwithqc_output/I_L2_1" \
          --STAR-output-dir="/scratch/link/Amplicon_barcode_analysis/HepG2_dual_rep_GALNAC_bcwithqc/bcwithqc_output/I_L2_1" \
          --config="/g/steinmetz/link/Amplicon_barcode_analysis/library/bcwithqc_config_whole_genome_sublibs_1_to_4.json" \
          --output-dir="/scratch/link/Amplicon_barcode_analysis/HepG2_dual_rep_GALNAC_bcwithqc/bcwithqc_output/I_L2_1" \
          --threads="2" \
          -vv
          
        mkdir -p "$(dirname "/scratch/link/Amplicon_barcode_analysis/HepG2_dual_rep_GALNAC_bcwithqc/.pipeline_state/bcwithqc_done/I_L2_1.done")"
        touch "/scratch/link/Amplicon_barcode_analysis/HepG2_dual_rep_GALNAC_bcwithqc/.pipeline_state/bcwithqc_done/I_L2_1.done"
        
Building DAG of jobs...
Using shell: /usr/bin/bash
Provided cores: 2
Rules claiming more threads will be scaled down.
Provided resources: mem_mb=40000, mem_mib=38147, disk_mb=1000, disk_mib=954
Select jobs to execute...
Execute 1 jobs...

[Mon Jun 29 18:22:22 2026]
localrule bcwithqc_one_sample:
    input: /scratch/link/Amplicon_barcode_analysis/HepG2_dual_rep_GALNAC_bcwithqc/bcwithqc_symlinks/I_L2_1/I_L2_1.fastq.gz
    output: /scratch/link/Amplicon_barcode_analysis/HepG2_dual_rep_GALNAC_bcwithqc/.pipeline_state/bcwithqc_done/I_L2_1.done
    jobid: 0
    reason: Forced execution
    wildcards: sample=I_L2_1
    threads: 2
    resources: mem_mb=40000, mem_mib=38147, disk_mb=1000, disk_mib=954, tmpdir=/scratch/jobs/57770187, runtime=2400, slurm_account=lsteinme


        unset PYTHONPATH
        unset PYTHONHOME
        export PYTHONNOUSERSITE=1

        rm -rf "/scratch/link/Amplicon_barcode_analysis/HepG2_dual_rep_GALNAC_bcwithqc/bcwithqc_output/I_L2_1"
        mkdir -p "/scratch/link/Amplicon_barcode_analysis/HepG2_dual_rep_GALNAC_bcwithqc/bcwithqc_output/I_L2_1"

        "/home/link/.conda/envs/py313/bin/bcwithqc" preprocess \
          "/scratch/link/Amplicon_barcode_analysis/HepG2_dual_rep_GALNAC_bcwithqc/bcwithqc_symlinks/I_L2_1" \
          --config="/g/steinmetz/link/Amplicon_barcode_analysis/library/bcwithqc_config_whole_genome_sublibs_1_to_4.json" \
          --output-dir="/scratch/link/Amplicon_barcode_analysis/HepG2_dual_rep_GALNAC_bcwithqc/bcwithqc_output/I_L2_1" \
          --threads="2" \
          --output-format-bam \
          -vv

        "/home/link/.conda/envs/py313/bin/bcwithqc" count \
          "/scratch/link/Amplicon_barcode_analysis/HepG2_dual_rep_GALNAC_bcwithqc/bcwithqc_output/I_L2_1" \
          --STAR-output-dir="/scratch/link/Amplicon_barcode_analysis/HepG2_dual_rep_GALNAC_bcwithqc/bcwithqc_output/I_L2_1" \
          --config="/g/steinmetz/link/Amplicon_barcode_analysis/library/bcwithqc_config_whole_genome_sublibs_1_to_4.json" \
          --output-dir="/scratch/link/Amplicon_barcode_analysis/HepG2_dual_rep_GALNAC_bcwithqc/bcwithqc_output/I_L2_1" \
          --threads="2" \
          -vv
          
        mkdir -p "$(dirname "/scratch/link/Amplicon_barcode_analysis/HepG2_dual_rep_GALNAC_bcwithqc/.pipeline_state/bcwithqc_done/I_L2_1.done")"
        touch "/scratch/link/Amplicon_barcode_analysis/HepG2_dual_rep_GALNAC_bcwithqc/.pipeline_state/bcwithqc_done/I_L2_1.done"
        
2026-06-29 18:22:23   Writing log to: /scratch/link/Amplicon_barcode_analysis/HepG2_dual_rep_GALNAC_bcwithqc/bcwithqc_output/I_L2_1/bcwithqc_preprocess.log
2026-06-29 18:22:23   Files to process:
2026-06-29 18:22:23     /scratch/link/Amplicon_barcode_analysis/HepG2_dual_rep_GALNAC_bcwithqc/bcwithqc_symlinks/I_L2_1/I_L2_1.fastq.gz
2026-06-29 18:22:23   Processing file:
2026-06-29 18:22:23     barcode fastq: /scratch/link/Amplicon_barcode_analysis/HepG2_dual_rep_GALNAC_bcwithqc/bcwithqc_symlinks/I_L2_1/I_L2_1.fastq.gz
2026-06-29 18:22:23     sans-bc fastq: /scratch/link/Amplicon_barcode_analysis/HepG2_dual_rep_GALNAC_bcwithqc/bcwithqc_output/I_L2_1/sans_bc_I_L2_1.fq
2026-06-29 18:22:23     tags file:     /scratch/link/Amplicon_barcode_analysis/HepG2_dual_rep_GALNAC_bcwithqc/bcwithqc_output/I_L2_1/rec_names_and_tags1_I_L2_1.txt
2026-06-29 18:22:23   Building aligners and barcode decoders
2026-06-29 18:22:23   Processing first 10,000 for score threshold...
2026-06-29 18:22:45   Score threshold: 0.68
2026-06-29 18:22:45   Continuing...
2026-06-29 18:26:18     100,000 processed,  98,181 output
2026-06-29 18:29:50     200,000 processed,  196,371 output
2026-06-29 18:33:23     300,000 processed,  294,481 output
[2026-06-29T18:36:32.305] error: *** STEP 57770187.0 ON smeb01-3 CANCELLED AT 2026-06-29T18:36:32 DUE to SIGNAL Terminated ***
[2026-06-29T18:36:32.306] error: *** JOB 57770187 ON smeb01-3 CANCELLED AT 2026-06-29T18:36:32 DUE to SIGNAL Terminated ***
Will exit after finishing currently running jobs (scheduler).
