Building DAG of jobs...
Using shell: /usr/bin/bash
Provided remote nodes: 1
Provided resources: mem_mb=40000, mem_mib=38147, disk_mb=1806, disk_mib=1723
Select jobs to execute...
Execute 1 jobs...

[Mon Jun 29 18:50:25 2026]
rule bcwithqc_one_sample:
    input: /scratch/link/Amplicon_barcode_analysis/HepG2_dual_rep_PA_bcwithqc/bcwithqc_symlinks/I_L2_1/I_L2_1.fastq.gz
    output: /scratch/link/Amplicon_barcode_analysis/HepG2_dual_rep_PA_bcwithqc/.pipeline_state/bcwithqc_done/I_L2_1.done
    jobid: 0
    reason: Forced execution
    wildcards: sample=I_L2_1
    threads: 2
    resources: mem_mb=40000, mem_mib=38147, disk_mb=1806, disk_mib=1723, tmpdir=<TBD>, runtime=2400, slurm_account=lsteinme


        unset PYTHONPATH
        unset PYTHONHOME
        export PYTHONNOUSERSITE=1

        rm -rf "/scratch/link/Amplicon_barcode_analysis/HepG2_dual_rep_PA_bcwithqc/bcwithqc_output/I_L2_1"
        mkdir -p "/scratch/link/Amplicon_barcode_analysis/HepG2_dual_rep_PA_bcwithqc/bcwithqc_output/I_L2_1"

        "/home/link/.conda/envs/py313/bin/bcwithqc" preprocess \
          "/scratch/link/Amplicon_barcode_analysis/HepG2_dual_rep_PA_bcwithqc/bcwithqc_symlinks/I_L2_1" \
          --config="/g/steinmetz/link/Amplicon_barcode_analysis/library/bcwithqc_config_whole_genome_sublibs_1_to_4.json" \
          --output-dir="/scratch/link/Amplicon_barcode_analysis/HepG2_dual_rep_PA_bcwithqc/bcwithqc_output/I_L2_1" \
          --threads="2" \
          --output-format-bam \
          -vv

        "/home/link/.conda/envs/py313/bin/bcwithqc" count \
          "/scratch/link/Amplicon_barcode_analysis/HepG2_dual_rep_PA_bcwithqc/bcwithqc_output/I_L2_1" \
          --STAR-output-dir="/scratch/link/Amplicon_barcode_analysis/HepG2_dual_rep_PA_bcwithqc/bcwithqc_output/I_L2_1" \
          --config="/g/steinmetz/link/Amplicon_barcode_analysis/library/bcwithqc_config_whole_genome_sublibs_1_to_4.json" \
          --output-dir="/scratch/link/Amplicon_barcode_analysis/HepG2_dual_rep_PA_bcwithqc/bcwithqc_output/I_L2_1" \
          --threads="2" \
          -vv
          
        mkdir -p "$(dirname "/scratch/link/Amplicon_barcode_analysis/HepG2_dual_rep_PA_bcwithqc/.pipeline_state/bcwithqc_done/I_L2_1.done")"
        touch "/scratch/link/Amplicon_barcode_analysis/HepG2_dual_rep_PA_bcwithqc/.pipeline_state/bcwithqc_done/I_L2_1.done"
        
Building DAG of jobs...
Using shell: /usr/bin/bash
Provided cores: 2
Rules claiming more threads will be scaled down.
Provided resources: mem_mb=40000, mem_mib=38147, disk_mb=1806, disk_mib=1723
Select jobs to execute...
Execute 1 jobs...

[Mon Jun 29 18:50:27 2026]
localrule bcwithqc_one_sample:
    input: /scratch/link/Amplicon_barcode_analysis/HepG2_dual_rep_PA_bcwithqc/bcwithqc_symlinks/I_L2_1/I_L2_1.fastq.gz
    output: /scratch/link/Amplicon_barcode_analysis/HepG2_dual_rep_PA_bcwithqc/.pipeline_state/bcwithqc_done/I_L2_1.done
    jobid: 0
    reason: Forced execution
    wildcards: sample=I_L2_1
    threads: 2
    resources: mem_mb=40000, mem_mib=38147, disk_mb=1806, disk_mib=1723, tmpdir=/scratch/jobs/57771419, runtime=2400, slurm_account=lsteinme


        unset PYTHONPATH
        unset PYTHONHOME
        export PYTHONNOUSERSITE=1

        rm -rf "/scratch/link/Amplicon_barcode_analysis/HepG2_dual_rep_PA_bcwithqc/bcwithqc_output/I_L2_1"
        mkdir -p "/scratch/link/Amplicon_barcode_analysis/HepG2_dual_rep_PA_bcwithqc/bcwithqc_output/I_L2_1"

        "/home/link/.conda/envs/py313/bin/bcwithqc" preprocess \
          "/scratch/link/Amplicon_barcode_analysis/HepG2_dual_rep_PA_bcwithqc/bcwithqc_symlinks/I_L2_1" \
          --config="/g/steinmetz/link/Amplicon_barcode_analysis/library/bcwithqc_config_whole_genome_sublibs_1_to_4.json" \
          --output-dir="/scratch/link/Amplicon_barcode_analysis/HepG2_dual_rep_PA_bcwithqc/bcwithqc_output/I_L2_1" \
          --threads="2" \
          --output-format-bam \
          -vv

        "/home/link/.conda/envs/py313/bin/bcwithqc" count \
          "/scratch/link/Amplicon_barcode_analysis/HepG2_dual_rep_PA_bcwithqc/bcwithqc_output/I_L2_1" \
          --STAR-output-dir="/scratch/link/Amplicon_barcode_analysis/HepG2_dual_rep_PA_bcwithqc/bcwithqc_output/I_L2_1" \
          --config="/g/steinmetz/link/Amplicon_barcode_analysis/library/bcwithqc_config_whole_genome_sublibs_1_to_4.json" \
          --output-dir="/scratch/link/Amplicon_barcode_analysis/HepG2_dual_rep_PA_bcwithqc/bcwithqc_output/I_L2_1" \
          --threads="2" \
          -vv
          
        mkdir -p "$(dirname "/scratch/link/Amplicon_barcode_analysis/HepG2_dual_rep_PA_bcwithqc/.pipeline_state/bcwithqc_done/I_L2_1.done")"
        touch "/scratch/link/Amplicon_barcode_analysis/HepG2_dual_rep_PA_bcwithqc/.pipeline_state/bcwithqc_done/I_L2_1.done"
        
2026-06-29 18:50:28   Writing log to: /scratch/link/Amplicon_barcode_analysis/HepG2_dual_rep_PA_bcwithqc/bcwithqc_output/I_L2_1/bcwithqc_preprocess.log
2026-06-29 18:50:28   Files to process:
2026-06-29 18:50:28     /scratch/link/Amplicon_barcode_analysis/HepG2_dual_rep_PA_bcwithqc/bcwithqc_symlinks/I_L2_1/I_L2_1.fastq.gz
2026-06-29 18:50:28   Processing file:
2026-06-29 18:50:28     barcode fastq: /scratch/link/Amplicon_barcode_analysis/HepG2_dual_rep_PA_bcwithqc/bcwithqc_symlinks/I_L2_1/I_L2_1.fastq.gz
2026-06-29 18:50:28     sans-bc fastq: /scratch/link/Amplicon_barcode_analysis/HepG2_dual_rep_PA_bcwithqc/bcwithqc_output/I_L2_1/sans_bc_I_L2_1.fq
2026-06-29 18:50:28     tags file:     /scratch/link/Amplicon_barcode_analysis/HepG2_dual_rep_PA_bcwithqc/bcwithqc_output/I_L2_1/rec_names_and_tags1_I_L2_1.txt
2026-06-29 18:50:28   Building aligners and barcode decoders
2026-06-29 18:50:29   Processing first 10,000 for score threshold...
2026-06-29 18:50:51   Score threshold: 0.67
2026-06-29 18:50:51   Continuing...
2026-06-29 18:54:24     100,000 processed,  97,031 output
2026-06-29 18:57:57     200,000 processed,  194,000 output
2026-06-29 19:01:31     300,000 processed,  290,971 output
2026-06-29 19:05:05     400,000 processed,  388,173 output
2026-06-29 19:08:39     500,000 processed,  485,133 output
2026-06-29 19:12:13     600,000 processed,  582,155 output
2026-06-29 19:15:48     700,000 processed,  679,349 output
2026-06-29 19:19:24     800,000 processed,  777,136 output
2026-06-29 19:22:59     900,000 processed,  874,903 output
2026-06-29 19:26:35     1,000,000 processed,  972,756 output
2026-06-29 19:30:10     1,100,000 processed,  1,070,226 output
2026-06-29 19:33:46     1,200,000 processed,  1,167,516 output
2026-06-29 19:37:20     1,300,000 processed,  1,264,773 output
2026-06-29 19:40:54     1,400,000 processed,  1,362,177 output
2026-06-29 19:44:29     1,500,000 processed,  1,459,354 output
2026-06-29 19:48:02     1,600,000 processed,  1,556,442 output
2026-06-29 19:51:36     1,700,000 processed,  1,653,523 output
2026-06-29 19:55:12     1,800,000 processed,  1,750,691 output
2026-06-29 19:58:45     1,900,000 processed,  1,847,672 output
2026-06-29 20:02:18     2,000,000 processed,  1,944,746 output
2026-06-29 20:05:52     2,100,000 processed,  2,041,883 output
2026-06-29 20:09:31     2,200,000 processed,  2,139,768 output
2026-06-29 20:13:08     2,300,000 processed,  2,237,771 output
2026-06-29 20:16:44     2,400,000 processed,  2,335,773 output
2026-06-29 20:20:19     2,500,000 processed,  2,433,189 output
2026-06-29 20:23:56     2,600,000 processed,  2,530,060 output
2026-06-29 20:27:30     2,700,000 processed,  2,627,207 output
2026-06-29 20:31:04     2,800,000 processed,  2,724,393 output
2026-06-29 20:34:41     2,900,000 processed,  2,822,137 output
2026-06-29 20:38:17     3,000,000 processed,  2,920,085 output
2026-06-29 20:41:57     3,100,000 processed,  3,017,961 output
2026-06-29 20:45:30     3,200,000 processed,  3,114,658 output
2026-06-29 20:49:04     3,300,000 processed,  3,211,671 output
2026-06-29 20:52:37     3,400,000 processed,  3,308,542 output
2026-06-29 20:56:12     3,500,000 processed,  3,402,926 output
2026-06-29 20:59:45     3,600,000 processed,  3,494,975 output
2026-06-29 21:03:19     3,700,000 processed,  3,587,905 output
2026-06-29 21:06:59     3,800,000 processed,  3,681,825 output
2026-06-29 21:10:35     3,900,000 processed,  3,779,196 output
2026-06-29 21:14:11     4,000,000 processed,  3,877,134 output
2026-06-29 21:17:47     4,100,000 processed,  3,974,997 output
2026-06-29 21:21:22     4,200,000 processed,  4,072,926 output
2026-06-29 21:24:58     4,300,000 processed,  4,170,974 output
2026-06-29 21:28:33     4,400,000 processed,  4,268,820 output
2026-06-29 21:32:04     4,500,000 processed,  4,365,636 output
2026-06-29 21:35:42     4,600,000 processed,  4,462,698 output
2026-06-29 21:39:16     4,700,000 processed,  4,559,956 output
2026-06-29 21:42:51     4,800,000 processed,  4,657,754 output
2026-06-29 21:46:27     4,900,000 processed,  4,755,637 output
2026-06-29 21:49:59     5,000,000 processed,  4,848,950 output
2026-06-29 21:53:31     5,100,000 processed,  4,940,795 output
2026-06-29 21:57:03     5,200,000 processed,  5,033,249 output
2026-06-29 22:00:35     5,300,000 processed,  5,129,102 output
2026-06-29 22:04:08     5,400,000 processed,  5,225,815 output
2026-06-29 22:07:48     5,500,000 processed,  5,322,527 output
2026-06-29 22:11:22     5,600,000 processed,  5,419,990 output
2026-06-29 22:14:57     5,700,000 processed,  5,517,870 output
2026-06-29 22:18:33     5,800,000 processed,  5,615,617 output
2026-06-29 22:22:09     5,900,000 processed,  5,713,535 output
2026-06-29 22:25:44     6,000,000 processed,  5,811,444 output
2026-06-29 22:29:20     6,100,000 processed,  5,909,262 output
2026-06-29 22:32:56     6,200,000 processed,  6,006,982 output
2026-06-29 22:36:31     6,300,000 processed,  6,104,592 output
2026-06-29 22:40:07     6,400,000 processed,  6,202,203 output
2026-06-29 22:43:42     6,500,000 processed,  6,299,687 output
2026-06-29 22:47:15     6,600,000 processed,  6,396,447 output
2026-06-29 22:50:56     6,700,000 processed,  6,493,169 output
2026-06-29 22:54:29     6,800,000 processed,  6,590,030 output
2026-06-29 22:58:04     6,900,000 processed,  6,687,614 output
2026-06-29 23:01:39     7,000,000 processed,  6,785,300 output
2026-06-29 23:05:14     7,100,000 processed,  6,882,944 output
2026-06-29 23:08:50     7,200,000 processed,  6,980,653 output
2026-06-29 23:12:25     7,300,000 processed,  7,078,301 output
2026-06-29 23:16:00     7,400,000 processed,  7,175,923 output
2026-06-29 23:19:36     7,500,000 processed,  7,273,180 output
2026-06-29 23:23:12     7,600,000 processed,  7,370,541 output
2026-06-29 23:26:47     7,700,000 processed,  7,467,572 output
2026-06-29 23:30:22     7,800,000 processed,  7,564,880 output
2026-06-29 23:33:57     7,900,000 processed,  7,661,477 output
2026-06-29 23:37:43     8,000,000 processed,  7,758,326 output
2026-06-29 23:41:17     8,100,000 processed,  7,855,463 output
2026-06-29 23:44:50     8,200,000 processed,  7,952,558 output
2026-06-29 23:48:23     8,300,000 processed,  8,049,276 output
2026-06-29 23:51:57     8,400,000 processed,  8,146,595 output
2026-06-29 23:55:30     8,500,000 processed,  8,243,816 output
2026-06-29 23:59:05     8,600,000 processed,  8,341,107 output
2026-06-30 00:02:38     8,700,000 processed,  8,437,930 output
2026-06-30 00:06:11     8,800,000 processed,  8,534,664 output
2026-06-30 00:09:43     8,900,000 processed,  8,631,499 output
2026-06-30 00:13:16     9,000,000 processed,  8,728,252 output
2026-06-30 00:16:49     9,100,000 processed,  8,824,863 output
2026-06-30 00:20:23     9,200,000 processed,  8,921,476 output
2026-06-30 00:23:57     9,300,000 processed,  9,018,427 output
2026-06-30 00:27:32     9,400,000 processed,  9,116,378 output
2026-06-30 00:31:07     9,500,000 processed,  9,214,267 output
2026-06-30 00:34:42     9,600,000 processed,  9,311,743 output
2026-06-30 00:38:29     9,700,000 processed,  9,408,529 output
2026-06-30 00:42:03     9,800,000 processed,  9,505,428 output
2026-06-30 00:45:37     9,900,000 processed,  9,602,100 output
2026-06-30 00:49:10     10,000,000 processed,  9,697,941 output
2026-06-30 00:52:43     10,100,000 processed,  9,793,679 output
2026-06-30 00:56:16     10,200,000 processed,  9,889,355 output
2026-06-30 00:59:49     10,300,000 processed,  9,985,560 output
2026-06-30 01:03:24     10,400,000 processed,  10,081,506 output
2026-06-30 01:06:58     10,500,000 processed,  10,177,433 output
2026-06-30 01:10:33     10,600,000 processed,  10,273,589 output
2026-06-30 01:14:09     10,700,000 processed,  10,371,751 output
2026-06-30 01:17:44     10,800,000 processed,  10,469,896 output
2026-06-30 01:21:20     10,900,000 processed,  10,567,938 output
2026-06-30 01:24:55     11,000,000 processed,  10,665,595 output
2026-06-30 01:28:29     11,100,000 processed,  10,763,079 output
2026-06-30 01:32:03     11,200,000 processed,  10,860,530 output
2026-06-30 01:35:36     11,300,000 processed,  10,957,858 output
2026-06-30 01:39:10     11,400,000 processed,  11,055,421 output
2026-06-30 01:42:45     11,500,000 processed,  11,153,109 output
2026-06-30 01:46:19     11,600,000 processed,  11,250,758 output
2026-06-30 01:50:10     11,700,000 processed,  11,348,352 output
2026-06-30 01:53:45     11,800,000 processed,  11,446,314 output
2026-06-30 01:57:21     11,900,000 processed,  11,544,385 output
2026-06-30 02:00:56     12,000,000 processed,  11,642,391 output
2026-06-30 02:04:32     12,100,000 processed,  11,740,219 output
2026-06-30 02:08:06     12,200,000 processed,  11,838,027 output
2026-06-30 02:11:40     12,300,000 processed,  11,935,276 output
2026-06-30 02:15:14     12,400,000 processed,  12,032,833 output
2026-06-30 02:18:49     12,500,000 processed,  12,130,357 output
2026-06-30 02:22:24     12,600,000 processed,  12,228,056 output
2026-06-30 02:25:59     12,700,000 processed,  12,325,478 output
2026-06-30 02:29:33     12,800,000 processed,  12,422,922 output
2026-06-30 02:33:06     12,900,000 processed,  12,520,265 output
2026-06-30 02:36:40     13,000,000 processed,  12,617,501 output
2026-06-30 02:40:14     13,100,000 processed,  12,714,811 output
2026-06-30 02:43:50     13,200,000 processed,  12,812,710 output
2026-06-30 02:47:25     13,300,000 processed,  12,910,590 output
2026-06-30 02:51:01     13,400,000 processed,  13,008,387 output
2026-06-30 02:54:37     13,500,000 processed,  13,105,928 output
2026-06-30 02:58:12     13,600,000 processed,  13,203,655 output
2026-06-30 03:01:47     13,700,000 processed,  13,301,318 output
2026-06-30 03:05:22     13,800,000 processed,  13,398,792 output
2026-06-30 03:08:57     13,900,000 processed,  13,495,604 output
2026-06-30 03:12:30     14,000,000 processed,  13,590,994 output
2026-06-30 03:16:22     14,100,000 processed,  13,686,162 output
2026-06-30 03:19:55     14,200,000 processed,  13,781,504 output
2026-06-30 03:23:30     14,300,000 processed,  13,879,489 output
2026-06-30 03:27:06     14,400,000 processed,  13,977,302 output
2026-06-30 03:30:41     14,500,000 processed,  14,074,996 output
2026-06-30 03:34:17     14,600,000 processed,  14,172,671 output
2026-06-30 03:37:53     14,700,000 processed,  14,270,599 output
2026-06-30 03:41:29     14,800,000 processed,  14,368,737 output
2026-06-30 03:45:05     14,900,000 processed,  14,466,684 output
2026-06-30 03:48:41     15,000,000 processed,  14,564,652 output
2026-06-30 03:52:17     15,100,000 processed,  14,662,726 output
2026-06-30 03:55:52     15,200,000 processed,  14,760,867 output
2026-06-30 03:59:28     15,300,000 processed,  14,858,893 output
2026-06-30 04:03:03     15,400,000 processed,  14,956,813 output
2026-06-30 04:06:38     15,500,000 processed,  15,054,574 output
2026-06-30 04:10:12     15,600,000 processed,  15,152,351 output
2026-06-30 04:13:47     15,700,000 processed,  15,250,016 output
2026-06-30 04:17:21     15,800,000 processed,  15,347,730 output
2026-06-30 04:20:56     15,900,000 processed,  15,445,405 output
2026-06-30 04:24:31     16,000,000 processed,  15,543,105 output
2026-06-30 04:28:04     16,100,000 processed,  15,640,289 output
2026-06-30 04:31:37     16,200,000 processed,  15,737,196 output
2026-06-30 04:35:10     16,300,000 processed,  15,834,079 output
2026-06-30 04:38:43     16,400,000 processed,  15,931,449 output
2026-06-30 04:42:17     16,500,000 processed,  16,029,092 output
2026-06-30 04:45:52     16,600,000 processed,  16,126,877 output
2026-06-30 04:49:27     16,700,000 processed,  16,224,532 output
2026-06-30 04:53:00     16,800,000 processed,  16,321,689 output
2026-06-30 04:56:33     16,900,000 processed,  16,418,933 output
2026-06-30 05:00:29     17,000,000 processed,  16,516,216 output
2026-06-30 05:04:03     17,100,000 processed,  16,613,647 output
2026-06-30 05:07:37     17,200,000 processed,  16,711,062 output
2026-06-30 05:11:11     17,300,000 processed,  16,808,520 output
2026-06-30 05:14:44     17,400,000 processed,  16,905,859 output
2026-06-30 05:18:16     17,500,000 processed,  17,002,652 output
2026-06-30 05:21:48     17,600,000 processed,  17,099,580 output
2026-06-30 05:25:21     17,700,000 processed,  17,196,665 output
2026-06-30 05:28:55     17,800,000 processed,  17,294,121 output
2026-06-30 05:32:29     17,900,000 processed,  17,391,594 output
2026-06-30 05:36:03     18,000,000 processed,  17,489,126 output
2026-06-30 05:39:36     18,100,000 processed,  17,586,042 output
2026-06-30 05:43:08     18,200,000 processed,  17,682,374 output
2026-06-30 05:46:40     18,300,000 processed,  17,779,072 output
2026-06-30 05:50:13     18,400,000 processed,  17,875,604 output
2026-06-30 05:53:45     18,500,000 processed,  17,970,701 output
2026-06-30 05:57:17     18,600,000 processed,  18,065,765 output
2026-06-30 06:00:49     18,700,000 processed,  18,160,908 output
2026-06-30 06:04:23     18,800,000 processed,  18,257,291 output
2026-06-30 06:07:59     18,900,000 processed,  18,355,345 output
2026-06-30 06:11:35     19,000,000 processed,  18,453,378 output
2026-06-30 06:15:11     19,100,000 processed,  18,551,433 output
2026-06-30 06:18:44     19,200,000 processed,  18,648,597 output
2026-06-30 06:22:17     19,300,000 processed,  18,745,897 output
2026-06-30 06:25:50     19,400,000 processed,  18,842,974 output
2026-06-30 06:29:23     19,500,000 processed,  18,939,960 output
2026-06-30 06:32:57     19,600,000 processed,  19,037,356 output
2026-06-30 06:36:30     19,700,000 processed,  19,134,742 output
2026-06-30 06:40:04     19,800,000 processed,  19,231,950 output
2026-06-30 06:43:39     19,900,000 processed,  19,329,657 output
2026-06-30 06:47:13     20,000,000 processed,  19,427,209 output
2026-06-30 06:50:47     20,100,000 processed,  19,524,930 output
2026-06-30 06:54:21     20,200,000 processed,  19,622,103 output
2026-06-30 06:57:54     20,300,000 processed,  19,719,253 output
2026-06-30 07:01:27     20,400,000 processed,  19,816,439 output
2026-06-30 07:05:26     20,500,000 processed,  19,913,305 output
2026-06-30 07:09:00     20,600,000 processed,  20,010,632 output
2026-06-30 07:12:33     20,700,000 processed,  20,107,830 output
2026-06-30 07:16:05     20,800,000 processed,  20,204,747 output
2026-06-30 07:19:38     20,900,000 processed,  20,301,978 output
2026-06-30 07:23:11     21,000,000 processed,  20,398,994 output
2026-06-30 07:26:44     21,100,000 processed,  20,495,792 output
2026-06-30 07:30:16     21,200,000 processed,  20,589,868 output
2026-06-30 07:33:47     21,300,000 processed,  20,683,297 output
2026-06-30 07:37:20     21,400,000 processed,  20,776,071 output
2026-06-30 07:40:53     21,500,000 processed,  20,873,524 output
2026-06-30 07:44:28     21,600,000 processed,  20,971,208 output
2026-06-30 07:48:03     21,700,000 processed,  21,068,810 output
2026-06-30 07:51:36     21,800,000 processed,  21,165,729 output
2026-06-30 07:55:09     21,900,000 processed,  21,262,584 output
2026-06-30 07:58:41     22,000,000 processed,  21,359,323 output
2026-06-30 08:02:14     22,100,000 processed,  21,456,084 output
2026-06-30 08:05:49     22,200,000 processed,  21,553,267 output
2026-06-30 08:09:24     22,300,000 processed,  21,650,528 output
2026-06-30 08:13:01     22,400,000 processed,  21,747,775 output
2026-06-30 08:16:36     22,500,000 processed,  21,842,629 output
2026-06-30 08:20:12     22,600,000 processed,  21,940,614 output
2026-06-30 08:23:48     22,700,000 processed,  22,038,568 output
2026-06-30 08:27:24     22,800,000 processed,  22,136,583 output
2026-06-30 08:31:01     22,900,000 processed,  22,234,629 output
2026-06-30 08:34:38     23,000,000 processed,  22,332,473 output
2026-06-30 08:38:16     23,100,000 processed,  22,430,390 output
2026-06-30 08:41:53     23,200,000 processed,  22,528,374 output
2026-06-30 08:45:30     23,300,000 processed,  22,626,093 output
2026-06-30 08:49:07     23,400,000 processed,  22,723,700 output
2026-06-30 08:52:43     23,500,000 processed,  22,821,645 output
2026-06-30 08:56:19     23,600,000 processed,  22,919,608 output
2026-06-30 08:59:54     23,700,000 processed,  23,017,715 output
2026-06-30 09:03:29     23,800,000 processed,  23,114,548 output
2026-06-30 09:07:04     23,900,000 processed,  23,210,965 output
2026-06-30 09:10:38     24,000,000 processed,  23,307,431 output
2026-06-30 09:14:12     24,100,000 processed,  23,403,210 output
2026-06-30 09:17:47     24,200,000 processed,  23,500,578 output
2026-06-30 09:21:23     24,300,000 processed,  23,598,470 output
2026-06-30 09:24:58     24,400,000 processed,  23,696,406 output
2026-06-30 09:28:34     24,500,000 processed,  23,794,320 output
2026-06-30 09:32:11     24,600,000 processed,  23,892,170 output
2026-06-30 09:36:18     24,700,000 processed,  23,989,934 output
2026-06-30 09:39:53     24,800,000 processed,  24,087,741 output
2026-06-30 09:43:28     24,900,000 processed,  24,185,502 output
2026-06-30 09:47:02     25,000,000 processed,  24,283,010 output
2026-06-30 09:50:37     25,100,000 processed,  24,380,799 output
2026-06-30 09:54:12     25,200,000 processed,  24,478,527 output
2026-06-30 09:57:46     25,300,000 processed,  24,575,666 output
2026-06-30 10:01:21     25,400,000 processed,  24,673,258 output
2026-06-30 10:04:56     25,500,000 processed,  24,770,941 output
2026-06-30 10:08:31     25,600,000 processed,  24,868,758 output
2026-06-30 10:12:05     25,700,000 processed,  24,964,588 output
2026-06-30 10:15:34     25,800,000 processed,  25,043,611 output
2026-06-30 10:19:04     25,900,000 processed,  25,122,796 output
2026-06-30 10:22:34     26,000,000 processed,  25,203,724 output
2026-06-30 10:26:03     26,100,000 processed,  25,284,121 output
2026-06-30 10:29:36     26,200,000 processed,  25,376,753 output
2026-06-30 10:33:09     26,300,000 processed,  25,470,169 output
2026-06-30 10:36:42     26,400,000 processed,  25,562,824 output
2026-06-30 10:40:16     26,500,000 processed,  25,657,752 output
2026-06-30 10:43:51     26,600,000 processed,  25,755,329 output
2026-06-30 10:47:27     26,700,000 processed,  25,853,110 output
2026-06-30 10:51:02     26,800,000 processed,  25,950,909 output
2026-06-30 10:54:35     26,900,000 processed,  26,041,436 output
2026-06-30 10:58:07     27,000,000 processed,  26,131,103 output
2026-06-30 11:01:39     27,100,000 processed,  26,221,206 output
2026-06-30 11:05:13     27,200,000 processed,  26,313,722 output
2026-06-30 11:08:47     27,300,000 processed,  26,411,512 output
2026-06-30 11:12:22     27,400,000 processed,  26,509,241 output
2026-06-30 11:15:57     27,500,000 processed,  26,607,016 output
2026-06-30 11:19:32     27,600,000 processed,  26,704,646 output
2026-06-30 11:23:07     27,700,000 processed,  26,802,236 output
2026-06-30 11:26:39     27,800,000 processed,  26,899,286 output
2026-06-30 11:30:14     27,900,000 processed,  26,996,892 output
2026-06-30 11:33:49     28,000,000 processed,  27,094,497 output
2026-06-30 11:37:23     28,100,000 processed,  27,192,129 output
2026-06-30 11:40:58     28,200,000 processed,  27,289,933 output
2026-06-30 11:44:34     28,300,000 processed,  27,387,694 output
2026-06-30 11:48:09     28,400,000 processed,  27,485,596 output
2026-06-30 11:51:45     28,500,000 processed,  27,583,503 output
2026-06-30 11:55:20     28,600,000 processed,  27,681,355 output
2026-06-30 11:58:56     28,700,000 processed,  27,776,469 output
2026-06-30 12:02:29     28,800,000 processed,  27,862,202 output
2026-06-30 12:06:03     28,900,000 processed,  27,948,947 output
2026-06-30 12:09:38     29,000,000 processed,  28,036,242 output
2026-06-30 12:13:18     29,100,000 processed,  28,133,894 output
2026-06-30 12:16:56     29,200,000 processed,  28,231,783 output
2026-06-30 12:20:35     29,300,000 processed,  28,329,532 output
2026-06-30 12:24:13     29,400,000 processed,  28,427,400 output
2026-06-30 12:27:50     29,500,000 processed,  28,525,150 output
2026-06-30 12:31:25     29,600,000 processed,  28,622,791 output
2026-06-30 12:35:00     29,700,000 processed,  28,720,345 output
2026-06-30 12:38:35     29,800,000 processed,  28,817,396 output
2026-06-30 12:42:49     29,900,000 processed,  28,913,343 output
2026-06-30 12:46:23     30,000,000 processed,  29,009,431 output
2026-06-30 12:49:58     30,100,000 processed,  29,105,647 output
2026-06-30 12:53:33     30,200,000 processed,  29,203,030 output
2026-06-30 12:57:08     30,300,000 processed,  29,300,761 output
2026-06-30 13:00:43     30,400,000 processed,  29,398,531 output
2026-06-30 13:04:23     30,500,000 processed,  29,496,219 output
2026-06-30 13:08:09     30,600,000 processed,  29,593,999 output
2026-06-30 13:11:55     30,700,000 processed,  29,691,944 output
2026-06-30 13:15:40     30,800,000 processed,  29,789,851 output
2026-06-30 13:19:26     30,900,000 processed,  29,887,660 output
2026-06-30 13:23:12     31,000,000 processed,  29,985,441 output
2026-06-30 13:26:58     31,100,000 processed,  30,083,013 output
2026-06-30 13:30:43     31,200,000 processed,  30,180,428 output
2026-06-30 13:34:29     31,300,000 processed,  30,277,864 output
2026-06-30 13:38:14     31,400,000 processed,  30,375,335 output
2026-06-30 13:41:59     31,500,000 processed,  30,472,788 output
2026-06-30 13:45:43     31,600,000 processed,  30,570,236 output
