Building DAG of jobs...
Using shell: /usr/bin/bash
Provided remote nodes: 1
Provided resources: mem_mb=40000, mem_mib=38147, disk_mb=2027, disk_mib=1934
Select jobs to execute...
Execute 1 jobs...

[Mon Jun 29 18:50:26 2026]
rule bcwithqc_one_sample:
    input: /scratch/link/Amplicon_barcode_analysis/HepG2_dual_rep_PA_bcwithqc/bcwithqc_symlinks/L_L1_1/L_L1_1.fastq.gz
    output: /scratch/link/Amplicon_barcode_analysis/HepG2_dual_rep_PA_bcwithqc/.pipeline_state/bcwithqc_done/L_L1_1.done
    jobid: 0
    reason: Forced execution
    wildcards: sample=L_L1_1
    threads: 2
    resources: mem_mb=40000, mem_mib=38147, disk_mb=2027, disk_mib=1934, tmpdir=<TBD>, runtime=2400, slurm_account=lsteinme


        unset PYTHONPATH
        unset PYTHONHOME
        export PYTHONNOUSERSITE=1

        rm -rf "/scratch/link/Amplicon_barcode_analysis/HepG2_dual_rep_PA_bcwithqc/bcwithqc_output/L_L1_1"
        mkdir -p "/scratch/link/Amplicon_barcode_analysis/HepG2_dual_rep_PA_bcwithqc/bcwithqc_output/L_L1_1"

        "/home/link/.conda/envs/py313/bin/bcwithqc" preprocess \
          "/scratch/link/Amplicon_barcode_analysis/HepG2_dual_rep_PA_bcwithqc/bcwithqc_symlinks/L_L1_1" \
          --config="/g/steinmetz/link/Amplicon_barcode_analysis/library/bcwithqc_config_whole_genome_sublibs_1_to_4.json" \
          --output-dir="/scratch/link/Amplicon_barcode_analysis/HepG2_dual_rep_PA_bcwithqc/bcwithqc_output/L_L1_1" \
          --threads="2" \
          --output-format-bam \
          -vv

        "/home/link/.conda/envs/py313/bin/bcwithqc" count \
          "/scratch/link/Amplicon_barcode_analysis/HepG2_dual_rep_PA_bcwithqc/bcwithqc_output/L_L1_1" \
          --STAR-output-dir="/scratch/link/Amplicon_barcode_analysis/HepG2_dual_rep_PA_bcwithqc/bcwithqc_output/L_L1_1" \
          --config="/g/steinmetz/link/Amplicon_barcode_analysis/library/bcwithqc_config_whole_genome_sublibs_1_to_4.json" \
          --output-dir="/scratch/link/Amplicon_barcode_analysis/HepG2_dual_rep_PA_bcwithqc/bcwithqc_output/L_L1_1" \
          --threads="2" \
          -vv
          
        mkdir -p "$(dirname "/scratch/link/Amplicon_barcode_analysis/HepG2_dual_rep_PA_bcwithqc/.pipeline_state/bcwithqc_done/L_L1_1.done")"
        touch "/scratch/link/Amplicon_barcode_analysis/HepG2_dual_rep_PA_bcwithqc/.pipeline_state/bcwithqc_done/L_L1_1.done"
        
Building DAG of jobs...
Using shell: /usr/bin/bash
Provided cores: 2
Rules claiming more threads will be scaled down.
Provided resources: mem_mb=40000, mem_mib=38147, disk_mb=2027, disk_mib=1934
Select jobs to execute...
Execute 1 jobs...

[Mon Jun 29 18:50:28 2026]
localrule bcwithqc_one_sample:
    input: /scratch/link/Amplicon_barcode_analysis/HepG2_dual_rep_PA_bcwithqc/bcwithqc_symlinks/L_L1_1/L_L1_1.fastq.gz
    output: /scratch/link/Amplicon_barcode_analysis/HepG2_dual_rep_PA_bcwithqc/.pipeline_state/bcwithqc_done/L_L1_1.done
    jobid: 0
    reason: Forced execution
    wildcards: sample=L_L1_1
    threads: 2
    resources: mem_mb=40000, mem_mib=38147, disk_mb=2027, disk_mib=1934, tmpdir=/scratch/jobs/57771434, runtime=2400, slurm_account=lsteinme


        unset PYTHONPATH
        unset PYTHONHOME
        export PYTHONNOUSERSITE=1

        rm -rf "/scratch/link/Amplicon_barcode_analysis/HepG2_dual_rep_PA_bcwithqc/bcwithqc_output/L_L1_1"
        mkdir -p "/scratch/link/Amplicon_barcode_analysis/HepG2_dual_rep_PA_bcwithqc/bcwithqc_output/L_L1_1"

        "/home/link/.conda/envs/py313/bin/bcwithqc" preprocess \
          "/scratch/link/Amplicon_barcode_analysis/HepG2_dual_rep_PA_bcwithqc/bcwithqc_symlinks/L_L1_1" \
          --config="/g/steinmetz/link/Amplicon_barcode_analysis/library/bcwithqc_config_whole_genome_sublibs_1_to_4.json" \
          --output-dir="/scratch/link/Amplicon_barcode_analysis/HepG2_dual_rep_PA_bcwithqc/bcwithqc_output/L_L1_1" \
          --threads="2" \
          --output-format-bam \
          -vv

        "/home/link/.conda/envs/py313/bin/bcwithqc" count \
          "/scratch/link/Amplicon_barcode_analysis/HepG2_dual_rep_PA_bcwithqc/bcwithqc_output/L_L1_1" \
          --STAR-output-dir="/scratch/link/Amplicon_barcode_analysis/HepG2_dual_rep_PA_bcwithqc/bcwithqc_output/L_L1_1" \
          --config="/g/steinmetz/link/Amplicon_barcode_analysis/library/bcwithqc_config_whole_genome_sublibs_1_to_4.json" \
          --output-dir="/scratch/link/Amplicon_barcode_analysis/HepG2_dual_rep_PA_bcwithqc/bcwithqc_output/L_L1_1" \
          --threads="2" \
          -vv
          
        mkdir -p "$(dirname "/scratch/link/Amplicon_barcode_analysis/HepG2_dual_rep_PA_bcwithqc/.pipeline_state/bcwithqc_done/L_L1_1.done")"
        touch "/scratch/link/Amplicon_barcode_analysis/HepG2_dual_rep_PA_bcwithqc/.pipeline_state/bcwithqc_done/L_L1_1.done"
        
2026-06-29 18:50:30   Writing log to: /scratch/link/Amplicon_barcode_analysis/HepG2_dual_rep_PA_bcwithqc/bcwithqc_output/L_L1_1/bcwithqc_preprocess.log
2026-06-29 18:50:30   Files to process:
2026-06-29 18:50:30     /scratch/link/Amplicon_barcode_analysis/HepG2_dual_rep_PA_bcwithqc/bcwithqc_symlinks/L_L1_1/L_L1_1.fastq.gz
2026-06-29 18:50:30   Processing file:
2026-06-29 18:50:30     barcode fastq: /scratch/link/Amplicon_barcode_analysis/HepG2_dual_rep_PA_bcwithqc/bcwithqc_symlinks/L_L1_1/L_L1_1.fastq.gz
2026-06-29 18:50:30     sans-bc fastq: /scratch/link/Amplicon_barcode_analysis/HepG2_dual_rep_PA_bcwithqc/bcwithqc_output/L_L1_1/sans_bc_L_L1_1.fq
2026-06-29 18:50:30     tags file:     /scratch/link/Amplicon_barcode_analysis/HepG2_dual_rep_PA_bcwithqc/bcwithqc_output/L_L1_1/rec_names_and_tags1_L_L1_1.txt
2026-06-29 18:50:30   Building aligners and barcode decoders
2026-06-29 18:50:31   Processing first 10,000 for score threshold...
2026-06-29 18:50:53   Score threshold: 0.60
2026-06-29 18:50:53   Continuing...
2026-06-29 18:54:34     100,000 processed,  95,046 output
2026-06-29 18:58:14     200,000 processed,  189,962 output
2026-06-29 19:01:53     300,000 processed,  284,824 output
2026-06-29 19:05:33     400,000 processed,  379,746 output
2026-06-29 19:09:12     500,000 processed,  474,583 output
2026-06-29 19:12:52     600,000 processed,  569,487 output
2026-06-29 19:16:32     700,000 processed,  664,112 output
2026-06-29 19:20:12     800,000 processed,  759,112 output
2026-06-29 19:23:51     900,000 processed,  854,393 output
2026-06-29 19:27:31     1,000,000 processed,  949,878 output
2026-06-29 19:31:11     1,100,000 processed,  1,045,123 output
2026-06-29 19:34:51     1,200,000 processed,  1,140,462 output
2026-06-29 19:38:30     1,300,000 processed,  1,235,358 output
2026-06-29 19:42:09     1,400,000 processed,  1,330,426 output
2026-06-29 19:45:50     1,500,000 processed,  1,425,423 output
2026-06-29 19:49:29     1,600,000 processed,  1,520,435 output
2026-06-29 19:53:08     1,700,000 processed,  1,615,347 output
2026-06-29 19:56:48     1,800,000 processed,  1,710,330 output
2026-06-29 20:00:27     1,900,000 processed,  1,805,420 output
2026-06-29 20:04:06     2,000,000 processed,  1,900,393 output
2026-06-29 20:07:47     2,100,000 processed,  1,995,136 output
2026-06-29 20:11:25     2,200,000 processed,  2,089,880 output
2026-06-29 20:15:04     2,300,000 processed,  2,184,662 output
2026-06-29 20:18:44     2,400,000 processed,  2,279,889 output
2026-06-29 20:22:22     2,500,000 processed,  2,375,142 output
2026-06-29 20:26:04     2,600,000 processed,  2,470,492 output
2026-06-29 20:29:43     2,700,000 processed,  2,565,904 output
2026-06-29 20:33:22     2,800,000 processed,  2,661,051 output
2026-06-29 20:37:00     2,900,000 processed,  2,755,921 output
2026-06-29 20:40:39     3,000,000 processed,  2,850,991 output
2026-06-29 20:44:21     3,100,000 processed,  2,945,868 output
2026-06-29 20:48:00     3,200,000 processed,  3,041,177 output
2026-06-29 20:51:39     3,300,000 processed,  3,136,586 output
2026-06-29 20:55:18     3,400,000 processed,  3,231,973 output
2026-06-29 20:58:57     3,500,000 processed,  3,327,357 output
2026-06-29 21:02:36     3,600,000 processed,  3,422,027 output
2026-06-29 21:06:19     3,700,000 processed,  3,516,714 output
2026-06-29 21:09:58     3,800,000 processed,  3,611,465 output
2026-06-29 21:13:36     3,900,000 processed,  3,705,537 output
2026-06-29 21:17:11     4,000,000 processed,  3,788,235 output
2026-06-29 21:20:46     4,100,000 processed,  3,869,828 output
2026-06-29 21:24:21     4,200,000 processed,  3,953,037 output
2026-06-29 21:27:58     4,300,000 processed,  4,039,759 output
2026-06-29 21:31:36     4,400,000 processed,  4,135,052 output
2026-06-29 21:35:21     4,500,000 processed,  4,230,633 output
2026-06-29 21:39:00     4,600,000 processed,  4,326,220 output
2026-06-29 21:42:39     4,700,000 processed,  4,421,807 output
2026-06-29 21:46:18     4,800,000 processed,  4,517,327 output
2026-06-29 21:49:57     4,900,000 processed,  4,612,769 output
2026-06-29 21:53:36     5,000,000 processed,  4,707,988 output
2026-06-29 21:57:15     5,100,000 processed,  4,802,763 output
2026-06-29 22:00:55     5,200,000 processed,  4,897,753 output
2026-06-29 22:04:35     5,300,000 processed,  4,992,953 output
2026-06-29 22:08:16     5,400,000 processed,  5,088,300 output
2026-06-29 22:12:05     5,500,000 processed,  5,183,733 output
2026-06-29 22:15:45     5,600,000 processed,  5,276,810 output
2026-06-29 22:19:23     5,700,000 processed,  5,367,042 output
2026-06-29 22:23:02     5,800,000 processed,  5,457,814 output
2026-06-29 22:26:42     5,900,000 processed,  5,549,298 output
2026-06-29 22:30:22     6,000,000 processed,  5,644,217 output
2026-06-29 22:34:02     6,100,000 processed,  5,739,115 output
2026-06-29 22:37:44     6,200,000 processed,  5,834,068 output
2026-06-29 22:41:26     6,300,000 processed,  5,929,205 output
2026-06-29 22:45:07     6,400,000 processed,  6,024,549 output
2026-06-29 22:48:48     6,500,000 processed,  6,119,959 output
2026-06-29 22:52:38     6,600,000 processed,  6,215,385 output
2026-06-29 22:56:19     6,700,000 processed,  6,310,571 output
2026-06-29 23:00:00     6,800,000 processed,  6,405,863 output
2026-06-29 23:03:41     6,900,000 processed,  6,501,092 output
2026-06-29 23:07:23     7,000,000 processed,  6,596,323 output
2026-06-29 23:11:04     7,100,000 processed,  6,691,757 output
2026-06-29 23:14:44     7,200,000 processed,  6,787,028 output
2026-06-29 23:18:24     7,300,000 processed,  6,882,542 output
2026-06-29 23:22:04     7,400,000 processed,  6,977,407 output
2026-06-29 23:25:44     7,500,000 processed,  7,072,084 output
2026-06-29 23:29:23     7,600,000 processed,  7,166,922 output
2026-06-29 23:33:03     7,700,000 processed,  7,261,828 output
2026-06-29 23:36:42     7,800,000 processed,  7,357,074 output
2026-06-29 23:40:21     7,900,000 processed,  7,452,460 output
2026-06-29 23:44:11     8,000,000 processed,  7,548,003 output
2026-06-29 23:47:51     8,100,000 processed,  7,643,367 output
2026-06-29 23:51:31     8,200,000 processed,  7,738,625 output
2026-06-29 23:55:11     8,300,000 processed,  7,833,920 output
2026-06-29 23:58:51     8,400,000 processed,  7,929,158 output
2026-06-30 00:02:32     8,500,000 processed,  8,024,183 output
2026-06-30 00:06:11     8,600,000 processed,  8,117,874 output
2026-06-30 00:09:50     8,700,000 processed,  8,211,843 output
2026-06-30 00:13:30     8,800,000 processed,  8,306,102 output
2026-06-30 00:17:10     8,900,000 processed,  8,400,440 output
2026-06-30 00:20:49     9,000,000 processed,  8,494,818 output
2026-06-30 00:24:29     9,100,000 processed,  8,589,762 output
2026-06-30 00:28:09     9,200,000 processed,  8,684,740 output
2026-06-30 00:31:50     9,300,000 processed,  8,779,765 output
2026-06-30 00:35:31     9,400,000 processed,  8,874,605 output
2026-06-30 00:39:11     9,500,000 processed,  8,969,737 output
2026-06-30 00:43:03     9,600,000 processed,  9,064,849 output
2026-06-30 00:46:43     9,700,000 processed,  9,160,103 output
2026-06-30 00:50:22     9,800,000 processed,  9,255,009 output
2026-06-30 00:54:02     9,900,000 processed,  9,349,611 output
2026-06-30 00:57:42     10,000,000 processed,  9,444,312 output
2026-06-30 01:01:22     10,100,000 processed,  9,538,967 output
2026-06-30 01:05:03     10,200,000 processed,  9,633,904 output
2026-06-30 01:08:44     10,300,000 processed,  9,728,798 output
2026-06-30 01:12:25     10,400,000 processed,  9,823,672 output
2026-06-30 01:16:06     10,500,000 processed,  9,918,796 output
2026-06-30 01:19:46     10,600,000 processed,  10,014,254 output
2026-06-30 01:23:25     10,700,000 processed,  10,109,620 output
2026-06-30 01:27:05     10,800,000 processed,  10,205,203 output
2026-06-30 01:30:43     10,900,000 processed,  10,300,164 output
2026-06-30 01:34:23     11,000,000 processed,  10,394,919 output
2026-06-30 01:38:02     11,100,000 processed,  10,489,713 output
2026-06-30 01:41:41     11,200,000 processed,  10,584,533 output
2026-06-30 01:45:19     11,300,000 processed,  10,678,422 output
2026-06-30 01:48:58     11,400,000 processed,  10,771,921 output
2026-06-30 01:52:36     11,500,000 processed,  10,865,688 output
2026-06-30 01:56:29     11,600,000 processed,  10,959,267 output
2026-06-30 02:00:07     11,700,000 processed,  11,052,710 output
2026-06-30 02:03:45     11,800,000 processed,  11,145,811 output
2026-06-30 02:07:23     11,900,000 processed,  11,239,065 output
2026-06-30 02:11:02     12,000,000 processed,  11,332,579 output
2026-06-30 02:14:40     12,100,000 processed,  11,428,149 output
2026-06-30 02:18:19     12,200,000 processed,  11,523,487 output
2026-06-30 02:21:58     12,300,000 processed,  11,618,991 output
2026-06-30 02:25:38     12,400,000 processed,  11,714,571 output
2026-06-30 02:29:16     12,500,000 processed,  11,809,909 output
2026-06-30 02:32:55     12,600,000 processed,  11,905,125 output
2026-06-30 02:36:34     12,700,000 processed,  12,000,127 output
2026-06-30 02:40:14     12,800,000 processed,  12,095,199 output
2026-06-30 02:43:53     12,900,000 processed,  12,190,512 output
2026-06-30 02:47:32     13,000,000 processed,  12,285,742 output
2026-06-30 02:51:11     13,100,000 processed,  12,380,990 output
2026-06-30 02:54:50     13,200,000 processed,  12,476,391 output
2026-06-30 02:58:29     13,300,000 processed,  12,571,794 output
2026-06-30 03:02:08     13,400,000 processed,  12,667,404 output
2026-06-30 03:05:47     13,500,000 processed,  12,762,782 output
2026-06-30 03:09:27     13,600,000 processed,  12,858,120 output
2026-06-30 03:13:07     13,700,000 processed,  12,953,458 output
2026-06-30 03:16:46     13,800,000 processed,  13,048,701 output
2026-06-30 03:20:24     13,900,000 processed,  13,143,698 output
2026-06-30 03:24:20     14,000,000 processed,  13,238,902 output
2026-06-30 03:27:59     14,100,000 processed,  13,334,075 output
2026-06-30 03:31:39     14,200,000 processed,  13,429,471 output
2026-06-30 03:35:18     14,300,000 processed,  13,524,712 output
2026-06-30 03:38:57     14,400,000 processed,  13,619,898 output
2026-06-30 03:42:36     14,500,000 processed,  13,715,018 output
2026-06-30 03:46:14     14,600,000 processed,  13,810,100 output
2026-06-30 03:49:53     14,700,000 processed,  13,905,112 output
2026-06-30 03:53:32     14,800,000 processed,  14,000,046 output
2026-06-30 03:57:11     14,900,000 processed,  14,095,151 output
2026-06-30 04:00:50     15,000,000 processed,  14,190,611 output
2026-06-30 04:04:29     15,100,000 processed,  14,285,834 output
2026-06-30 04:08:08     15,200,000 processed,  14,381,004 output
2026-06-30 04:11:48     15,300,000 processed,  14,475,919 output
2026-06-30 04:15:26     15,400,000 processed,  14,570,422 output
2026-06-30 04:19:05     15,500,000 processed,  14,664,633 output
2026-06-30 04:22:44     15,600,000 processed,  14,758,855 output
2026-06-30 04:26:23     15,700,000 processed,  14,852,839 output
2026-06-30 04:30:00     15,800,000 processed,  14,944,320 output
2026-06-30 04:33:37     15,900,000 processed,  15,035,579 output
2026-06-30 04:37:15     16,000,000 processed,  15,126,113 output
2026-06-30 04:40:53     16,100,000 processed,  15,218,435 output
2026-06-30 04:44:32     16,200,000 processed,  15,314,040 output
2026-06-30 04:48:11     16,300,000 processed,  15,409,573 output
2026-06-30 04:51:50     16,400,000 processed,  15,504,850 output
2026-06-30 04:55:29     16,500,000 processed,  15,600,161 output
2026-06-30 04:59:08     16,600,000 processed,  15,695,614 output
2026-06-30 05:02:47     16,700,000 processed,  15,791,036 output
2026-06-30 05:06:26     16,800,000 processed,  15,886,507 output
2026-06-30 05:10:26     16,900,000 processed,  15,982,104 output
2026-06-30 05:14:05     17,000,000 processed,  16,077,517 output
2026-06-30 05:17:44     17,100,000 processed,  16,173,147 output
2026-06-30 05:21:22     17,200,000 processed,  16,268,594 output
2026-06-30 05:25:02     17,300,000 processed,  16,364,041 output
2026-06-30 05:28:41     17,400,000 processed,  16,459,460 output
2026-06-30 05:32:20     17,500,000 processed,  16,554,848 output
2026-06-30 05:35:59     17,600,000 processed,  16,650,210 output
2026-06-30 05:39:38     17,700,000 processed,  16,745,458 output
2026-06-30 05:43:17     17,800,000 processed,  16,840,792 output
2026-06-30 05:46:56     17,900,000 processed,  16,936,041 output
2026-06-30 05:50:35     18,000,000 processed,  17,031,344 output
2026-06-30 05:54:15     18,100,000 processed,  17,126,669 output
2026-06-30 05:57:54     18,200,000 processed,  17,221,539 output
2026-06-30 06:01:32     18,300,000 processed,  17,316,337 output
2026-06-30 06:05:12     18,400,000 processed,  17,411,043 output
2026-06-30 06:08:51     18,500,000 processed,  17,506,057 output
2026-06-30 06:12:31     18,600,000 processed,  17,601,377 output
2026-06-30 06:16:10     18,700,000 processed,  17,696,847 output
2026-06-30 06:19:49     18,800,000 processed,  17,792,326 output
2026-06-30 06:23:28     18,900,000 processed,  17,887,265 output
2026-06-30 06:27:07     19,000,000 processed,  17,982,199 output
2026-06-30 06:30:46     19,100,000 processed,  18,077,176 output
2026-06-30 06:34:26     19,200,000 processed,  18,172,270 output
2026-06-30 06:38:05     19,300,000 processed,  18,267,602 output
2026-06-30 06:41:44     19,400,000 processed,  18,362,830 output
2026-06-30 06:45:23     19,500,000 processed,  18,458,087 output
2026-06-30 06:49:02     19,600,000 processed,  18,553,298 output
2026-06-30 06:52:42     19,700,000 processed,  18,648,112 output
2026-06-30 06:56:20     19,800,000 processed,  18,742,879 output
2026-06-30 07:00:00     19,900,000 processed,  18,837,935 output
2026-06-30 07:03:39     20,000,000 processed,  18,933,046 output
2026-06-30 07:07:17     20,100,000 processed,  19,028,188 output
2026-06-30 07:10:56     20,200,000 processed,  19,123,295 output
2026-06-30 07:14:36     20,300,000 processed,  19,218,545 output
2026-06-30 07:18:40     20,400,000 processed,  19,313,215 output
2026-06-30 07:22:19     20,500,000 processed,  19,408,046 output
2026-06-30 07:25:58     20,600,000 processed,  19,502,720 output
2026-06-30 07:29:38     20,700,000 processed,  19,596,613 output
2026-06-30 07:33:16     20,800,000 processed,  19,689,917 output
2026-06-30 07:36:54     20,900,000 processed,  19,782,502 output
2026-06-30 07:40:32     21,000,000 processed,  19,874,965 output
2026-06-30 07:44:11     21,100,000 processed,  19,968,357 output
2026-06-30 07:47:50     21,200,000 processed,  20,063,930 output
2026-06-30 07:51:28     21,300,000 processed,  20,159,464 output
2026-06-30 07:55:08     21,400,000 processed,  20,254,966 output
2026-06-30 07:58:47     21,500,000 processed,  20,350,005 output
2026-06-30 08:02:26     21,600,000 processed,  20,445,133 output
2026-06-30 08:06:05     21,700,000 processed,  20,540,186 output
2026-06-30 08:09:44     21,800,000 processed,  20,635,195 output
2026-06-30 08:13:24     21,900,000 processed,  20,729,954 output
2026-06-30 08:17:03     22,000,000 processed,  20,825,032 output
2026-06-30 08:20:42     22,100,000 processed,  20,920,006 output
2026-06-30 08:24:21     22,200,000 processed,  21,014,926 output
2026-06-30 08:28:00     22,300,000 processed,  21,110,046 output
2026-06-30 08:31:39     22,400,000 processed,  21,205,333 output
2026-06-30 08:35:18     22,500,000 processed,  21,300,538 output
2026-06-30 08:38:58     22,600,000 processed,  21,395,403 output
2026-06-30 08:42:36     22,700,000 processed,  21,490,414 output
2026-06-30 08:46:15     22,800,000 processed,  21,585,357 output
2026-06-30 08:49:54     22,900,000 processed,  21,680,140 output
2026-06-30 08:53:33     23,000,000 processed,  21,774,841 output
2026-06-30 08:57:11     23,100,000 processed,  21,870,007 output
2026-06-30 09:00:50     23,200,000 processed,  21,965,086 output
2026-06-30 09:04:29     23,300,000 processed,  22,059,817 output
2026-06-30 09:08:08     23,400,000 processed,  22,154,721 output
2026-06-30 09:11:46     23,500,000 processed,  22,249,638 output
2026-06-30 09:15:25     23,600,000 processed,  22,344,347 output
2026-06-30 09:19:03     23,700,000 processed,  22,437,607 output
2026-06-30 09:22:41     23,800,000 processed,  22,530,367 output
2026-06-30 09:26:19     23,900,000 processed,  22,622,438 output
2026-06-30 09:29:57     24,000,000 processed,  22,715,760 output
2026-06-30 09:33:36     24,100,000 processed,  22,811,161 output
2026-06-30 09:37:15     24,200,000 processed,  22,906,418 output
2026-06-30 09:40:54     24,300,000 processed,  23,001,780 output
2026-06-30 09:44:32     24,400,000 processed,  23,096,410 output
2026-06-30 09:48:11     24,500,000 processed,  23,191,195 output
2026-06-30 09:52:21     24,600,000 processed,  23,285,967 output
2026-06-30 09:56:00     24,700,000 processed,  23,380,748 output
2026-06-30 09:59:38     24,800,000 processed,  23,475,376 output
2026-06-30 10:03:16     24,900,000 processed,  23,570,105 output
2026-06-30 10:06:55     25,000,000 processed,  23,664,690 output
2026-06-30 10:10:34     25,100,000 processed,  23,759,477 output
2026-06-30 10:14:12     25,200,000 processed,  23,852,037 output
2026-06-30 10:17:51     25,300,000 processed,  23,947,522 output
2026-06-30 10:21:29     25,400,000 processed,  24,043,003 output
2026-06-30 10:25:08     25,500,000 processed,  24,138,550 output
2026-06-30 10:28:48     25,600,000 processed,  24,234,032 output
2026-06-30 10:32:27     25,700,000 processed,  24,329,411 output
2026-06-30 10:36:06     25,800,000 processed,  24,424,831 output
2026-06-30 10:39:45     25,900,000 processed,  24,520,239 output
2026-06-30 10:43:24     26,000,000 processed,  24,615,556 output
2026-06-30 10:47:03     26,100,000 processed,  24,710,526 output
2026-06-30 10:50:42     26,200,000 processed,  24,805,903 output
2026-06-30 10:54:21     26,300,000 processed,  24,901,190 output
2026-06-30 10:58:01     26,400,000 processed,  24,996,616 output
2026-06-30 11:01:40     26,500,000 processed,  25,091,153 output
2026-06-30 11:05:18     26,600,000 processed,  25,184,259 output
2026-06-30 11:08:59     26,700,000 processed,  25,278,065 output
2026-06-30 11:12:40     26,800,000 processed,  25,371,141 output
2026-06-30 11:16:21     26,900,000 processed,  25,463,900 output
2026-06-30 11:20:02     27,000,000 processed,  25,559,321 output
2026-06-30 11:23:43     27,100,000 processed,  25,654,666 output
2026-06-30 11:27:25     27,200,000 processed,  25,750,198 output
2026-06-30 11:31:06     27,300,000 processed,  25,845,782 output
2026-06-30 11:34:48     27,400,000 processed,  25,941,021 output
2026-06-30 11:38:29     27,500,000 processed,  26,036,433 output
2026-06-30 11:42:09     27,600,000 processed,  26,131,803 output
2026-06-30 11:45:50     27,700,000 processed,  26,227,330 output
2026-06-30 11:49:29     27,800,000 processed,  26,322,252 output
2026-06-30 11:53:10     27,900,000 processed,  26,417,523 output
2026-06-30 11:56:50     28,000,000 processed,  26,512,854 output
2026-06-30 12:00:30     28,100,000 processed,  26,608,167 output
2026-06-30 12:04:09     28,200,000 processed,  26,702,876 output
2026-06-30 12:07:49     28,300,000 processed,  26,797,984 output
2026-06-30 12:11:28     28,400,000 processed,  26,893,198 output
2026-06-30 12:15:08     28,500,000 processed,  26,988,348 output
2026-06-30 12:18:48     28,600,000 processed,  27,083,318 output
2026-06-30 12:22:22     28,700,000 processed,  27,159,727 output
2026-06-30 12:25:55     28,800,000 processed,  27,235,026 output
2026-06-30 12:29:30     28,900,000 processed,  27,310,701 output
2026-06-30 12:33:04     29,000,000 processed,  27,389,641 output
2026-06-30 12:36:41     29,100,000 processed,  27,478,602 output
2026-06-30 12:40:18     29,200,000 processed,  27,568,099 output
2026-06-30 12:43:55     29,300,000 processed,  27,656,587 output
2026-06-30 12:47:32     29,400,000 processed,  27,746,829 output
2026-06-30 12:51:11     29,500,000 processed,  27,842,025 output
2026-06-30 12:54:50     29,600,000 processed,  27,937,551 output
2026-06-30 12:59:06     29,700,000 processed,  28,032,952 output
2026-06-30 13:02:45     29,800,000 processed,  28,126,143 output
2026-06-30 13:06:21     29,900,000 processed,  28,211,952 output
2026-06-30 13:09:57     30,000,000 processed,  28,298,658 output
2026-06-30 13:13:33     30,100,000 processed,  28,385,704 output
2026-06-30 13:17:11     30,200,000 processed,  28,477,963 output
2026-06-30 13:20:50     30,300,000 processed,  28,573,052 output
2026-06-30 13:24:28     30,400,000 processed,  28,668,298 output
2026-06-30 13:28:08     30,500,000 processed,  28,763,513 output
2026-06-30 13:31:47     30,600,000 processed,  28,858,608 output
2026-06-30 13:35:26     30,700,000 processed,  28,953,815 output
2026-06-30 13:39:05     30,800,000 processed,  29,048,679 output
2026-06-30 13:42:44     30,900,000 processed,  29,143,936 output
