Building DAG of jobs...
Using shell: /usr/bin/bash
Provided remote nodes: 1
Provided resources: mem_mb=4000, mem_mib=3815, disk_mb=1711, disk_mib=1632
Select jobs to execute...
Execute 1 jobs...

[Mon Jun 29 18:15:18 2026]
rule prepare_bcwithqc_input:
    input: /scratch/link/Amplicon_barcode_analysis/HepG2_dual_rep_DCA_bcwithqc/QC_filtered/U_L3_1.fastq.gz
    output: /scratch/link/Amplicon_barcode_analysis/HepG2_dual_rep_DCA_bcwithqc/bcwithqc_symlinks/U_L3_1/U_L3_1.fastq.gz
    jobid: 0
    reason: Forced execution
    wildcards: sample=U_L3_1
    resources: mem_mb=4000, mem_mib=3815, disk_mb=1711, disk_mib=1632, tmpdir=<TBD>, runtime=10, slurm_account=lsteinme


        mkdir -p "$(dirname /scratch/link/Amplicon_barcode_analysis/HepG2_dual_rep_DCA_bcwithqc/bcwithqc_symlinks/U_L3_1/U_L3_1.fastq.gz)"
        ln -sf "$(realpath "/scratch/link/Amplicon_barcode_analysis/HepG2_dual_rep_DCA_bcwithqc/QC_filtered/U_L3_1.fastq.gz")" "/scratch/link/Amplicon_barcode_analysis/HepG2_dual_rep_DCA_bcwithqc/bcwithqc_symlinks/U_L3_1/U_L3_1.fastq.gz"
        
Building DAG of jobs...
Using shell: /usr/bin/bash
Provided cores: 2
Rules claiming more threads will be scaled down.
Provided resources: mem_mb=4000, mem_mib=3815, disk_mb=1711, disk_mib=1632
Select jobs to execute...
Execute 1 jobs...

[Mon Jun 29 18:15:29 2026]
localrule prepare_bcwithqc_input:
    input: /scratch/link/Amplicon_barcode_analysis/HepG2_dual_rep_DCA_bcwithqc/QC_filtered/U_L3_1.fastq.gz
    output: /scratch/link/Amplicon_barcode_analysis/HepG2_dual_rep_DCA_bcwithqc/bcwithqc_symlinks/U_L3_1/U_L3_1.fastq.gz
    jobid: 0
    reason: Forced execution
    wildcards: sample=U_L3_1
    resources: mem_mb=4000, mem_mib=3815, disk_mb=1711, disk_mib=1632, tmpdir=/scratch/jobs/57769681, runtime=10, slurm_account=lsteinme


        mkdir -p "$(dirname /scratch/link/Amplicon_barcode_analysis/HepG2_dual_rep_DCA_bcwithqc/bcwithqc_symlinks/U_L3_1/U_L3_1.fastq.gz)"
        ln -sf "$(realpath "/scratch/link/Amplicon_barcode_analysis/HepG2_dual_rep_DCA_bcwithqc/QC_filtered/U_L3_1.fastq.gz")" "/scratch/link/Amplicon_barcode_analysis/HepG2_dual_rep_DCA_bcwithqc/bcwithqc_symlinks/U_L3_1/U_L3_1.fastq.gz"
        
[Mon Jun 29 18:15:29 2026]
Finished job 0.
1 of 1 steps (100%) done
Storing output in storage.
[Mon Jun 29 18:15:30 2026]
Finished job 0.
1 of 1 steps (100%) done
Storing output in storage.
