Building DAG of jobs...
Using shell: /usr/bin/bash
Provided remote nodes: 1
Provided resources: mem_mb=4000, mem_mib=3815, disk_mb=1000, disk_mib=954
Select jobs to execute...
Execute 1 jobs...

[Mon Jun 29 18:12:54 2026]
checkpoint setup:
    input: config.yaml
    output: /scratch/link/Amplicon_barcode_analysis/HepG2_dual_rep_DCA_bcwithqc/.pipeline_state/resolved_config.rds, /scratch/link/Amplicon_barcode_analysis/HepG2_dual_rep_DCA_bcwithqc/.pipeline_state/resolved_config.yaml, /scratch/link/Amplicon_barcode_analysis/HepG2_dual_rep_DCA_bcwithqc/.pipeline_state/fastq_manifest.tsv, /scratch/link/Amplicon_barcode_analysis/HepG2_dual_rep_DCA_bcwithqc/.pipeline_state/01_setup.done
    jobid: 0
    reason: Forced execution
    resources: mem_mb=4000, mem_mib=3815, disk_mb=1000, disk_mib=954, tmpdir=<TBD>, runtime=10, slurm_account=lsteinme
DAG of jobs will be updated after completion.


        module load R/4.5.2-gfbf-2025b
        # export R_LIBS=/g/steinmetz/link/R-libs/x86_64-pc-linux-gnu/jupyterhub-ubuntu-24.04/4.5.2:/g/steinmetz/link/R-libs/x86_64-pc-linux-gnu/jupyterhub-ubuntu-22.04/4.4.1
        export R_LIBS_USER=/g/steinmetz/link/R-libs/x86_64-pc-linux-gnu/4.5.2
        Rscript --vanilla R/cli_setup.R config.yaml
        
Building DAG of jobs...
Using shell: /usr/bin/bash
Provided cores: 2
Rules claiming more threads will be scaled down.
Provided resources: mem_mb=4000, mem_mib=3815, disk_mb=1000, disk_mib=954
Select jobs to execute...
Execute 1 jobs...

[Mon Jun 29 18:12:56 2026]
localcheckpoint setup:
    input: config.yaml
    output: /scratch/link/Amplicon_barcode_analysis/HepG2_dual_rep_DCA_bcwithqc/.pipeline_state/resolved_config.rds, /scratch/link/Amplicon_barcode_analysis/HepG2_dual_rep_DCA_bcwithqc/.pipeline_state/resolved_config.yaml, /scratch/link/Amplicon_barcode_analysis/HepG2_dual_rep_DCA_bcwithqc/.pipeline_state/fastq_manifest.tsv, /scratch/link/Amplicon_barcode_analysis/HepG2_dual_rep_DCA_bcwithqc/.pipeline_state/01_setup.done
    jobid: 0
    reason: Forced execution
    resources: mem_mb=4000, mem_mib=3815, disk_mb=1000, disk_mib=954, tmpdir=/scratch/jobs/57769590, runtime=10, slurm_account=lsteinme
DAG of jobs will be updated after completion.


        module load R/4.5.2-gfbf-2025b
        # export R_LIBS=/g/steinmetz/link/R-libs/x86_64-pc-linux-gnu/jupyterhub-ubuntu-24.04/4.5.2:/g/steinmetz/link/R-libs/x86_64-pc-linux-gnu/jupyterhub-ubuntu-22.04/4.4.1
        export R_LIBS_USER=/g/steinmetz/link/R-libs/x86_64-pc-linux-gnu/4.5.2
        Rscript --vanilla R/cli_setup.R config.yaml
        

The following have been reloaded with a version change:
  1) FFTW/3.3.10-GCC-12.3.0 => FFTW/3.3.10-GCC-14.3.0
  2) FlexiBLAS/3.3.1-GCC-12.3.0 => FlexiBLAS/3.4.5-GCC-14.3.0
  3) GCC/12.3.0 => GCC/14.3.0
  4) GCCcore/12.3.0 => GCCcore/14.3.0
  5) GMP/6.2.1-GCCcore-12.3.0 => GMP/6.3.0-GCCcore-14.3.0
  6) OpenBLAS/0.3.23-GCC-12.3.0 => OpenBLAS/0.3.30-GCC-14.3.0
  7) OpenSSL/1.1 => OpenSSL/3
  8) Python/3.11.3-GCCcore-12.3.0 => Python/3.13.5-GCCcore-14.3.0
  9) SQLite/3.42.0-GCCcore-12.3.0 => SQLite/3.50.1-GCCcore-14.3.0
 10) Tcl/8.6.13-GCCcore-12.3.0 => Tcl/9.0.1-GCCcore-14.3.0
 11) XZ/5.4.2-GCCcore-12.3.0 => XZ/5.8.1-GCCcore-14.3.0
 12) binutils/2.40-GCCcore-12.3.0 => binutils/2.44-GCCcore-14.3.0
 13) bzip2/1.0.8-GCCcore-12.3.0 => bzip2/1.0.8-GCCcore-14.3.0
 14) cURL/8.0.1-GCCcore-12.3.0 => cURL/8.14.1-GCCcore-14.3.0
 15) expat/2.5.0-GCCcore-12.3.0 => expat/2.7.1-GCCcore-14.3.0
 16) gettext/0.21.1-GCCcore-12.3.0 => gettext/0.25-GCCcore-14.3.0
 17) gfbf/2023a => gfbf/2025b
 18) libffi/3.4.4-GCCcore-12.3.0 => libffi/3.5.1-GCCcore-14.3.0
 19) libpciaccess/0.17-GCCcore-12.3.0 => libpciaccess/0.18.1-GCCcore-14.3.0
 20) libreadline/8.2-GCCcore-12.3.0 => libreadline/8.2-GCCcore-14.3.0
 21) libxml2/2.11.4-GCCcore-12.3.0 => libxml2/2.14.3-GCCcore-14.3.0
 22) ncurses/6.4-GCCcore-12.3.0 => ncurses/6.5-GCCcore-14.3.0
 23) util-linux/2.39-GCCcore-12.3.0 => util-linux/2.41-GCCcore-14.3.0
 24) zlib/1.2.13-GCCcore-12.3.0 => zlib/1.3.1-GCCcore-14.3.0


Using config file: /home/link/Amplicon_barcode_analysis/Lukas_Pipeline/binned_PCR_amplicon_UMI_analysis/config.yaml
2026-06-29 18:13:07 [INFO] Logger initialized. Find log file at: /scratch/link/Amplicon_barcode_analysis/HepG2_dual_rep_DCA_bcwithqc/logs/2026-06-29_18-13-07_01_setup.log
2026-06-29 18:13:07 [WARN] Multiple possible columns found for 'gene_symbol': gene, symbol. Using 'gene'.
2026-06-29 18:13:08 [INFO] ==========================================================
2026-06-29 18:13:08 [INFO] Project setup options
2026-06-29 18:13:08 [INFO] ==========================================================
2026-06-29 18:13:08 [INFO] start_with:                        beginning
2026-06-29 18:13:08 [INFO] machine:                           slurm
2026-06-29 18:13:08 [INFO] setup_mode:                        setup
2026-06-29 18:13:08 [INFO] ----------------------------------------------------------
2026-06-29 18:13:08 [INFO] output_folder:                     /scratch/link/Amplicon_barcode_analysis/HepG2_dual_rep_DCA_bcwithqc
2026-06-29 18:13:08 [INFO] input_folder:                      /g/steinmetz/link/Amplicon_barcode_analysis/HepG2_dual_rep_DCA/QC_filtered
2026-06-29 18:13:08 [INFO] library_path:                      /g/steinmetz/link/Amplicon_barcode_analysis/library/whole_genome_sublibs_1_to_4_merged_sgRNA_df.rds
2026-06-29 18:13:08 [INFO] star_index_folder:                 /scratch/link/Amplicon_barcode_analysis/HepG2_dual_rep_DCA_bcwithqc/star_index
2026-06-29 18:13:08 [INFO] fastq_name_table_xlsx:             
2026-06-29 18:13:08 [INFO] strict_file_match:                 TRUE
2026-06-29 18:13:08 [INFO] ----------------------------------------------------------
2026-06-29 18:13:08 [INFO] bcwithqc_bin:                      /home/link/.conda/envs/py313/bin/bcwithqc
2026-06-29 18:13:08 [INFO] bcwithqc_dir:                      
2026-06-29 18:13:08 [INFO] bcwithqc_config_path:              /g/steinmetz/link/Amplicon_barcode_analysis/library/bcwithqc_config_whole_genome_sublibs_1_to_4.json
2026-06-29 18:13:08 [INFO] UMI_regex:                         
2026-06-29 18:13:08 [INFO] ----------------------------------------------------------
2026-06-29 18:13:08 [INFO] skip_list:                         
2026-06-29 18:13:08 [INFO] skip_list_sublib:                  
2026-06-29 18:13:08 [INFO] skip_list_sample:                  
2026-06-29 18:13:08 [INFO] include_controls_list:             EGFP, AAVS1_9, AAVS1_13, AAVS1_18, AAVS1_19, AAVS1_25, AAVS1_35
2026-06-29 18:13:08 [INFO] use_only_these_controls_list:      <not set>
2026-06-29 18:13:08 [INFO] ----------------------------------------------------------
2026-06-29 18:13:08 [INFO] read_counting:                     bcwithqc
2026-06-29 18:13:08 [INFO] data_type:                         reads
2026-06-29 18:13:08 [INFO] method:                            
2026-06-29 18:13:08 [INFO] norm_method:                       control_median
2026-06-29 18:13:08 [INFO] combine_for_guide_stats:           sample
2026-06-29 18:13:08 [INFO] combine_for_gene_stats:            none
2026-06-29 18:13:08 [INFO] ----------------------------------------------------------
2026-06-29 18:13:08 [INFO] recover_input:                     TRUE
2026-06-29 18:13:08 [INFO] subsample_controls:                FALSE
2026-06-29 18:13:08 [INFO] use_custom_bins:                   FALSE
2026-06-29 18:13:08 [INFO] same_controls_in_all_sublibraries: TRUE
2026-06-29 18:13:08 [INFO] ----------------------------------------------------------
2026-06-29 18:13:08 [INFO] drop_0s:                           FALSE
2026-06-29 18:13:08 [INFO] strict_mode:                       FALSE
2026-06-29 18:13:08 [INFO] min_guides_per_gene:               0
2026-06-29 18:13:08 [INFO] auto_combine_replicates:           FALSE
2026-06-29 18:13:08 [INFO] ----------------------------------------------------------
2026-06-29 18:13:08 [INFO] slurm_account:                     lsteinme
2026-06-29 18:13:08 [INFO] slurm_qos:                         normal
2026-06-29 18:13:08 [INFO] slurm_cpus:                        10
2026-06-29 18:13:08 [INFO] slurm_mem:                         80g
2026-06-29 18:13:08 [INFO] slurm_wall_time:                   60:00:00
2026-06-29 18:13:08 [INFO] slurm_partition:                   
2026-06-29 18:13:08 [INFO] slurm_array:                       12
2026-06-29 18:13:08 [INFO] slurm_email:                       
2026-06-29 18:13:08 [INFO] ----------------------------------------------------------
2026-06-29 18:13:08 [INFO] file_suffix:                       _bcwithqc_reads_control_median_RI_comb_sample_comb_none.rds
2026-06-29 18:13:08 [INFO] file_info_suffix:                  bcwithqc_reads_control_median_RI_comb_sample_comb_none
2026-06-29 18:13:08 [INFO] log_file:                          /scratch/link/Amplicon_barcode_analysis/HepG2_dual_rep_DCA_bcwithqc/logs/2026-06-29_18-13-07_01_setup.log
2026-06-29 18:13:08 [INFO] log_file:                          /scratch/link/Amplicon_barcode_analysis/HepG2_dual_rep_DCA_bcwithqc/logs/2026-06-29_18-13-07_02_QC_filtering.log
2026-06-29 18:13:08 [INFO] log_file:                          /scratch/link/Amplicon_barcode_analysis/HepG2_dual_rep_DCA_bcwithqc/logs/2026-06-29_18-13-07_03_MAUDE_and_plot.log
2026-06-29 18:13:08 [INFO] Creating symlinks of input files...
2026-06-29 18:13:08 [INFO] Using standardized FASTQ folder:  /scratch/link/Amplicon_barcode_analysis/HepG2_dual_rep_DCA_bcwithqc/fastq_symlinks
2026-06-29 18:13:08 [INFO] FASTQ manifest written to:  /scratch/link/Amplicon_barcode_analysis/HepG2_dual_rep_DCA_bcwithqc/.pipeline_state/fastq_manifest.tsv
2026-06-29 18:13:08 [INFO] Finished creating symlinks of input files.
2026-06-29 18:13:09 [INFO] Setup complete.
2026-06-29 18:13:09 [INFO] Project root: /home/link/Amplicon_barcode_analysis/Lukas_Pipeline/binned_PCR_amplicon_UMI_analysis
2026-06-29 18:13:09 [INFO] Config path: /home/link/Amplicon_barcode_analysis/Lukas_Pipeline/binned_PCR_amplicon_UMI_analysis/config.yaml
2026-06-29 18:13:09 [INFO] Resolved cfg: /scratch/link/Amplicon_barcode_analysis/HepG2_dual_rep_DCA_bcwithqc/.pipeline_state/resolved_config.rds
[Mon Jun 29 18:13:09 2026]
Finished job 0.
1 of 1 steps (100%) done
Storing output in storage.
[Mon Jun 29 18:13:10 2026]
Finished job 0.
1 of 1 steps (100%) done
Storing output in storage.
