Building DAG of jobs...
Using shell: /usr/bin/bash
Provided remote nodes: 1
Provided resources: mem_mb=40000, mem_mib=38147, disk_mb=1328, disk_mib=1267
Select jobs to execute...
Execute 1 jobs...

[Mon Jun 29 18:21:48 2026]
rule bcwithqc_one_sample:
    input: /scratch/link/Amplicon_barcode_analysis/HepG2_dual_rep_GALNAC_bcwithqc/bcwithqc_symlinks/L_L4_1/L_L4_1.fastq.gz
    output: /scratch/link/Amplicon_barcode_analysis/HepG2_dual_rep_GALNAC_bcwithqc/.pipeline_state/bcwithqc_done/L_L4_1.done
    jobid: 0
    reason: Forced execution
    wildcards: sample=L_L4_1
    threads: 2
    resources: mem_mb=40000, mem_mib=38147, disk_mb=1328, disk_mib=1267, tmpdir=<TBD>, runtime=2400, slurm_account=lsteinme


        unset PYTHONPATH
        unset PYTHONHOME
        export PYTHONNOUSERSITE=1

        rm -rf "/scratch/link/Amplicon_barcode_analysis/HepG2_dual_rep_GALNAC_bcwithqc/bcwithqc_output/L_L4_1"
        mkdir -p "/scratch/link/Amplicon_barcode_analysis/HepG2_dual_rep_GALNAC_bcwithqc/bcwithqc_output/L_L4_1"

        "/home/link/.conda/envs/py313/bin/bcwithqc" preprocess \
          "/scratch/link/Amplicon_barcode_analysis/HepG2_dual_rep_GALNAC_bcwithqc/bcwithqc_symlinks/L_L4_1" \
          --config="/g/steinmetz/link/Amplicon_barcode_analysis/library/bcwithqc_config_whole_genome_sublibs_1_to_4.json" \
          --output-dir="/scratch/link/Amplicon_barcode_analysis/HepG2_dual_rep_GALNAC_bcwithqc/bcwithqc_output/L_L4_1" \
          --threads="2" \
          --output-format-bam \
          -vv

        "/home/link/.conda/envs/py313/bin/bcwithqc" count \
          "/scratch/link/Amplicon_barcode_analysis/HepG2_dual_rep_GALNAC_bcwithqc/bcwithqc_output/L_L4_1" \
          --STAR-output-dir="/scratch/link/Amplicon_barcode_analysis/HepG2_dual_rep_GALNAC_bcwithqc/bcwithqc_output/L_L4_1" \
          --config="/g/steinmetz/link/Amplicon_barcode_analysis/library/bcwithqc_config_whole_genome_sublibs_1_to_4.json" \
          --output-dir="/scratch/link/Amplicon_barcode_analysis/HepG2_dual_rep_GALNAC_bcwithqc/bcwithqc_output/L_L4_1" \
          --threads="2" \
          -vv
          
        mkdir -p "$(dirname "/scratch/link/Amplicon_barcode_analysis/HepG2_dual_rep_GALNAC_bcwithqc/.pipeline_state/bcwithqc_done/L_L4_1.done")"
        touch "/scratch/link/Amplicon_barcode_analysis/HepG2_dual_rep_GALNAC_bcwithqc/.pipeline_state/bcwithqc_done/L_L4_1.done"
        
Building DAG of jobs...
Using shell: /usr/bin/bash
Provided cores: 2
Rules claiming more threads will be scaled down.
Provided resources: mem_mb=40000, mem_mib=38147, disk_mb=1328, disk_mib=1267
Select jobs to execute...
Execute 1 jobs...

[Mon Jun 29 18:21:51 2026]
localrule bcwithqc_one_sample:
    input: /scratch/link/Amplicon_barcode_analysis/HepG2_dual_rep_GALNAC_bcwithqc/bcwithqc_symlinks/L_L4_1/L_L4_1.fastq.gz
    output: /scratch/link/Amplicon_barcode_analysis/HepG2_dual_rep_GALNAC_bcwithqc/.pipeline_state/bcwithqc_done/L_L4_1.done
    jobid: 0
    reason: Forced execution
    wildcards: sample=L_L4_1
    threads: 2
    resources: mem_mb=40000, mem_mib=38147, disk_mb=1328, disk_mib=1267, tmpdir=/scratch/jobs/57770118, runtime=2400, slurm_account=lsteinme


        unset PYTHONPATH
        unset PYTHONHOME
        export PYTHONNOUSERSITE=1

        rm -rf "/scratch/link/Amplicon_barcode_analysis/HepG2_dual_rep_GALNAC_bcwithqc/bcwithqc_output/L_L4_1"
        mkdir -p "/scratch/link/Amplicon_barcode_analysis/HepG2_dual_rep_GALNAC_bcwithqc/bcwithqc_output/L_L4_1"

        "/home/link/.conda/envs/py313/bin/bcwithqc" preprocess \
          "/scratch/link/Amplicon_barcode_analysis/HepG2_dual_rep_GALNAC_bcwithqc/bcwithqc_symlinks/L_L4_1" \
          --config="/g/steinmetz/link/Amplicon_barcode_analysis/library/bcwithqc_config_whole_genome_sublibs_1_to_4.json" \
          --output-dir="/scratch/link/Amplicon_barcode_analysis/HepG2_dual_rep_GALNAC_bcwithqc/bcwithqc_output/L_L4_1" \
          --threads="2" \
          --output-format-bam \
          -vv

        "/home/link/.conda/envs/py313/bin/bcwithqc" count \
          "/scratch/link/Amplicon_barcode_analysis/HepG2_dual_rep_GALNAC_bcwithqc/bcwithqc_output/L_L4_1" \
          --STAR-output-dir="/scratch/link/Amplicon_barcode_analysis/HepG2_dual_rep_GALNAC_bcwithqc/bcwithqc_output/L_L4_1" \
          --config="/g/steinmetz/link/Amplicon_barcode_analysis/library/bcwithqc_config_whole_genome_sublibs_1_to_4.json" \
          --output-dir="/scratch/link/Amplicon_barcode_analysis/HepG2_dual_rep_GALNAC_bcwithqc/bcwithqc_output/L_L4_1" \
          --threads="2" \
          -vv
          
        mkdir -p "$(dirname "/scratch/link/Amplicon_barcode_analysis/HepG2_dual_rep_GALNAC_bcwithqc/.pipeline_state/bcwithqc_done/L_L4_1.done")"
        touch "/scratch/link/Amplicon_barcode_analysis/HepG2_dual_rep_GALNAC_bcwithqc/.pipeline_state/bcwithqc_done/L_L4_1.done"
        
2026-06-29 18:21:53   Writing log to: /scratch/link/Amplicon_barcode_analysis/HepG2_dual_rep_GALNAC_bcwithqc/bcwithqc_output/L_L4_1/bcwithqc_preprocess.log
2026-06-29 18:21:53   Files to process:
2026-06-29 18:21:53     /scratch/link/Amplicon_barcode_analysis/HepG2_dual_rep_GALNAC_bcwithqc/bcwithqc_symlinks/L_L4_1/L_L4_1.fastq.gz
2026-06-29 18:21:53   Processing file:
2026-06-29 18:21:53     barcode fastq: /scratch/link/Amplicon_barcode_analysis/HepG2_dual_rep_GALNAC_bcwithqc/bcwithqc_symlinks/L_L4_1/L_L4_1.fastq.gz
2026-06-29 18:21:53     sans-bc fastq: /scratch/link/Amplicon_barcode_analysis/HepG2_dual_rep_GALNAC_bcwithqc/bcwithqc_output/L_L4_1/sans_bc_L_L4_1.fq
2026-06-29 18:21:53     tags file:     /scratch/link/Amplicon_barcode_analysis/HepG2_dual_rep_GALNAC_bcwithqc/bcwithqc_output/L_L4_1/rec_names_and_tags1_L_L4_1.txt
2026-06-29 18:21:53   Building aligners and barcode decoders
2026-06-29 18:21:53   Processing first 10,000 for score threshold...
2026-06-29 18:22:10   Score threshold: 0.68
2026-06-29 18:22:10   Continuing...
2026-06-29 18:24:58     100,000 processed,  95,538 output
2026-06-29 18:27:45     200,000 processed,  190,841 output
2026-06-29 18:30:32     300,000 processed,  285,471 output
2026-06-29 18:33:20     400,000 processed,  380,412 output
2026-06-29 18:36:07     500,000 processed,  475,776 output
[2026-06-29T18:37:22.743] error: *** JOB 57770118 ON smeb02-3 CANCELLED AT 2026-06-29T18:37:22 DUE to SIGNAL Terminated ***
[2026-06-29T18:37:22.750] error: *** STEP 57770118.0 ON smeb02-3 CANCELLED AT 2026-06-29T18:37:22 DUE to SIGNAL Terminated ***
Will exit after finishing currently running jobs (scheduler).
srun: Job step aborted: Waiting up to 242 seconds for job step to finish.
