INFO [2026-06-09 09:08:04] $x
INFO [2026-06-09 09:08:04] list(our_hits = our_hits, roche_hits = roche_hits)
INFO [2026-06-09 09:08:04] 
INFO [2026-06-09 09:08:04] $filename
INFO [2026-06-09 09:08:04] NULL
INFO [2026-06-09 09:08:04] 
INFO [2026-06-09 09:08:04] $fill
INFO [2026-06-09 09:08:04] c("purple", "cyan")
INFO [2026-06-09 09:08:04] 
INFO [2026-06-09 09:08:04] $alpha
INFO [2026-06-09 09:08:04] [1] 0.5
INFO [2026-06-09 09:08:04] 
INFO [2026-06-09 09:08:04] $cex
INFO [2026-06-09 09:08:04] [1] 1.5
INFO [2026-06-09 09:08:04] 
INFO [2026-06-09 09:08:04] $cat.pos
INFO [2026-06-09 09:08:04] c(0, 0)
INFO [2026-06-09 09:08:04] 
INFO [2026-06-09 09:08:04] $cat.dist
INFO [2026-06-09 09:08:04] c(0.05, 0.05)
INFO [2026-06-09 09:08:04] 
INFO [2026-06-09 09:08:04] $cat.cex
INFO [2026-06-09 09:08:04] [1] 1.5
INFO [2026-06-09 09:08:04] 
