INFO [2026-06-09 09:14:57] $x
INFO [2026-06-09 09:14:57] list(our_hits = our_hits, roche_hits = roche_hits)
INFO [2026-06-09 09:14:57] 
INFO [2026-06-09 09:14:57] $filename
INFO [2026-06-09 09:14:57] NULL
INFO [2026-06-09 09:14:57] 
INFO [2026-06-09 09:14:57] $fill
INFO [2026-06-09 09:14:57] c("purple", "cyan")
INFO [2026-06-09 09:14:57] 
INFO [2026-06-09 09:14:57] $alpha
INFO [2026-06-09 09:14:57] [1] 0.5
INFO [2026-06-09 09:14:57] 
INFO [2026-06-09 09:14:57] $cex
INFO [2026-06-09 09:14:57] [1] 1.5
INFO [2026-06-09 09:14:57] 
INFO [2026-06-09 09:14:57] $cat.pos
INFO [2026-06-09 09:14:57] c(0, 0)
INFO [2026-06-09 09:14:57] 
INFO [2026-06-09 09:14:57] $cat.dist
INFO [2026-06-09 09:14:57] c(0.05, 0.05)
INFO [2026-06-09 09:14:57] 
INFO [2026-06-09 09:14:57] $cat.cex
INFO [2026-06-09 09:14:57] [1] 1.5
INFO [2026-06-09 09:14:57] 
