Building DAG of jobs...
SLURM run ID: eeabfc38-271c-41e2-9229-350b5327236a
Using shell: /usr/bin/bash
Provided remote nodes: 20
Job stats:
job                       count
----------------------  -------
MAUDE_and_plot                1
QC_filter_shell               3
QC_filtering_R                1
all                           1
bcwithqc_done                 1
bcwithqc_one_sample           3
prepare_bcwithqc_input        3
total                        13

Select jobs to execute...
Execute 1 jobs...

[Wed Jun 24 16:20:22 2026]
rule QC_filtering_R:
    input: /g/steinmetz/link/Amplicon_barcode_analysis/snake_test/QC_filtering/.pipeline_state/resolved_config.rds, /g/steinmetz/link/Amplicon_barcode_analysis/snake_test/QC_filtering/.pipeline_state/01_setup.done
    output: /g/steinmetz/link/Amplicon_barcode_analysis/snake_test/QC_filtering/.pipeline_state/QC_filtering_params.sh
    jobid: 7
    reason: Updated input files: /g/steinmetz/link/Amplicon_barcode_analysis/snake_test/QC_filtering/.pipeline_state/resolved_config.rds, /g/steinmetz/link/Amplicon_barcode_analysis/snake_test/QC_filtering/.pipeline_state/01_setup.done
    resources: mem_mb=4000, mem_mib=3815, disk_mb=1000, disk_mib=954, tmpdir=<TBD>, runtime=10, slurm_account=lsteinme


        module load R/4.5.2-gfbf-2025b
        export R_LIBS_USER=/g/steinmetz/link/R-libs/x86_64-pc-linux-gnu/4.5.2
        Rscript --vanilla R/cli_QC_filtering.R /g/steinmetz/link/Amplicon_barcode_analysis/snake_test/QC_filtering/.pipeline_state/resolved_config.rds
        
Job 7 has been submitted with SLURM jobid 57345076 (log: /home/link/Amplicon_barcode_analysis/Lukas_Pipeline/binned_PCR_amplicon_UMI_analysis/.snakemake/slurm_logs/rule_QC_filtering_R/57345076.log).
