Building DAG of jobs...
SLURM run ID: 8d20451a-6ad7-4db3-be24-2b1e936b9b16
Using shell: /usr/bin/bash
Provided remote nodes: 20
Job stats:
job              count
-------------  -------
MAUDE                1
all                  1
bcwithqc_done        1
setup                1
total                4

Select jobs to execute...
Execute 1 jobs...

[Tue Jun 30 13:16:54 2026]
checkpoint setup:
    input: config.yaml
    output: /g/steinmetz/link/Amplicon_barcode_analysis/snake_test/MAUDE/.pipeline_state/resolved_config.rds, /g/steinmetz/link/Amplicon_barcode_analysis/snake_test/MAUDE/.pipeline_state/resolved_config.yaml, /g/steinmetz/link/Amplicon_barcode_analysis/snake_test/MAUDE/.pipeline_state/fastq_manifest.tsv, /g/steinmetz/link/Amplicon_barcode_analysis/snake_test/MAUDE/.pipeline_state/01_setup.done
    jobid: 2
    reason: Missing output files: /g/steinmetz/link/Amplicon_barcode_analysis/snake_test/MAUDE/.pipeline_state/01_setup.done
    resources: mem_mb=4000, mem_mib=3815, disk_mb=1000, disk_mib=954, tmpdir=<TBD>, runtime=10, slurm_account=lsteinme
DAG of jobs will be updated after completion.


        module load R/4.5.2-gfbf-2025b
        # export R_LIBS=/g/steinmetz/link/R-libs/x86_64-pc-linux-gnu/jupyterhub-ubuntu-24.04/4.5.2:/g/steinmetz/link/R-libs/x86_64-pc-linux-gnu/jupyterhub-ubuntu-22.04/4.4.1
        export R_LIBS_USER=/g/steinmetz/link/R-libs/x86_64-pc-linux-gnu/4.5.2
        Rscript --vanilla R/cli_setup.R config.yaml
        
Job 2 has been submitted with SLURM jobid 57838078 (log: /home/link/Amplicon_barcode_analysis/Lukas_Pipeline/binned_PCR_amplicon_UMI_analysis/.snakemake/slurm_logs/rule_setup/57838078.log).
[Tue Jun 30 13:17:32 2026]
Finished job 2.
1 of 4 steps (25%) done
Select jobs to execute...
Execute 1 jobs...

[Tue Jun 30 13:17:32 2026]
rule QC_filtering_R:
    input: /g/steinmetz/link/Amplicon_barcode_analysis/snake_test/MAUDE/.pipeline_state/resolved_config.rds, /g/steinmetz/link/Amplicon_barcode_analysis/snake_test/MAUDE/.pipeline_state/01_setup.done
    output: /g/steinmetz/link/Amplicon_barcode_analysis/snake_test/MAUDE/.pipeline_state/QC_filtering_params.sh
    jobid: 10
    reason: Updated input files: /g/steinmetz/link/Amplicon_barcode_analysis/snake_test/MAUDE/.pipeline_state/resolved_config.rds, /g/steinmetz/link/Amplicon_barcode_analysis/snake_test/MAUDE/.pipeline_state/01_setup.done
    resources: mem_mb=4000, mem_mib=3815, disk_mb=1000, disk_mib=954, tmpdir=<TBD>, runtime=10, slurm_account=lsteinme


        module load R/4.5.2-gfbf-2025b
        export R_LIBS_USER=/g/steinmetz/link/R-libs/x86_64-pc-linux-gnu/4.5.2
        Rscript --vanilla R/cli_QC_filtering.R /g/steinmetz/link/Amplicon_barcode_analysis/snake_test/MAUDE/.pipeline_state/resolved_config.rds
        
Job 10 has been submitted with SLURM jobid 57838117 (log: /home/link/Amplicon_barcode_analysis/Lukas_Pipeline/binned_PCR_amplicon_UMI_analysis/.snakemake/slurm_logs/rule_QC_filtering_R/57838117.log).
[Tue Jun 30 13:18:33 2026]
Finished job 10.
2 of 14 steps (14%) done
Select jobs to execute...
Execute 3 jobs...

[Tue Jun 30 13:18:33 2026]
rule QC_filter_shell:
    input: /g/steinmetz/link/Amplicon_barcode_analysis/snake_test/MAUDE/fastq_symlinks/I_L1_1.fastq.gz, /g/steinmetz/link/Amplicon_barcode_analysis/snake_test/MAUDE/.pipeline_state/QC_filtering_params.sh, /g/steinmetz/link/Amplicon_barcode_analysis/snake_test/MAUDE/.pipeline_state/01_setup.done
    output: /g/steinmetz/link/Amplicon_barcode_analysis/snake_test/MAUDE/QC_filtered/I_L1_1.fastq.gz
    jobid: 9
    reason: Input files updated by another job: /g/steinmetz/link/Amplicon_barcode_analysis/snake_test/MAUDE/.pipeline_state/QC_filtering_params.sh
    wildcards: sample=I_L1_1
    resources: mem_mb=16000, mem_mib=15259, disk_mb=1000, disk_mib=954, tmpdir=<TBD>, runtime=60, slurm_account=lsteinme


        source /g/steinmetz/link/Amplicon_barcode_analysis/snake_test/MAUDE/.pipeline_state/QC_filtering_params.sh

        if [[ "$QC_FILTERING_RUN" == "true" ]]; then
          bash shell/QC_filtering_snake.sh \
            --input-fastq /g/steinmetz/link/Amplicon_barcode_analysis/snake_test/MAUDE/fastq_symlinks/I_L1_1.fastq.gz \
            --output-fastq /g/steinmetz/link/Amplicon_barcode_analysis/snake_test/MAUDE/QC_filtered/I_L1_1.fastq.gz \
            --min-qual "$QC_MIN_QUAL" \
            --qual-offset "$QC_QUAL_OFFSET" \
            --min-length "$QC_MIN_LENGTH" \
            --use-modules "$USE_MODULES" \
            --seqtk-module "$SEQTK_MODULE"
        else
          mkdir -p "$(dirname "/g/steinmetz/link/Amplicon_barcode_analysis/snake_test/MAUDE/QC_filtered/I_L1_1.fastq.gz")"

          if [[ "/g/steinmetz/link/Amplicon_barcode_analysis/snake_test/MAUDE/fastq_symlinks/I_L1_1.fastq.gz" == *.gz ]]; then
            ln -sf "/g/steinmetz/link/Amplicon_barcode_analysis/snake_test/MAUDE/fastq_symlinks/I_L1_1.fastq.gz" "/g/steinmetz/link/Amplicon_barcode_analysis/snake_test/MAUDE/QC_filtered/I_L1_1.fastq.gz"
          else
            gzip -c "/g/steinmetz/link/Amplicon_barcode_analysis/snake_test/MAUDE/fastq_symlinks/I_L1_1.fastq.gz" > "/g/steinmetz/link/Amplicon_barcode_analysis/snake_test/MAUDE/QC_filtered/I_L1_1.fastq.gz"
          fi
        fi
        
Job 9 has been submitted with SLURM jobid 57838151 (log: /home/link/Amplicon_barcode_analysis/Lukas_Pipeline/binned_PCR_amplicon_UMI_analysis/.snakemake/slurm_logs/rule_QC_filter_shell/I_L1_1/57838151.log).

[Tue Jun 30 13:18:34 2026]
rule QC_filter_shell:
    input: /g/steinmetz/link/Amplicon_barcode_analysis/snake_test/MAUDE/fastq_symlinks/U_L1_1.fastq.gz, /g/steinmetz/link/Amplicon_barcode_analysis/snake_test/MAUDE/.pipeline_state/QC_filtering_params.sh, /g/steinmetz/link/Amplicon_barcode_analysis/snake_test/MAUDE/.pipeline_state/01_setup.done
    output: /g/steinmetz/link/Amplicon_barcode_analysis/snake_test/MAUDE/QC_filtered/U_L1_1.fastq.gz
    jobid: 16
    reason: Input files updated by another job: /g/steinmetz/link/Amplicon_barcode_analysis/snake_test/MAUDE/.pipeline_state/QC_filtering_params.sh
    wildcards: sample=U_L1_1
    resources: mem_mb=16000, mem_mib=15259, disk_mb=1000, disk_mib=954, tmpdir=<TBD>, runtime=60, slurm_account=lsteinme


        source /g/steinmetz/link/Amplicon_barcode_analysis/snake_test/MAUDE/.pipeline_state/QC_filtering_params.sh

        if [[ "$QC_FILTERING_RUN" == "true" ]]; then
          bash shell/QC_filtering_snake.sh \
            --input-fastq /g/steinmetz/link/Amplicon_barcode_analysis/snake_test/MAUDE/fastq_symlinks/U_L1_1.fastq.gz \
            --output-fastq /g/steinmetz/link/Amplicon_barcode_analysis/snake_test/MAUDE/QC_filtered/U_L1_1.fastq.gz \
            --min-qual "$QC_MIN_QUAL" \
            --qual-offset "$QC_QUAL_OFFSET" \
            --min-length "$QC_MIN_LENGTH" \
            --use-modules "$USE_MODULES" \
            --seqtk-module "$SEQTK_MODULE"
        else
          mkdir -p "$(dirname "/g/steinmetz/link/Amplicon_barcode_analysis/snake_test/MAUDE/QC_filtered/U_L1_1.fastq.gz")"

          if [[ "/g/steinmetz/link/Amplicon_barcode_analysis/snake_test/MAUDE/fastq_symlinks/U_L1_1.fastq.gz" == *.gz ]]; then
            ln -sf "/g/steinmetz/link/Amplicon_barcode_analysis/snake_test/MAUDE/fastq_symlinks/U_L1_1.fastq.gz" "/g/steinmetz/link/Amplicon_barcode_analysis/snake_test/MAUDE/QC_filtered/U_L1_1.fastq.gz"
          else
            gzip -c "/g/steinmetz/link/Amplicon_barcode_analysis/snake_test/MAUDE/fastq_symlinks/U_L1_1.fastq.gz" > "/g/steinmetz/link/Amplicon_barcode_analysis/snake_test/MAUDE/QC_filtered/U_L1_1.fastq.gz"
          fi
        fi
        
Job 16 has been submitted with SLURM jobid 57838153 (log: /home/link/Amplicon_barcode_analysis/Lukas_Pipeline/binned_PCR_amplicon_UMI_analysis/.snakemake/slurm_logs/rule_QC_filter_shell/U_L1_1/57838153.log).

[Tue Jun 30 13:18:35 2026]
rule QC_filter_shell:
    input: /g/steinmetz/link/Amplicon_barcode_analysis/snake_test/MAUDE/fastq_symlinks/L_L1_1.fastq.gz, /g/steinmetz/link/Amplicon_barcode_analysis/snake_test/MAUDE/.pipeline_state/QC_filtering_params.sh, /g/steinmetz/link/Amplicon_barcode_analysis/snake_test/MAUDE/.pipeline_state/01_setup.done
    output: /g/steinmetz/link/Amplicon_barcode_analysis/snake_test/MAUDE/QC_filtered/L_L1_1.fastq.gz
    jobid: 13
    reason: Input files updated by another job: /g/steinmetz/link/Amplicon_barcode_analysis/snake_test/MAUDE/.pipeline_state/QC_filtering_params.sh
    wildcards: sample=L_L1_1
    resources: mem_mb=16000, mem_mib=15259, disk_mb=1000, disk_mib=954, tmpdir=<TBD>, runtime=60, slurm_account=lsteinme


        source /g/steinmetz/link/Amplicon_barcode_analysis/snake_test/MAUDE/.pipeline_state/QC_filtering_params.sh

        if [[ "$QC_FILTERING_RUN" == "true" ]]; then
          bash shell/QC_filtering_snake.sh \
            --input-fastq /g/steinmetz/link/Amplicon_barcode_analysis/snake_test/MAUDE/fastq_symlinks/L_L1_1.fastq.gz \
            --output-fastq /g/steinmetz/link/Amplicon_barcode_analysis/snake_test/MAUDE/QC_filtered/L_L1_1.fastq.gz \
            --min-qual "$QC_MIN_QUAL" \
            --qual-offset "$QC_QUAL_OFFSET" \
            --min-length "$QC_MIN_LENGTH" \
            --use-modules "$USE_MODULES" \
            --seqtk-module "$SEQTK_MODULE"
        else
          mkdir -p "$(dirname "/g/steinmetz/link/Amplicon_barcode_analysis/snake_test/MAUDE/QC_filtered/L_L1_1.fastq.gz")"

          if [[ "/g/steinmetz/link/Amplicon_barcode_analysis/snake_test/MAUDE/fastq_symlinks/L_L1_1.fastq.gz" == *.gz ]]; then
            ln -sf "/g/steinmetz/link/Amplicon_barcode_analysis/snake_test/MAUDE/fastq_symlinks/L_L1_1.fastq.gz" "/g/steinmetz/link/Amplicon_barcode_analysis/snake_test/MAUDE/QC_filtered/L_L1_1.fastq.gz"
          else
            gzip -c "/g/steinmetz/link/Amplicon_barcode_analysis/snake_test/MAUDE/fastq_symlinks/L_L1_1.fastq.gz" > "/g/steinmetz/link/Amplicon_barcode_analysis/snake_test/MAUDE/QC_filtered/L_L1_1.fastq.gz"
          fi
        fi
        
Job 13 has been submitted with SLURM jobid 57838154 (log: /home/link/Amplicon_barcode_analysis/Lukas_Pipeline/binned_PCR_amplicon_UMI_analysis/.snakemake/slurm_logs/rule_QC_filter_shell/L_L1_1/57838154.log).
[Tue Jun 30 13:19:03 2026]
Finished job 9.
3 of 14 steps (21%) done
[Tue Jun 30 13:19:03 2026]
Finished job 16.
4 of 14 steps (29%) done
[Tue Jun 30 13:19:03 2026]
Finished job 13.
5 of 14 steps (36%) done
Select jobs to execute...
Execute 3 jobs...

[Tue Jun 30 13:19:03 2026]
rule prepare_bcwithqc_input:
    input: /g/steinmetz/link/Amplicon_barcode_analysis/snake_test/MAUDE/QC_filtered/I_L1_1.fastq.gz
    output: /g/steinmetz/link/Amplicon_barcode_analysis/snake_test/MAUDE/bcwithqc_symlinks/I_L1_1/I_L1_1.fastq.gz
    jobid: 8
    reason: Input files updated by another job: /g/steinmetz/link/Amplicon_barcode_analysis/snake_test/MAUDE/QC_filtered/I_L1_1.fastq.gz
    wildcards: sample=I_L1_1
    resources: mem_mb=4000, mem_mib=3815, disk_mb=1000, disk_mib=954, tmpdir=<TBD>, runtime=10, slurm_account=lsteinme


        mkdir -p "$(dirname /g/steinmetz/link/Amplicon_barcode_analysis/snake_test/MAUDE/bcwithqc_symlinks/I_L1_1/I_L1_1.fastq.gz)"
        ln -sf "$(realpath "/g/steinmetz/link/Amplicon_barcode_analysis/snake_test/MAUDE/QC_filtered/I_L1_1.fastq.gz")" "/g/steinmetz/link/Amplicon_barcode_analysis/snake_test/MAUDE/bcwithqc_symlinks/I_L1_1/I_L1_1.fastq.gz"
        
Job 8 has been submitted with SLURM jobid 57838175 (log: /home/link/Amplicon_barcode_analysis/Lukas_Pipeline/binned_PCR_amplicon_UMI_analysis/.snakemake/slurm_logs/rule_prepare_bcwithqc_input/I_L1_1/57838175.log).

[Tue Jun 30 13:19:04 2026]
rule prepare_bcwithqc_input:
    input: /g/steinmetz/link/Amplicon_barcode_analysis/snake_test/MAUDE/QC_filtered/L_L1_1.fastq.gz
    output: /g/steinmetz/link/Amplicon_barcode_analysis/snake_test/MAUDE/bcwithqc_symlinks/L_L1_1/L_L1_1.fastq.gz
    jobid: 12
    reason: Input files updated by another job: /g/steinmetz/link/Amplicon_barcode_analysis/snake_test/MAUDE/QC_filtered/L_L1_1.fastq.gz
    wildcards: sample=L_L1_1
    resources: mem_mb=4000, mem_mib=3815, disk_mb=1000, disk_mib=954, tmpdir=<TBD>, runtime=10, slurm_account=lsteinme


        mkdir -p "$(dirname /g/steinmetz/link/Amplicon_barcode_analysis/snake_test/MAUDE/bcwithqc_symlinks/L_L1_1/L_L1_1.fastq.gz)"
        ln -sf "$(realpath "/g/steinmetz/link/Amplicon_barcode_analysis/snake_test/MAUDE/QC_filtered/L_L1_1.fastq.gz")" "/g/steinmetz/link/Amplicon_barcode_analysis/snake_test/MAUDE/bcwithqc_symlinks/L_L1_1/L_L1_1.fastq.gz"
        
Job 12 has been submitted with SLURM jobid 57838176 (log: /home/link/Amplicon_barcode_analysis/Lukas_Pipeline/binned_PCR_amplicon_UMI_analysis/.snakemake/slurm_logs/rule_prepare_bcwithqc_input/L_L1_1/57838176.log).

[Tue Jun 30 13:19:04 2026]
rule prepare_bcwithqc_input:
    input: /g/steinmetz/link/Amplicon_barcode_analysis/snake_test/MAUDE/QC_filtered/U_L1_1.fastq.gz
    output: /g/steinmetz/link/Amplicon_barcode_analysis/snake_test/MAUDE/bcwithqc_symlinks/U_L1_1/U_L1_1.fastq.gz
    jobid: 15
    reason: Input files updated by another job: /g/steinmetz/link/Amplicon_barcode_analysis/snake_test/MAUDE/QC_filtered/U_L1_1.fastq.gz
    wildcards: sample=U_L1_1
    resources: mem_mb=4000, mem_mib=3815, disk_mb=1000, disk_mib=954, tmpdir=<TBD>, runtime=10, slurm_account=lsteinme


        mkdir -p "$(dirname /g/steinmetz/link/Amplicon_barcode_analysis/snake_test/MAUDE/bcwithqc_symlinks/U_L1_1/U_L1_1.fastq.gz)"
        ln -sf "$(realpath "/g/steinmetz/link/Amplicon_barcode_analysis/snake_test/MAUDE/QC_filtered/U_L1_1.fastq.gz")" "/g/steinmetz/link/Amplicon_barcode_analysis/snake_test/MAUDE/bcwithqc_symlinks/U_L1_1/U_L1_1.fastq.gz"
        
Job 15 has been submitted with SLURM jobid 57838177 (log: /home/link/Amplicon_barcode_analysis/Lukas_Pipeline/binned_PCR_amplicon_UMI_analysis/.snakemake/slurm_logs/rule_prepare_bcwithqc_input/U_L1_1/57838177.log).
[Tue Jun 30 13:19:13 2026]
Finished job 8.
6 of 14 steps (43%) done
[Tue Jun 30 13:19:13 2026]
Finished job 12.
7 of 14 steps (50%) done
[Tue Jun 30 13:19:13 2026]
Finished job 15.
8 of 14 steps (57%) done
Select jobs to execute...
Execute 3 jobs...

[Tue Jun 30 13:19:14 2026]
rule bcwithqc_one_sample:
    input: /g/steinmetz/link/Amplicon_barcode_analysis/snake_test/MAUDE/bcwithqc_symlinks/U_L1_1/U_L1_1.fastq.gz
    output: /g/steinmetz/link/Amplicon_barcode_analysis/snake_test/MAUDE/.pipeline_state/bcwithqc_done/U_L1_1.done
    jobid: 14
    reason: Input files updated by another job: /g/steinmetz/link/Amplicon_barcode_analysis/snake_test/MAUDE/bcwithqc_symlinks/U_L1_1/U_L1_1.fastq.gz
    wildcards: sample=U_L1_1
    threads: 10
    resources: mem_mb=40000, mem_mib=38147, disk_mb=1000, disk_mib=954, tmpdir=<TBD>, runtime=2400, slurm_account=lsteinme


        unset PYTHONPATH
        unset PYTHONHOME
        export PYTHONNOUSERSITE=1

        rm -rf "/g/steinmetz/link/Amplicon_barcode_analysis/snake_test/MAUDE/bcwithqc_output/U_L1_1"
        mkdir -p "/g/steinmetz/link/Amplicon_barcode_analysis/snake_test/MAUDE/bcwithqc_output/U_L1_1"

        "/home/link/.conda/envs/py313/bin/bcwithqc" preprocess \
          "/g/steinmetz/link/Amplicon_barcode_analysis/snake_test/MAUDE/bcwithqc_symlinks/U_L1_1" \
          --config="/g/steinmetz/link/Amplicon_barcode_analysis/library/bcwithqc_config_whole_genome_sublibs_1_to_4.json" \
          --output-dir="/g/steinmetz/link/Amplicon_barcode_analysis/snake_test/MAUDE/bcwithqc_output/U_L1_1" \
          --threads="10" \
          --output-format-bam \
          -vv

        "/home/link/.conda/envs/py313/bin/bcwithqc" count \
          "/g/steinmetz/link/Amplicon_barcode_analysis/snake_test/MAUDE/bcwithqc_output/U_L1_1" \
          --STAR-output-dir="/g/steinmetz/link/Amplicon_barcode_analysis/snake_test/MAUDE/bcwithqc_output/U_L1_1" \
          --config="/g/steinmetz/link/Amplicon_barcode_analysis/library/bcwithqc_config_whole_genome_sublibs_1_to_4.json" \
          --output-dir="/g/steinmetz/link/Amplicon_barcode_analysis/snake_test/MAUDE/bcwithqc_output/U_L1_1" \
          --threads="10" \
          -vv
          
        mkdir -p "$(dirname "/g/steinmetz/link/Amplicon_barcode_analysis/snake_test/MAUDE/.pipeline_state/bcwithqc_done/U_L1_1.done")"
        touch "/g/steinmetz/link/Amplicon_barcode_analysis/snake_test/MAUDE/.pipeline_state/bcwithqc_done/U_L1_1.done"
        
Job 14 has been submitted with SLURM jobid 57838183 (log: /home/link/Amplicon_barcode_analysis/Lukas_Pipeline/binned_PCR_amplicon_UMI_analysis/.snakemake/slurm_logs/rule_bcwithqc_one_sample/U_L1_1/57838183.log).

[Tue Jun 30 13:19:14 2026]
rule bcwithqc_one_sample:
    input: /g/steinmetz/link/Amplicon_barcode_analysis/snake_test/MAUDE/bcwithqc_symlinks/L_L1_1/L_L1_1.fastq.gz
    output: /g/steinmetz/link/Amplicon_barcode_analysis/snake_test/MAUDE/.pipeline_state/bcwithqc_done/L_L1_1.done
    jobid: 11
    reason: Input files updated by another job: /g/steinmetz/link/Amplicon_barcode_analysis/snake_test/MAUDE/bcwithqc_symlinks/L_L1_1/L_L1_1.fastq.gz
    wildcards: sample=L_L1_1
    threads: 10
    resources: mem_mb=40000, mem_mib=38147, disk_mb=1000, disk_mib=954, tmpdir=<TBD>, runtime=2400, slurm_account=lsteinme


        unset PYTHONPATH
        unset PYTHONHOME
        export PYTHONNOUSERSITE=1

        rm -rf "/g/steinmetz/link/Amplicon_barcode_analysis/snake_test/MAUDE/bcwithqc_output/L_L1_1"
        mkdir -p "/g/steinmetz/link/Amplicon_barcode_analysis/snake_test/MAUDE/bcwithqc_output/L_L1_1"

        "/home/link/.conda/envs/py313/bin/bcwithqc" preprocess \
          "/g/steinmetz/link/Amplicon_barcode_analysis/snake_test/MAUDE/bcwithqc_symlinks/L_L1_1" \
          --config="/g/steinmetz/link/Amplicon_barcode_analysis/library/bcwithqc_config_whole_genome_sublibs_1_to_4.json" \
          --output-dir="/g/steinmetz/link/Amplicon_barcode_analysis/snake_test/MAUDE/bcwithqc_output/L_L1_1" \
          --threads="10" \
          --output-format-bam \
          -vv

        "/home/link/.conda/envs/py313/bin/bcwithqc" count \
          "/g/steinmetz/link/Amplicon_barcode_analysis/snake_test/MAUDE/bcwithqc_output/L_L1_1" \
          --STAR-output-dir="/g/steinmetz/link/Amplicon_barcode_analysis/snake_test/MAUDE/bcwithqc_output/L_L1_1" \
          --config="/g/steinmetz/link/Amplicon_barcode_analysis/library/bcwithqc_config_whole_genome_sublibs_1_to_4.json" \
          --output-dir="/g/steinmetz/link/Amplicon_barcode_analysis/snake_test/MAUDE/bcwithqc_output/L_L1_1" \
          --threads="10" \
          -vv
          
        mkdir -p "$(dirname "/g/steinmetz/link/Amplicon_barcode_analysis/snake_test/MAUDE/.pipeline_state/bcwithqc_done/L_L1_1.done")"
        touch "/g/steinmetz/link/Amplicon_barcode_analysis/snake_test/MAUDE/.pipeline_state/bcwithqc_done/L_L1_1.done"
        
Job 11 has been submitted with SLURM jobid 57838184 (log: /home/link/Amplicon_barcode_analysis/Lukas_Pipeline/binned_PCR_amplicon_UMI_analysis/.snakemake/slurm_logs/rule_bcwithqc_one_sample/L_L1_1/57838184.log).

[Tue Jun 30 13:19:14 2026]
rule bcwithqc_one_sample:
    input: /g/steinmetz/link/Amplicon_barcode_analysis/snake_test/MAUDE/bcwithqc_symlinks/I_L1_1/I_L1_1.fastq.gz
    output: /g/steinmetz/link/Amplicon_barcode_analysis/snake_test/MAUDE/.pipeline_state/bcwithqc_done/I_L1_1.done
    jobid: 7
    reason: Input files updated by another job: /g/steinmetz/link/Amplicon_barcode_analysis/snake_test/MAUDE/bcwithqc_symlinks/I_L1_1/I_L1_1.fastq.gz
    wildcards: sample=I_L1_1
    threads: 10
    resources: mem_mb=40000, mem_mib=38147, disk_mb=1000, disk_mib=954, tmpdir=<TBD>, runtime=2400, slurm_account=lsteinme


        unset PYTHONPATH
        unset PYTHONHOME
        export PYTHONNOUSERSITE=1

        rm -rf "/g/steinmetz/link/Amplicon_barcode_analysis/snake_test/MAUDE/bcwithqc_output/I_L1_1"
        mkdir -p "/g/steinmetz/link/Amplicon_barcode_analysis/snake_test/MAUDE/bcwithqc_output/I_L1_1"

        "/home/link/.conda/envs/py313/bin/bcwithqc" preprocess \
          "/g/steinmetz/link/Amplicon_barcode_analysis/snake_test/MAUDE/bcwithqc_symlinks/I_L1_1" \
          --config="/g/steinmetz/link/Amplicon_barcode_analysis/library/bcwithqc_config_whole_genome_sublibs_1_to_4.json" \
          --output-dir="/g/steinmetz/link/Amplicon_barcode_analysis/snake_test/MAUDE/bcwithqc_output/I_L1_1" \
          --threads="10" \
          --output-format-bam \
          -vv

        "/home/link/.conda/envs/py313/bin/bcwithqc" count \
          "/g/steinmetz/link/Amplicon_barcode_analysis/snake_test/MAUDE/bcwithqc_output/I_L1_1" \
          --STAR-output-dir="/g/steinmetz/link/Amplicon_barcode_analysis/snake_test/MAUDE/bcwithqc_output/I_L1_1" \
          --config="/g/steinmetz/link/Amplicon_barcode_analysis/library/bcwithqc_config_whole_genome_sublibs_1_to_4.json" \
          --output-dir="/g/steinmetz/link/Amplicon_barcode_analysis/snake_test/MAUDE/bcwithqc_output/I_L1_1" \
          --threads="10" \
          -vv
          
        mkdir -p "$(dirname "/g/steinmetz/link/Amplicon_barcode_analysis/snake_test/MAUDE/.pipeline_state/bcwithqc_done/I_L1_1.done")"
        touch "/g/steinmetz/link/Amplicon_barcode_analysis/snake_test/MAUDE/.pipeline_state/bcwithqc_done/I_L1_1.done"
        
Job 7 has been submitted with SLURM jobid 57838185 (log: /home/link/Amplicon_barcode_analysis/Lukas_Pipeline/binned_PCR_amplicon_UMI_analysis/.snakemake/slurm_logs/rule_bcwithqc_one_sample/I_L1_1/57838185.log).
[Tue Jun 30 13:30:17 2026]
Finished job 14.
9 of 14 steps (64%) done
[Tue Jun 30 13:30:17 2026]
Finished job 11.
10 of 14 steps (71%) done
[Tue Jun 30 13:30:17 2026]
Finished job 7.
11 of 14 steps (79%) done
Select jobs to execute...
Execute 1 jobs...

[Tue Jun 30 13:30:17 2026]
rule bcwithqc_done:
    input: /g/steinmetz/link/Amplicon_barcode_analysis/snake_test/MAUDE/.pipeline_state/bcwithqc_done/I_L1_1.done, /g/steinmetz/link/Amplicon_barcode_analysis/snake_test/MAUDE/.pipeline_state/bcwithqc_done/L_L1_1.done, /g/steinmetz/link/Amplicon_barcode_analysis/snake_test/MAUDE/.pipeline_state/bcwithqc_done/U_L1_1.done
    output: /g/steinmetz/link/Amplicon_barcode_analysis/snake_test/MAUDE/.pipeline_state/05_bcwithqc.done
    jobid: 3
    reason: Input files updated by another job: /g/steinmetz/link/Amplicon_barcode_analysis/snake_test/MAUDE/.pipeline_state/bcwithqc_done/L_L1_1.done, /g/steinmetz/link/Amplicon_barcode_analysis/snake_test/MAUDE/.pipeline_state/bcwithqc_done/U_L1_1.done, /g/steinmetz/link/Amplicon_barcode_analysis/snake_test/MAUDE/.pipeline_state/bcwithqc_done/I_L1_1.done
    resources: mem_mb=500, mem_mib=477, disk_mb=1000, disk_mib=954, tmpdir=<TBD>, runtime=1, slurm_account=lsteinme


        touch "/g/steinmetz/link/Amplicon_barcode_analysis/snake_test/MAUDE/.pipeline_state/05_bcwithqc.done"
        
Job 3 has been submitted with SLURM jobid 57838690 (log: /home/link/Amplicon_barcode_analysis/Lukas_Pipeline/binned_PCR_amplicon_UMI_analysis/.snakemake/slurm_logs/rule_bcwithqc_done/57838690.log).
[Tue Jun 30 13:30:46 2026]
Finished job 3.
12 of 14 steps (86%) done
Select jobs to execute...
Execute 1 jobs...

[Tue Jun 30 13:30:46 2026]
rule MAUDE:
    input: /g/steinmetz/link/Amplicon_barcode_analysis/snake_test/MAUDE/.pipeline_state/resolved_config.rds, /g/steinmetz/link/Amplicon_barcode_analysis/snake_test/MAUDE/.pipeline_state/01_setup.done, /g/steinmetz/link/Amplicon_barcode_analysis/snake_test/MAUDE/.pipeline_state/05_bcwithqc.done
    output: /g/steinmetz/link/Amplicon_barcode_analysis/snake_test/MAUDE/rds/count_df.rds, /g/steinmetz/link/Amplicon_barcode_analysis/snake_test/MAUDE/results/mapping_results.xlsx, /g/steinmetz/link/Amplicon_barcode_analysis/snake_test/MAUDE/results/Hits_explorative.xlsx, /g/steinmetz/link/Amplicon_barcode_analysis/snake_test/MAUDE/rds/MAUDE_guide_stats.rds, /g/steinmetz/link/Amplicon_barcode_analysis/snake_test/MAUDE/rds/MAUDE_gene_stats.rds
    jobid: 1
    reason: Missing output files: /g/steinmetz/link/Amplicon_barcode_analysis/snake_test/MAUDE/rds/count_df.rds; Input files updated by another job: /g/steinmetz/link/Amplicon_barcode_analysis/snake_test/MAUDE/.pipeline_state/05_bcwithqc.done
    resources: mem_mb=4000, mem_mib=3815, disk_mb=1000, disk_mib=954, tmpdir=<TBD>, runtime=120, slurm_account=lsteinme


        module load R/4.5.2-gfbf-2025b
        export R_LIBS_USER=/g/steinmetz/link/R-libs/x86_64-pc-linux-gnu/4.5.2
        Rscript --vanilla R/cli_MAUDE.R /g/steinmetz/link/Amplicon_barcode_analysis/snake_test/MAUDE/.pipeline_state/resolved_config.rds
        
Job 1 has been submitted with SLURM jobid 57838749 (log: /home/link/Amplicon_barcode_analysis/Lukas_Pipeline/binned_PCR_amplicon_UMI_analysis/.snakemake/slurm_logs/rule_MAUDE/57838749.log).
[Tue Jun 30 13:34:17 2026]
Error in rule MAUDE:
    message: SLURM-job '57838749' failed, SLURM status is: 'FAILED'. For further error details see the cluster/cloud log and the log files of the involved rule(s).
    jobid: 1
    input: /g/steinmetz/link/Amplicon_barcode_analysis/snake_test/MAUDE/.pipeline_state/resolved_config.rds, /g/steinmetz/link/Amplicon_barcode_analysis/snake_test/MAUDE/.pipeline_state/01_setup.done, /g/steinmetz/link/Amplicon_barcode_analysis/snake_test/MAUDE/.pipeline_state/05_bcwithqc.done
    output: /g/steinmetz/link/Amplicon_barcode_analysis/snake_test/MAUDE/rds/count_df.rds, /g/steinmetz/link/Amplicon_barcode_analysis/snake_test/MAUDE/results/mapping_results.xlsx, /g/steinmetz/link/Amplicon_barcode_analysis/snake_test/MAUDE/results/Hits_explorative.xlsx, /g/steinmetz/link/Amplicon_barcode_analysis/snake_test/MAUDE/rds/MAUDE_guide_stats.rds, /g/steinmetz/link/Amplicon_barcode_analysis/snake_test/MAUDE/rds/MAUDE_gene_stats.rds
    log: /home/link/Amplicon_barcode_analysis/Lukas_Pipeline/binned_PCR_amplicon_UMI_analysis/.snakemake/slurm_logs/rule_MAUDE/57838749.log (check log file(s) for error details)
    shell:
        
        module load R/4.5.2-gfbf-2025b
        export R_LIBS_USER=/g/steinmetz/link/R-libs/x86_64-pc-linux-gnu/4.5.2
        Rscript --vanilla R/cli_MAUDE.R /g/steinmetz/link/Amplicon_barcode_analysis/snake_test/MAUDE/.pipeline_state/resolved_config.rds
        
        (one of the commands exited with non-zero exit code; note that snakemake uses bash strict mode!)
    external_jobid: 57838749

Shutting down, this might take some time.
Exiting because a job execution failed. Look above for error message
Complete log: .snakemake/log/2026-06-30T131652.511161.snakemake.log
WorkflowError:
At least one job did not complete successfully.
