Building DAG of jobs...
You are running snakemake in a SLURM job context. This is not recommended, as it may lead to unexpected behavior.Please run Snakemake directly on the login node.
SLURM run ID: c3ab85a8-a93b-4168-8bc1-035f38009240
Using shell: /usr/bin/bash
Provided remote nodes: 20
Job stats:
job               count
--------------  -------
MAUDE_and_plot        1
all                   1
bcwithqc_done         1
setup_R               1
total                 4

Select jobs to execute...
Execute 2 jobs...

[Wed Jun 24 16:25:08 2026]
rule setup_R:
    input: config.yaml
    output: /g/steinmetz/link/Amplicon_barcode_analysis/snake_test/MAUDE/.pipeline_state/resolved_config.rds, /g/steinmetz/link/Amplicon_barcode_analysis/snake_test/MAUDE/.pipeline_state/resolved_config.yaml, /g/steinmetz/link/Amplicon_barcode_analysis/snake_test/MAUDE/.pipeline_state/fastq_manifest.tsv, /g/steinmetz/link/Amplicon_barcode_analysis/snake_test/MAUDE/.pipeline_state/01_setup.done
    jobid: 2
    reason: Missing output files: /g/steinmetz/link/Amplicon_barcode_analysis/snake_test/MAUDE/.pipeline_state/01_setup.done, /g/steinmetz/link/Amplicon_barcode_analysis/snake_test/MAUDE/.pipeline_state/resolved_config.rds
    resources: mem_mb=4000, mem_mib=3815, disk_mb=1000, disk_mib=954, tmpdir=<TBD>, runtime=60, slurm_account=lsteinme


        module load R/4.5.2-gfbf-2025b
        # export R_LIBS=/g/steinmetz/link/R-libs/x86_64-pc-linux-gnu/jupyterhub-ubuntu-24.04/4.5.2:/g/steinmetz/link/R-libs/x86_64-pc-linux-gnu/jupyterhub-ubuntu-22.04/4.4.1
        export R_LIBS_USER=/g/steinmetz/link/R-libs/x86_64-pc-linux-gnu/4.5.2
        Rscript --vanilla R/cli_setup.R config.yaml
        
Job 2 has been submitted with SLURM jobid 57345365 (log: /home/link/Amplicon_barcode_analysis/Lukas_Pipeline/binned_PCR_amplicon_UMI_analysis/.snakemake/slurm_logs/rule_setup_R/57345365.log).

[Wed Jun 24 16:25:09 2026]
rule bcwithqc_done:
    output: /g/steinmetz/link/Amplicon_barcode_analysis/snake_test/MAUDE/.pipeline_state/05_bcwithqc.done
    jobid: 3
    reason: Missing output files: /g/steinmetz/link/Amplicon_barcode_analysis/snake_test/MAUDE/.pipeline_state/05_bcwithqc.done
    resources: mem_mb=4000, mem_mib=3815, disk_mb=1000, disk_mib=954, tmpdir=<TBD>, runtime=60, slurm_account=lsteinme


        touch "/g/steinmetz/link/Amplicon_barcode_analysis/snake_test/MAUDE/.pipeline_state/05_bcwithqc.done"
        
Job 3 has been submitted with SLURM jobid 57345366 (log: /home/link/Amplicon_barcode_analysis/Lukas_Pipeline/binned_PCR_amplicon_UMI_analysis/.snakemake/slurm_logs/rule_bcwithqc_done/57345366.log).
[Wed Jun 24 16:25:55 2026]
Finished job 2.
1 of 4 steps (25%) done
[Wed Jun 24 16:25:55 2026]
Finished job 3.
2 of 4 steps (50%) done
Select jobs to execute...
Execute 1 jobs...

[Wed Jun 24 16:25:55 2026]
rule MAUDE_and_plot:
    input: /g/steinmetz/link/Amplicon_barcode_analysis/snake_test/MAUDE/.pipeline_state/resolved_config.rds, /g/steinmetz/link/Amplicon_barcode_analysis/snake_test/MAUDE/.pipeline_state/01_setup.done, /g/steinmetz/link/Amplicon_barcode_analysis/snake_test/MAUDE/.pipeline_state/05_bcwithqc.done
    output: /g/steinmetz/link/Amplicon_barcode_analysis/snake_test/MAUDE/rds/count_df.rds, /g/steinmetz/link/Amplicon_barcode_analysis/snake_test/MAUDE/results/mapping_results.xlsx
    jobid: 1
    reason: Missing output files: /g/steinmetz/link/Amplicon_barcode_analysis/snake_test/MAUDE/rds/count_df.rds; Input files updated by another job: /g/steinmetz/link/Amplicon_barcode_analysis/snake_test/MAUDE/.pipeline_state/05_bcwithqc.done, /g/steinmetz/link/Amplicon_barcode_analysis/snake_test/MAUDE/.pipeline_state/01_setup.done, /g/steinmetz/link/Amplicon_barcode_analysis/snake_test/MAUDE/.pipeline_state/resolved_config.rds
    resources: mem_mb=4000, mem_mib=3815, disk_mb=1000, disk_mib=954, tmpdir=<TBD>, runtime=100, slurm_account=lsteinme


        module load R/4.5.2-gfbf-2025b
        export R_LIBS_USER=/g/steinmetz/link/R-libs/x86_64-pc-linux-gnu/4.5.2
        Rscript --vanilla R/cli_MAUDE_and_plot.R /g/steinmetz/link/Amplicon_barcode_analysis/snake_test/MAUDE/.pipeline_state/resolved_config.rds
        
Job 1 has been submitted with SLURM jobid 57345432 (log: /home/link/Amplicon_barcode_analysis/Lukas_Pipeline/binned_PCR_amplicon_UMI_analysis/.snakemake/slurm_logs/rule_MAUDE_and_plot/57345432.log).
[Wed Jun 24 16:26:55 2026]
Error in rule MAUDE_and_plot:
    message: SLURM-job '57345432' failed, SLURM status is: 'FAILED'. For further error details see the cluster/cloud log and the log files of the involved rule(s).
    jobid: 1
    input: /g/steinmetz/link/Amplicon_barcode_analysis/snake_test/MAUDE/.pipeline_state/resolved_config.rds, /g/steinmetz/link/Amplicon_barcode_analysis/snake_test/MAUDE/.pipeline_state/01_setup.done, /g/steinmetz/link/Amplicon_barcode_analysis/snake_test/MAUDE/.pipeline_state/05_bcwithqc.done
    output: /g/steinmetz/link/Amplicon_barcode_analysis/snake_test/MAUDE/rds/count_df.rds, /g/steinmetz/link/Amplicon_barcode_analysis/snake_test/MAUDE/results/mapping_results.xlsx
    log: /home/link/Amplicon_barcode_analysis/Lukas_Pipeline/binned_PCR_amplicon_UMI_analysis/.snakemake/slurm_logs/rule_MAUDE_and_plot/57345432.log (check log file(s) for error details)
    shell:
        
        module load R/4.5.2-gfbf-2025b
        export R_LIBS_USER=/g/steinmetz/link/R-libs/x86_64-pc-linux-gnu/4.5.2
        Rscript --vanilla R/cli_MAUDE_and_plot.R /g/steinmetz/link/Amplicon_barcode_analysis/snake_test/MAUDE/.pipeline_state/resolved_config.rds
        
        (one of the commands exited with non-zero exit code; note that snakemake uses bash strict mode!)
    external_jobid: 57345432

Shutting down, this might take some time.
Exiting because a job execution failed. Look above for error message
Complete log: .snakemake/log/2026-06-24T162454.712298.snakemake.log
WorkflowError:
At least one job did not complete successfully.
