Building DAG of jobs...
SLURM run ID: d7792a7e-43e1-40c1-b3e2-4fbd3baf4984
Using shell: /usr/bin/bash
Provided remote nodes: 20
Job stats:
job                       count
----------------------  -------
MAUDE_and_plot                1
QC_filter_shell               3
QC_filtering_R                1
all                           1
bcwithqc_done                 1
bcwithqc_one_sample           3
prepare_bcwithqc_input        3
total                        13

Select jobs to execute...
Execute 1 jobs...

[Thu Jun 25 11:40:05 2026]
rule QC_filtering_R:
    input: /g/steinmetz/link/Amplicon_barcode_analysis/snake_test/MAUDE/.pipeline_state/resolved_config.rds, /g/steinmetz/link/Amplicon_barcode_analysis/snake_test/MAUDE/.pipeline_state/01_setup.done
    output: /g/steinmetz/link/Amplicon_barcode_analysis/snake_test/MAUDE/.pipeline_state/QC_filtering_params.sh
    jobid: 7
    reason: Missing output files: /g/steinmetz/link/Amplicon_barcode_analysis/snake_test/MAUDE/.pipeline_state/QC_filtering_params.sh
    resources: mem_mb=4000, mem_mib=3815, disk_mb=1000, disk_mib=954, tmpdir=<TBD>, runtime=10, slurm_account=lsteinme


        module load R/4.5.2-gfbf-2025b
        export R_LIBS_USER=/g/steinmetz/link/R-libs/x86_64-pc-linux-gnu/4.5.2
        Rscript --vanilla R/cli_QC_filtering.R /g/steinmetz/link/Amplicon_barcode_analysis/snake_test/MAUDE/.pipeline_state/resolved_config.rds
        
Job 7 has been submitted with SLURM jobid 57411276 (log: /home/link/Amplicon_barcode_analysis/Lukas_Pipeline/binned_PCR_amplicon_UMI_analysis/.snakemake/slurm_logs/rule_QC_filtering_R/57411276.log).
[Thu Jun 25 11:40:44 2026]
Finished job 7.
1 of 13 steps (8%) done
Select jobs to execute...
Execute 3 jobs...

[Thu Jun 25 11:40:44 2026]
rule QC_filter_shell:
    input: /g/steinmetz/link/Amplicon_barcode_analysis/snake_test/MAUDE/fastq_symlinks/U_L1_1.fastq.gz, /g/steinmetz/link/Amplicon_barcode_analysis/snake_test/MAUDE/.pipeline_state/QC_filtering_params.sh
    output: /g/steinmetz/link/Amplicon_barcode_analysis/snake_test/MAUDE/QC_filtered/U_L1_1.fastq.gz
    jobid: 13
    reason: Missing output files: /g/steinmetz/link/Amplicon_barcode_analysis/snake_test/MAUDE/QC_filtered/U_L1_1.fastq.gz; Input files updated by another job: /g/steinmetz/link/Amplicon_barcode_analysis/snake_test/MAUDE/.pipeline_state/QC_filtering_params.sh
    wildcards: sample=U_L1_1
    resources: mem_mb=4000, mem_mib=3815, disk_mb=1000, disk_mib=954, tmpdir=<TBD>, runtime=60, slurm_account=lsteinme


        source /g/steinmetz/link/Amplicon_barcode_analysis/snake_test/MAUDE/.pipeline_state/QC_filtering_params.sh

        if [[ "$QC_FILTERING_RUN" == "true" ]]; then
          bash shell/QC_filtering_snake.sh \
            --input-fastq /g/steinmetz/link/Amplicon_barcode_analysis/snake_test/MAUDE/fastq_symlinks/U_L1_1.fastq.gz \
            --output-fastq /g/steinmetz/link/Amplicon_barcode_analysis/snake_test/MAUDE/QC_filtered/U_L1_1.fastq.gz \
            --min-qual "$QC_MIN_QUAL" \
            --qual-offset "$QC_QUAL_OFFSET" \
            --min-length "$QC_MIN_LENGTH" \
            --use-modules "$USE_MODULES" \
            --seqtk-module "$SEQTK_MODULE"
        else
          mkdir -p "$(dirname /g/steinmetz/link/Amplicon_barcode_analysis/snake_test/MAUDE/QC_filtered/U_L1_1.fastq.gz)"

          if [[ "/g/steinmetz/link/Amplicon_barcode_analysis/snake_test/MAUDE/fastq_symlinks/U_L1_1.fastq.gz" == *.gz ]]; then
            ln -sf /g/steinmetz/link/Amplicon_barcode_analysis/snake_test/MAUDE/fastq_symlinks/U_L1_1.fastq.gz /g/steinmetz/link/Amplicon_barcode_analysis/snake_test/MAUDE/QC_filtered/U_L1_1.fastq.gz
          else
            gzip -c /g/steinmetz/link/Amplicon_barcode_analysis/snake_test/MAUDE/fastq_symlinks/U_L1_1.fastq.gz > /g/steinmetz/link/Amplicon_barcode_analysis/snake_test/MAUDE/QC_filtered/U_L1_1.fastq.gz
          fi
        fi
        
Job 13 has been submitted with SLURM jobid 57411313 (log: /home/link/Amplicon_barcode_analysis/Lukas_Pipeline/binned_PCR_amplicon_UMI_analysis/.snakemake/slurm_logs/rule_QC_filter_shell/U_L1_1/57411313.log).

[Thu Jun 25 11:40:45 2026]
rule QC_filter_shell:
    input: /g/steinmetz/link/Amplicon_barcode_analysis/snake_test/MAUDE/fastq_symlinks/L_L1_1.fastq.gz, /g/steinmetz/link/Amplicon_barcode_analysis/snake_test/MAUDE/.pipeline_state/QC_filtering_params.sh
    output: /g/steinmetz/link/Amplicon_barcode_analysis/snake_test/MAUDE/QC_filtered/L_L1_1.fastq.gz
    jobid: 10
    reason: Missing output files: /g/steinmetz/link/Amplicon_barcode_analysis/snake_test/MAUDE/QC_filtered/L_L1_1.fastq.gz; Input files updated by another job: /g/steinmetz/link/Amplicon_barcode_analysis/snake_test/MAUDE/.pipeline_state/QC_filtering_params.sh
    wildcards: sample=L_L1_1
    resources: mem_mb=4000, mem_mib=3815, disk_mb=1000, disk_mib=954, tmpdir=<TBD>, runtime=60, slurm_account=lsteinme


        source /g/steinmetz/link/Amplicon_barcode_analysis/snake_test/MAUDE/.pipeline_state/QC_filtering_params.sh

        if [[ "$QC_FILTERING_RUN" == "true" ]]; then
          bash shell/QC_filtering_snake.sh \
            --input-fastq /g/steinmetz/link/Amplicon_barcode_analysis/snake_test/MAUDE/fastq_symlinks/L_L1_1.fastq.gz \
            --output-fastq /g/steinmetz/link/Amplicon_barcode_analysis/snake_test/MAUDE/QC_filtered/L_L1_1.fastq.gz \
            --min-qual "$QC_MIN_QUAL" \
            --qual-offset "$QC_QUAL_OFFSET" \
            --min-length "$QC_MIN_LENGTH" \
            --use-modules "$USE_MODULES" \
            --seqtk-module "$SEQTK_MODULE"
        else
          mkdir -p "$(dirname /g/steinmetz/link/Amplicon_barcode_analysis/snake_test/MAUDE/QC_filtered/L_L1_1.fastq.gz)"

          if [[ "/g/steinmetz/link/Amplicon_barcode_analysis/snake_test/MAUDE/fastq_symlinks/L_L1_1.fastq.gz" == *.gz ]]; then
            ln -sf /g/steinmetz/link/Amplicon_barcode_analysis/snake_test/MAUDE/fastq_symlinks/L_L1_1.fastq.gz /g/steinmetz/link/Amplicon_barcode_analysis/snake_test/MAUDE/QC_filtered/L_L1_1.fastq.gz
          else
            gzip -c /g/steinmetz/link/Amplicon_barcode_analysis/snake_test/MAUDE/fastq_symlinks/L_L1_1.fastq.gz > /g/steinmetz/link/Amplicon_barcode_analysis/snake_test/MAUDE/QC_filtered/L_L1_1.fastq.gz
          fi
        fi
        
Job 10 has been submitted with SLURM jobid 57411314 (log: /home/link/Amplicon_barcode_analysis/Lukas_Pipeline/binned_PCR_amplicon_UMI_analysis/.snakemake/slurm_logs/rule_QC_filter_shell/L_L1_1/57411314.log).

[Thu Jun 25 11:40:45 2026]
rule QC_filter_shell:
    input: /g/steinmetz/link/Amplicon_barcode_analysis/snake_test/MAUDE/fastq_symlinks/I_L1_1.fastq.gz, /g/steinmetz/link/Amplicon_barcode_analysis/snake_test/MAUDE/.pipeline_state/QC_filtering_params.sh
    output: /g/steinmetz/link/Amplicon_barcode_analysis/snake_test/MAUDE/QC_filtered/I_L1_1.fastq.gz
    jobid: 6
    reason: Missing output files: /g/steinmetz/link/Amplicon_barcode_analysis/snake_test/MAUDE/QC_filtered/I_L1_1.fastq.gz; Input files updated by another job: /g/steinmetz/link/Amplicon_barcode_analysis/snake_test/MAUDE/.pipeline_state/QC_filtering_params.sh
    wildcards: sample=I_L1_1
    resources: mem_mb=4000, mem_mib=3815, disk_mb=1000, disk_mib=954, tmpdir=<TBD>, runtime=60, slurm_account=lsteinme


        source /g/steinmetz/link/Amplicon_barcode_analysis/snake_test/MAUDE/.pipeline_state/QC_filtering_params.sh

        if [[ "$QC_FILTERING_RUN" == "true" ]]; then
          bash shell/QC_filtering_snake.sh \
            --input-fastq /g/steinmetz/link/Amplicon_barcode_analysis/snake_test/MAUDE/fastq_symlinks/I_L1_1.fastq.gz \
            --output-fastq /g/steinmetz/link/Amplicon_barcode_analysis/snake_test/MAUDE/QC_filtered/I_L1_1.fastq.gz \
            --min-qual "$QC_MIN_QUAL" \
            --qual-offset "$QC_QUAL_OFFSET" \
            --min-length "$QC_MIN_LENGTH" \
            --use-modules "$USE_MODULES" \
            --seqtk-module "$SEQTK_MODULE"
        else
          mkdir -p "$(dirname /g/steinmetz/link/Amplicon_barcode_analysis/snake_test/MAUDE/QC_filtered/I_L1_1.fastq.gz)"

          if [[ "/g/steinmetz/link/Amplicon_barcode_analysis/snake_test/MAUDE/fastq_symlinks/I_L1_1.fastq.gz" == *.gz ]]; then
            ln -sf /g/steinmetz/link/Amplicon_barcode_analysis/snake_test/MAUDE/fastq_symlinks/I_L1_1.fastq.gz /g/steinmetz/link/Amplicon_barcode_analysis/snake_test/MAUDE/QC_filtered/I_L1_1.fastq.gz
          else
            gzip -c /g/steinmetz/link/Amplicon_barcode_analysis/snake_test/MAUDE/fastq_symlinks/I_L1_1.fastq.gz > /g/steinmetz/link/Amplicon_barcode_analysis/snake_test/MAUDE/QC_filtered/I_L1_1.fastq.gz
          fi
        fi
        
Job 6 has been submitted with SLURM jobid 57411315 (log: /home/link/Amplicon_barcode_analysis/Lukas_Pipeline/binned_PCR_amplicon_UMI_analysis/.snakemake/slurm_logs/rule_QC_filter_shell/I_L1_1/57411315.log).
[Thu Jun 25 11:41:15 2026]
Finished job 13.
2 of 13 steps (15%) done
[Thu Jun 25 11:41:15 2026]
Finished job 10.
3 of 13 steps (23%) done
[Thu Jun 25 11:41:15 2026]
Finished job 6.
4 of 13 steps (31%) done
Select jobs to execute...
Execute 3 jobs...

[Thu Jun 25 11:41:15 2026]
rule prepare_bcwithqc_input:
    input: /g/steinmetz/link/Amplicon_barcode_analysis/snake_test/MAUDE/QC_filtered/I_L1_1.fastq.gz
    output: /g/steinmetz/link/Amplicon_barcode_analysis/snake_test/MAUDE/bcwithqc_symlinks/I_L1_1/I_L1_1.fastq.gz
    jobid: 5
    reason: Missing output files: /g/steinmetz/link/Amplicon_barcode_analysis/snake_test/MAUDE/bcwithqc_symlinks/I_L1_1/I_L1_1.fastq.gz; Input files updated by another job: /g/steinmetz/link/Amplicon_barcode_analysis/snake_test/MAUDE/QC_filtered/I_L1_1.fastq.gz
    wildcards: sample=I_L1_1
    resources: mem_mb=4000, mem_mib=3815, disk_mb=1000, disk_mib=954, tmpdir=<TBD>, runtime=60, slurm_account=lsteinme


        mkdir -p "$(dirname /g/steinmetz/link/Amplicon_barcode_analysis/snake_test/MAUDE/bcwithqc_symlinks/I_L1_1/I_L1_1.fastq.gz)"
        ln -sf "$(realpath /g/steinmetz/link/Amplicon_barcode_analysis/snake_test/MAUDE/QC_filtered/I_L1_1.fastq.gz)" /g/steinmetz/link/Amplicon_barcode_analysis/snake_test/MAUDE/bcwithqc_symlinks/I_L1_1/I_L1_1.fastq.gz
        
Job 5 has been submitted with SLURM jobid 57411334 (log: /home/link/Amplicon_barcode_analysis/Lukas_Pipeline/binned_PCR_amplicon_UMI_analysis/.snakemake/slurm_logs/rule_prepare_bcwithqc_input/I_L1_1/57411334.log).

[Thu Jun 25 11:41:15 2026]
rule prepare_bcwithqc_input:
    input: /g/steinmetz/link/Amplicon_barcode_analysis/snake_test/MAUDE/QC_filtered/U_L1_1.fastq.gz
    output: /g/steinmetz/link/Amplicon_barcode_analysis/snake_test/MAUDE/bcwithqc_symlinks/U_L1_1/U_L1_1.fastq.gz
    jobid: 12
    reason: Missing output files: /g/steinmetz/link/Amplicon_barcode_analysis/snake_test/MAUDE/bcwithqc_symlinks/U_L1_1/U_L1_1.fastq.gz; Input files updated by another job: /g/steinmetz/link/Amplicon_barcode_analysis/snake_test/MAUDE/QC_filtered/U_L1_1.fastq.gz
    wildcards: sample=U_L1_1
    resources: mem_mb=4000, mem_mib=3815, disk_mb=1000, disk_mib=954, tmpdir=<TBD>, runtime=60, slurm_account=lsteinme


        mkdir -p "$(dirname /g/steinmetz/link/Amplicon_barcode_analysis/snake_test/MAUDE/bcwithqc_symlinks/U_L1_1/U_L1_1.fastq.gz)"
        ln -sf "$(realpath /g/steinmetz/link/Amplicon_barcode_analysis/snake_test/MAUDE/QC_filtered/U_L1_1.fastq.gz)" /g/steinmetz/link/Amplicon_barcode_analysis/snake_test/MAUDE/bcwithqc_symlinks/U_L1_1/U_L1_1.fastq.gz
        
Job 12 has been submitted with SLURM jobid 57411335 (log: /home/link/Amplicon_barcode_analysis/Lukas_Pipeline/binned_PCR_amplicon_UMI_analysis/.snakemake/slurm_logs/rule_prepare_bcwithqc_input/U_L1_1/57411335.log).

[Thu Jun 25 11:41:15 2026]
rule prepare_bcwithqc_input:
    input: /g/steinmetz/link/Amplicon_barcode_analysis/snake_test/MAUDE/QC_filtered/L_L1_1.fastq.gz
    output: /g/steinmetz/link/Amplicon_barcode_analysis/snake_test/MAUDE/bcwithqc_symlinks/L_L1_1/L_L1_1.fastq.gz
    jobid: 9
    reason: Missing output files: /g/steinmetz/link/Amplicon_barcode_analysis/snake_test/MAUDE/bcwithqc_symlinks/L_L1_1/L_L1_1.fastq.gz; Input files updated by another job: /g/steinmetz/link/Amplicon_barcode_analysis/snake_test/MAUDE/QC_filtered/L_L1_1.fastq.gz
    wildcards: sample=L_L1_1
    resources: mem_mb=4000, mem_mib=3815, disk_mb=1000, disk_mib=954, tmpdir=<TBD>, runtime=60, slurm_account=lsteinme


        mkdir -p "$(dirname /g/steinmetz/link/Amplicon_barcode_analysis/snake_test/MAUDE/bcwithqc_symlinks/L_L1_1/L_L1_1.fastq.gz)"
        ln -sf "$(realpath /g/steinmetz/link/Amplicon_barcode_analysis/snake_test/MAUDE/QC_filtered/L_L1_1.fastq.gz)" /g/steinmetz/link/Amplicon_barcode_analysis/snake_test/MAUDE/bcwithqc_symlinks/L_L1_1/L_L1_1.fastq.gz
        
Job 9 has been submitted with SLURM jobid 57411336 (log: /home/link/Amplicon_barcode_analysis/Lukas_Pipeline/binned_PCR_amplicon_UMI_analysis/.snakemake/slurm_logs/rule_prepare_bcwithqc_input/L_L1_1/57411336.log).
[Thu Jun 25 11:41:45 2026]
Finished job 5.
5 of 13 steps (38%) done
[Thu Jun 25 11:41:45 2026]
Finished job 12.
6 of 13 steps (46%) done
[Thu Jun 25 11:41:45 2026]
Finished job 9.
7 of 13 steps (54%) done
Select jobs to execute...
Execute 3 jobs...

[Thu Jun 25 11:41:45 2026]
rule bcwithqc_one_sample:
    input: /g/steinmetz/link/Amplicon_barcode_analysis/snake_test/MAUDE/bcwithqc_symlinks/U_L1_1/U_L1_1.fastq.gz
    output: /g/steinmetz/link/Amplicon_barcode_analysis/snake_test/MAUDE/.pipeline_state/bcwithqc_done/U_L1_1.done
    jobid: 11
    reason: Missing output files: /g/steinmetz/link/Amplicon_barcode_analysis/snake_test/MAUDE/.pipeline_state/bcwithqc_done/U_L1_1.done; Input files updated by another job: /g/steinmetz/link/Amplicon_barcode_analysis/snake_test/MAUDE/bcwithqc_symlinks/U_L1_1/U_L1_1.fastq.gz
    wildcards: sample=U_L1_1
    threads: 10
    resources: mem_mb=40000, mem_mib=38147, disk_mb=1000, disk_mib=954, tmpdir=<TBD>, runtime=240, slurm_account=lsteinme


        unset PYTHONPATH
        unset PYTHONHOME
        export PYTHONNOUSERSITE=1

        rm -rf "/g/steinmetz/link/Amplicon_barcode_analysis/snake_test/MAUDE/bcwithqc_output/U_L1_1"
        mkdir -p "/g/steinmetz/link/Amplicon_barcode_analysis/snake_test/MAUDE/bcwithqc_output/U_L1_1"

        "/home/link/.conda/envs/py313/bin/bcwithqc" preprocess \
          "/g/steinmetz/link/Amplicon_barcode_analysis/snake_test/MAUDE/bcwithqc_symlinks/U_L1_1" \
          --config="/g/steinmetz/link/Amplicon_barcode_analysis/library/bcwithqc_config_whole_genome_sublibs_1_to_4.json" \
          --output-dir="/g/steinmetz/link/Amplicon_barcode_analysis/snake_test/MAUDE/bcwithqc_output/U_L1_1" \
          --threads="10" \
          --output-format-bam \
          -vv

        "/home/link/.conda/envs/py313/bin/bcwithqc" count \
          "/g/steinmetz/link/Amplicon_barcode_analysis/snake_test/MAUDE/bcwithqc_output/U_L1_1" \
          --STAR-output-dir="/g/steinmetz/link/Amplicon_barcode_analysis/snake_test/MAUDE/bcwithqc_output/U_L1_1" \
          --config="/g/steinmetz/link/Amplicon_barcode_analysis/library/bcwithqc_config_whole_genome_sublibs_1_to_4.json" \
          --output-dir="/g/steinmetz/link/Amplicon_barcode_analysis/snake_test/MAUDE/bcwithqc_output/U_L1_1" \
          --threads="10" \
          -vv
          
        mkdir -p "$(dirname "/g/steinmetz/link/Amplicon_barcode_analysis/snake_test/MAUDE/.pipeline_state/bcwithqc_done/U_L1_1.done")"
        touch "/g/steinmetz/link/Amplicon_barcode_analysis/snake_test/MAUDE/.pipeline_state/bcwithqc_done/U_L1_1.done"
        
Job 11 has been submitted with SLURM jobid 57411358 (log: /home/link/Amplicon_barcode_analysis/Lukas_Pipeline/binned_PCR_amplicon_UMI_analysis/.snakemake/slurm_logs/rule_bcwithqc_one_sample/U_L1_1/57411358.log).

[Thu Jun 25 11:41:45 2026]
rule bcwithqc_one_sample:
    input: /g/steinmetz/link/Amplicon_barcode_analysis/snake_test/MAUDE/bcwithqc_symlinks/L_L1_1/L_L1_1.fastq.gz
    output: /g/steinmetz/link/Amplicon_barcode_analysis/snake_test/MAUDE/.pipeline_state/bcwithqc_done/L_L1_1.done
    jobid: 8
    reason: Missing output files: /g/steinmetz/link/Amplicon_barcode_analysis/snake_test/MAUDE/.pipeline_state/bcwithqc_done/L_L1_1.done; Input files updated by another job: /g/steinmetz/link/Amplicon_barcode_analysis/snake_test/MAUDE/bcwithqc_symlinks/L_L1_1/L_L1_1.fastq.gz
    wildcards: sample=L_L1_1
    threads: 10
    resources: mem_mb=40000, mem_mib=38147, disk_mb=1000, disk_mib=954, tmpdir=<TBD>, runtime=240, slurm_account=lsteinme


        unset PYTHONPATH
        unset PYTHONHOME
        export PYTHONNOUSERSITE=1

        rm -rf "/g/steinmetz/link/Amplicon_barcode_analysis/snake_test/MAUDE/bcwithqc_output/L_L1_1"
        mkdir -p "/g/steinmetz/link/Amplicon_barcode_analysis/snake_test/MAUDE/bcwithqc_output/L_L1_1"

        "/home/link/.conda/envs/py313/bin/bcwithqc" preprocess \
          "/g/steinmetz/link/Amplicon_barcode_analysis/snake_test/MAUDE/bcwithqc_symlinks/L_L1_1" \
          --config="/g/steinmetz/link/Amplicon_barcode_analysis/library/bcwithqc_config_whole_genome_sublibs_1_to_4.json" \
          --output-dir="/g/steinmetz/link/Amplicon_barcode_analysis/snake_test/MAUDE/bcwithqc_output/L_L1_1" \
          --threads="10" \
          --output-format-bam \
          -vv

        "/home/link/.conda/envs/py313/bin/bcwithqc" count \
          "/g/steinmetz/link/Amplicon_barcode_analysis/snake_test/MAUDE/bcwithqc_output/L_L1_1" \
          --STAR-output-dir="/g/steinmetz/link/Amplicon_barcode_analysis/snake_test/MAUDE/bcwithqc_output/L_L1_1" \
          --config="/g/steinmetz/link/Amplicon_barcode_analysis/library/bcwithqc_config_whole_genome_sublibs_1_to_4.json" \
          --output-dir="/g/steinmetz/link/Amplicon_barcode_analysis/snake_test/MAUDE/bcwithqc_output/L_L1_1" \
          --threads="10" \
          -vv
          
        mkdir -p "$(dirname "/g/steinmetz/link/Amplicon_barcode_analysis/snake_test/MAUDE/.pipeline_state/bcwithqc_done/L_L1_1.done")"
        touch "/g/steinmetz/link/Amplicon_barcode_analysis/snake_test/MAUDE/.pipeline_state/bcwithqc_done/L_L1_1.done"
        
Job 8 has been submitted with SLURM jobid 57411359 (log: /home/link/Amplicon_barcode_analysis/Lukas_Pipeline/binned_PCR_amplicon_UMI_analysis/.snakemake/slurm_logs/rule_bcwithqc_one_sample/L_L1_1/57411359.log).

[Thu Jun 25 11:41:46 2026]
rule bcwithqc_one_sample:
    input: /g/steinmetz/link/Amplicon_barcode_analysis/snake_test/MAUDE/bcwithqc_symlinks/I_L1_1/I_L1_1.fastq.gz
    output: /g/steinmetz/link/Amplicon_barcode_analysis/snake_test/MAUDE/.pipeline_state/bcwithqc_done/I_L1_1.done
    jobid: 4
    reason: Missing output files: /g/steinmetz/link/Amplicon_barcode_analysis/snake_test/MAUDE/.pipeline_state/bcwithqc_done/I_L1_1.done; Input files updated by another job: /g/steinmetz/link/Amplicon_barcode_analysis/snake_test/MAUDE/bcwithqc_symlinks/I_L1_1/I_L1_1.fastq.gz
    wildcards: sample=I_L1_1
    threads: 10
    resources: mem_mb=40000, mem_mib=38147, disk_mb=1000, disk_mib=954, tmpdir=<TBD>, runtime=240, slurm_account=lsteinme


        unset PYTHONPATH
        unset PYTHONHOME
        export PYTHONNOUSERSITE=1

        rm -rf "/g/steinmetz/link/Amplicon_barcode_analysis/snake_test/MAUDE/bcwithqc_output/I_L1_1"
        mkdir -p "/g/steinmetz/link/Amplicon_barcode_analysis/snake_test/MAUDE/bcwithqc_output/I_L1_1"

        "/home/link/.conda/envs/py313/bin/bcwithqc" preprocess \
          "/g/steinmetz/link/Amplicon_barcode_analysis/snake_test/MAUDE/bcwithqc_symlinks/I_L1_1" \
          --config="/g/steinmetz/link/Amplicon_barcode_analysis/library/bcwithqc_config_whole_genome_sublibs_1_to_4.json" \
          --output-dir="/g/steinmetz/link/Amplicon_barcode_analysis/snake_test/MAUDE/bcwithqc_output/I_L1_1" \
          --threads="10" \
          --output-format-bam \
          -vv

        "/home/link/.conda/envs/py313/bin/bcwithqc" count \
          "/g/steinmetz/link/Amplicon_barcode_analysis/snake_test/MAUDE/bcwithqc_output/I_L1_1" \
          --STAR-output-dir="/g/steinmetz/link/Amplicon_barcode_analysis/snake_test/MAUDE/bcwithqc_output/I_L1_1" \
          --config="/g/steinmetz/link/Amplicon_barcode_analysis/library/bcwithqc_config_whole_genome_sublibs_1_to_4.json" \
          --output-dir="/g/steinmetz/link/Amplicon_barcode_analysis/snake_test/MAUDE/bcwithqc_output/I_L1_1" \
          --threads="10" \
          -vv
          
        mkdir -p "$(dirname "/g/steinmetz/link/Amplicon_barcode_analysis/snake_test/MAUDE/.pipeline_state/bcwithqc_done/I_L1_1.done")"
        touch "/g/steinmetz/link/Amplicon_barcode_analysis/snake_test/MAUDE/.pipeline_state/bcwithqc_done/I_L1_1.done"
        
Job 4 has been submitted with SLURM jobid 57411361 (log: /home/link/Amplicon_barcode_analysis/Lukas_Pipeline/binned_PCR_amplicon_UMI_analysis/.snakemake/slurm_logs/rule_bcwithqc_one_sample/I_L1_1/57411361.log).
[Thu Jun 25 11:52:48 2026]
Finished job 11.
8 of 13 steps (62%) done
[Thu Jun 25 11:52:48 2026]
Finished job 8.
9 of 13 steps (69%) done
[Thu Jun 25 11:52:48 2026]
Finished job 4.
10 of 13 steps (77%) done
Select jobs to execute...
Execute 1 jobs...

[Thu Jun 25 11:52:48 2026]
rule bcwithqc_done:
    input: /g/steinmetz/link/Amplicon_barcode_analysis/snake_test/MAUDE/.pipeline_state/bcwithqc_done/I_L1_1.done, /g/steinmetz/link/Amplicon_barcode_analysis/snake_test/MAUDE/.pipeline_state/bcwithqc_done/L_L1_1.done, /g/steinmetz/link/Amplicon_barcode_analysis/snake_test/MAUDE/.pipeline_state/bcwithqc_done/U_L1_1.done
    output: /g/steinmetz/link/Amplicon_barcode_analysis/snake_test/MAUDE/.pipeline_state/05_bcwithqc.done
    jobid: 3
    reason: Input files updated by another job: /g/steinmetz/link/Amplicon_barcode_analysis/snake_test/MAUDE/.pipeline_state/bcwithqc_done/U_L1_1.done, /g/steinmetz/link/Amplicon_barcode_analysis/snake_test/MAUDE/.pipeline_state/bcwithqc_done/I_L1_1.done, /g/steinmetz/link/Amplicon_barcode_analysis/snake_test/MAUDE/.pipeline_state/bcwithqc_done/L_L1_1.done; Set of input files has changed since last execution
    resources: mem_mb=4000, mem_mib=3815, disk_mb=1000, disk_mib=954, tmpdir=<TBD>, runtime=60, slurm_account=lsteinme


        touch "/g/steinmetz/link/Amplicon_barcode_analysis/snake_test/MAUDE/.pipeline_state/05_bcwithqc.done"
        
Job 3 has been submitted with SLURM jobid 57411887 (log: /home/link/Amplicon_barcode_analysis/Lukas_Pipeline/binned_PCR_amplicon_UMI_analysis/.snakemake/slurm_logs/rule_bcwithqc_done/57411887.log).
[Thu Jun 25 11:53:47 2026]
Finished job 3.
11 of 13 steps (85%) done
Select jobs to execute...
Execute 1 jobs...

[Thu Jun 25 11:53:47 2026]
rule MAUDE_and_plot:
    input: /g/steinmetz/link/Amplicon_barcode_analysis/snake_test/MAUDE/.pipeline_state/resolved_config.rds, /g/steinmetz/link/Amplicon_barcode_analysis/snake_test/MAUDE/.pipeline_state/01_setup.done, /g/steinmetz/link/Amplicon_barcode_analysis/snake_test/MAUDE/.pipeline_state/05_bcwithqc.done
    output: /g/steinmetz/link/Amplicon_barcode_analysis/snake_test/MAUDE/rds/count_df.rds, /g/steinmetz/link/Amplicon_barcode_analysis/snake_test/MAUDE/results/mapping_results.xlsx
    jobid: 1
    reason: Missing output files: /g/steinmetz/link/Amplicon_barcode_analysis/snake_test/MAUDE/rds/count_df.rds; Input files updated by another job: /g/steinmetz/link/Amplicon_barcode_analysis/snake_test/MAUDE/.pipeline_state/05_bcwithqc.done
    resources: mem_mb=4000, mem_mib=3815, disk_mb=1000, disk_mib=954, tmpdir=<TBD>, runtime=100, slurm_account=lsteinme


        module load R/4.5.2-gfbf-2025b
        export R_LIBS_USER=/g/steinmetz/link/R-libs/x86_64-pc-linux-gnu/4.5.2
        Rscript --vanilla R/cli_MAUDE_and_plot.R /g/steinmetz/link/Amplicon_barcode_analysis/snake_test/MAUDE/.pipeline_state/resolved_config.rds
        
Job 1 has been submitted with SLURM jobid 57411924 (log: /home/link/Amplicon_barcode_analysis/Lukas_Pipeline/binned_PCR_amplicon_UMI_analysis/.snakemake/slurm_logs/rule_MAUDE_and_plot/57411924.log).
[Thu Jun 25 11:54:48 2026]
Finished job 1.
12 of 13 steps (92%) done
Select jobs to execute...
Execute 1 jobs...

[Thu Jun 25 11:54:48 2026]
localrule all:
    input: /g/steinmetz/link/Amplicon_barcode_analysis/snake_test/MAUDE/rds/count_df.rds
    jobid: 0
    reason: Input files updated by another job: /g/steinmetz/link/Amplicon_barcode_analysis/snake_test/MAUDE/rds/count_df.rds
    resources: mem_mb=4000, mem_mib=3815, disk_mb=1000, disk_mib=954, tmpdir=/tmp, runtime=60, slurm_account=lsteinme

[Thu Jun 25 11:54:48 2026]
Finished job 0.
13 of 13 steps (100%) done
Complete log: .snakemake/log/2026-06-25T114004.225369.snakemake.log
