Building DAG of jobs...
SLURM run ID: 966ae560-ea74-481d-82f9-8b424d41a77b
Using shell: /usr/bin/bash
Provided remote nodes: 20
Job stats:
job                       count
----------------------  -------
all                           1
bcwithqc_done                 1
bcwithqc_one_sample           3
prepare_bcwithqc_input        3
total                         8

Select jobs to execute...
Execute 3 jobs...

[Wed Jun 24 15:09:34 2026]
rule prepare_bcwithqc_input:
    input: /g/steinmetz/link/Amplicon_barcode_analysis/snake_test/QC_filtering/QC_filtered/I_L1_1.fastq.gz
    output: /g/steinmetz/link/Amplicon_barcode_analysis/snake_test/QC_filtering/bcwithqc_symlinks/I_L1_1/I_L1_1.fastq.gz
    jobid: 3
    reason: Missing output files: /g/steinmetz/link/Amplicon_barcode_analysis/snake_test/QC_filtering/bcwithqc_symlinks/I_L1_1/I_L1_1.fastq.gz
    wildcards: sample=I_L1_1
    resources: mem_mb=4000, mem_mib=3815, disk_mb=1000, disk_mib=954, tmpdir=<TBD>, runtime=60, slurm_account=lsteinme


        mkdir -p "$(dirname /g/steinmetz/link/Amplicon_barcode_analysis/snake_test/QC_filtering/bcwithqc_symlinks/I_L1_1/I_L1_1.fastq.gz)"
        ln -sf "$(realpath /g/steinmetz/link/Amplicon_barcode_analysis/snake_test/QC_filtering/QC_filtered/I_L1_1.fastq.gz)" /g/steinmetz/link/Amplicon_barcode_analysis/snake_test/QC_filtering/bcwithqc_symlinks/I_L1_1/I_L1_1.fastq.gz
        
Job 3 has been submitted with SLURM jobid 57340638 (log: /home/link/Amplicon_barcode_analysis/Lukas_Pipeline/binned_PCR_amplicon_UMI_analysis/.snakemake/slurm_logs/rule_prepare_bcwithqc_input/I_L1_1/57340638.log).

[Wed Jun 24 15:09:34 2026]
rule prepare_bcwithqc_input:
    input: /g/steinmetz/link/Amplicon_barcode_analysis/snake_test/QC_filtering/QC_filtered/L_L1_1.fastq.gz
    output: /g/steinmetz/link/Amplicon_barcode_analysis/snake_test/QC_filtering/bcwithqc_symlinks/L_L1_1/L_L1_1.fastq.gz
    jobid: 8
    reason: Missing output files: /g/steinmetz/link/Amplicon_barcode_analysis/snake_test/QC_filtering/bcwithqc_symlinks/L_L1_1/L_L1_1.fastq.gz
    wildcards: sample=L_L1_1
    resources: mem_mb=4000, mem_mib=3815, disk_mb=1000, disk_mib=954, tmpdir=<TBD>, runtime=60, slurm_account=lsteinme


        mkdir -p "$(dirname /g/steinmetz/link/Amplicon_barcode_analysis/snake_test/QC_filtering/bcwithqc_symlinks/L_L1_1/L_L1_1.fastq.gz)"
        ln -sf "$(realpath /g/steinmetz/link/Amplicon_barcode_analysis/snake_test/QC_filtering/QC_filtered/L_L1_1.fastq.gz)" /g/steinmetz/link/Amplicon_barcode_analysis/snake_test/QC_filtering/bcwithqc_symlinks/L_L1_1/L_L1_1.fastq.gz
        
Job 8 has been submitted with SLURM jobid 57340639 (log: /home/link/Amplicon_barcode_analysis/Lukas_Pipeline/binned_PCR_amplicon_UMI_analysis/.snakemake/slurm_logs/rule_prepare_bcwithqc_input/L_L1_1/57340639.log).

[Wed Jun 24 15:09:34 2026]
rule prepare_bcwithqc_input:
    input: /g/steinmetz/link/Amplicon_barcode_analysis/snake_test/QC_filtering/QC_filtered/U_L1_1.fastq.gz
    output: /g/steinmetz/link/Amplicon_barcode_analysis/snake_test/QC_filtering/bcwithqc_symlinks/U_L1_1/U_L1_1.fastq.gz
    jobid: 11
    reason: Missing output files: /g/steinmetz/link/Amplicon_barcode_analysis/snake_test/QC_filtering/bcwithqc_symlinks/U_L1_1/U_L1_1.fastq.gz
    wildcards: sample=U_L1_1
    resources: mem_mb=4000, mem_mib=3815, disk_mb=1000, disk_mib=954, tmpdir=<TBD>, runtime=60, slurm_account=lsteinme


        mkdir -p "$(dirname /g/steinmetz/link/Amplicon_barcode_analysis/snake_test/QC_filtering/bcwithqc_symlinks/U_L1_1/U_L1_1.fastq.gz)"
        ln -sf "$(realpath /g/steinmetz/link/Amplicon_barcode_analysis/snake_test/QC_filtering/QC_filtered/U_L1_1.fastq.gz)" /g/steinmetz/link/Amplicon_barcode_analysis/snake_test/QC_filtering/bcwithqc_symlinks/U_L1_1/U_L1_1.fastq.gz
        
Job 11 has been submitted with SLURM jobid 57340641 (log: /home/link/Amplicon_barcode_analysis/Lukas_Pipeline/binned_PCR_amplicon_UMI_analysis/.snakemake/slurm_logs/rule_prepare_bcwithqc_input/U_L1_1/57340641.log).
[Wed Jun 24 15:10:13 2026]
Finished job 3.
1 of 8 steps (12%) done
[Wed Jun 24 15:10:13 2026]
Finished job 8.
2 of 8 steps (25%) done
[Wed Jun 24 15:10:13 2026]
Finished job 11.
3 of 8 steps (38%) done
Select jobs to execute...
Execute 3 jobs...

[Wed Jun 24 15:10:13 2026]
rule bcwithqc_one_sample:
    input: /g/steinmetz/link/Amplicon_barcode_analysis/snake_test/QC_filtering/bcwithqc_symlinks/U_L1_1/U_L1_1.fastq.gz
    output: /g/steinmetz/link/Amplicon_barcode_analysis/snake_test/QC_filtering/.pipeline_state/bcwithqc_done/U_L1_1.done
    jobid: 10
    reason: Missing output files: /g/steinmetz/link/Amplicon_barcode_analysis/snake_test/QC_filtering/.pipeline_state/bcwithqc_done/U_L1_1.done; Input files updated by another job: /g/steinmetz/link/Amplicon_barcode_analysis/snake_test/QC_filtering/bcwithqc_symlinks/U_L1_1/U_L1_1.fastq.gz
    wildcards: sample=U_L1_1
    threads: 10
    resources: mem_mb=40000, mem_mib=38147, disk_mb=1000, disk_mib=954, tmpdir=<TBD>, runtime=240, slurm_account=lsteinme


        unset PYTHONPATH
        unset PYTHONHOME
        export PYTHONNOUSERSITE=1

        rm -rf "/g/steinmetz/link/Amplicon_barcode_analysis/snake_test/QC_filtering/bcwithqc_output/U_L1_1"
        mkdir -p "/g/steinmetz/link/Amplicon_barcode_analysis/snake_test/QC_filtering/bcwithqc_output/U_L1_1"

        "/home/link/.conda/envs/py313/bin/bcwithqc" preprocess \
          "/g/steinmetz/link/Amplicon_barcode_analysis/snake_test/QC_filtering/bcwithqc_symlinks/U_L1_1" \
          --config="/g/steinmetz/link/Amplicon_barcode_analysis/library/bcwithqc_config_whole_genome_sublibs_1_to_4.json" \
          --output-dir="/g/steinmetz/link/Amplicon_barcode_analysis/snake_test/QC_filtering/bcwithqc_output/U_L1_1" \
          --threads="10" \
          --output-format-bam \
          -vv

        "/home/link/.conda/envs/py313/bin/bcwithqc" count \
          "/g/steinmetz/link/Amplicon_barcode_analysis/snake_test/QC_filtering/bcwithqc_output/U_L1_1" \
          --STAR-output-dir="/g/steinmetz/link/Amplicon_barcode_analysis/snake_test/QC_filtering/bcwithqc_output/U_L1_1" \
          --config="/g/steinmetz/link/Amplicon_barcode_analysis/library/bcwithqc_config_whole_genome_sublibs_1_to_4.json" \
          --output-dir="/g/steinmetz/link/Amplicon_barcode_analysis/snake_test/QC_filtering/bcwithqc_output/U_L1_1" \
          --threads="10" \
          -vv
          
        mkdir -p "$(dirname "/g/steinmetz/link/Amplicon_barcode_analysis/snake_test/QC_filtering/.pipeline_state/bcwithqc_done/U_L1_1.done")"
        touch "/g/steinmetz/link/Amplicon_barcode_analysis/snake_test/QC_filtering/.pipeline_state/bcwithqc_done/U_L1_1.done"
        
Job 10 has been submitted with SLURM jobid 57340657 (log: /home/link/Amplicon_barcode_analysis/Lukas_Pipeline/binned_PCR_amplicon_UMI_analysis/.snakemake/slurm_logs/rule_bcwithqc_one_sample/U_L1_1/57340657.log).

[Wed Jun 24 15:10:13 2026]
rule bcwithqc_one_sample:
    input: /g/steinmetz/link/Amplicon_barcode_analysis/snake_test/QC_filtering/bcwithqc_symlinks/L_L1_1/L_L1_1.fastq.gz
    output: /g/steinmetz/link/Amplicon_barcode_analysis/snake_test/QC_filtering/.pipeline_state/bcwithqc_done/L_L1_1.done
    jobid: 7
    reason: Missing output files: /g/steinmetz/link/Amplicon_barcode_analysis/snake_test/QC_filtering/.pipeline_state/bcwithqc_done/L_L1_1.done; Input files updated by another job: /g/steinmetz/link/Amplicon_barcode_analysis/snake_test/QC_filtering/bcwithqc_symlinks/L_L1_1/L_L1_1.fastq.gz
    wildcards: sample=L_L1_1
    threads: 10
    resources: mem_mb=40000, mem_mib=38147, disk_mb=1000, disk_mib=954, tmpdir=<TBD>, runtime=240, slurm_account=lsteinme


        unset PYTHONPATH
        unset PYTHONHOME
        export PYTHONNOUSERSITE=1

        rm -rf "/g/steinmetz/link/Amplicon_barcode_analysis/snake_test/QC_filtering/bcwithqc_output/L_L1_1"
        mkdir -p "/g/steinmetz/link/Amplicon_barcode_analysis/snake_test/QC_filtering/bcwithqc_output/L_L1_1"

        "/home/link/.conda/envs/py313/bin/bcwithqc" preprocess \
          "/g/steinmetz/link/Amplicon_barcode_analysis/snake_test/QC_filtering/bcwithqc_symlinks/L_L1_1" \
          --config="/g/steinmetz/link/Amplicon_barcode_analysis/library/bcwithqc_config_whole_genome_sublibs_1_to_4.json" \
          --output-dir="/g/steinmetz/link/Amplicon_barcode_analysis/snake_test/QC_filtering/bcwithqc_output/L_L1_1" \
          --threads="10" \
          --output-format-bam \
          -vv

        "/home/link/.conda/envs/py313/bin/bcwithqc" count \
          "/g/steinmetz/link/Amplicon_barcode_analysis/snake_test/QC_filtering/bcwithqc_output/L_L1_1" \
          --STAR-output-dir="/g/steinmetz/link/Amplicon_barcode_analysis/snake_test/QC_filtering/bcwithqc_output/L_L1_1" \
          --config="/g/steinmetz/link/Amplicon_barcode_analysis/library/bcwithqc_config_whole_genome_sublibs_1_to_4.json" \
          --output-dir="/g/steinmetz/link/Amplicon_barcode_analysis/snake_test/QC_filtering/bcwithqc_output/L_L1_1" \
          --threads="10" \
          -vv
          
        mkdir -p "$(dirname "/g/steinmetz/link/Amplicon_barcode_analysis/snake_test/QC_filtering/.pipeline_state/bcwithqc_done/L_L1_1.done")"
        touch "/g/steinmetz/link/Amplicon_barcode_analysis/snake_test/QC_filtering/.pipeline_state/bcwithqc_done/L_L1_1.done"
        
Job 7 has been submitted with SLURM jobid 57340659 (log: /home/link/Amplicon_barcode_analysis/Lukas_Pipeline/binned_PCR_amplicon_UMI_analysis/.snakemake/slurm_logs/rule_bcwithqc_one_sample/L_L1_1/57340659.log).

[Wed Jun 24 15:10:14 2026]
rule bcwithqc_one_sample:
    input: /g/steinmetz/link/Amplicon_barcode_analysis/snake_test/QC_filtering/bcwithqc_symlinks/I_L1_1/I_L1_1.fastq.gz
    output: /g/steinmetz/link/Amplicon_barcode_analysis/snake_test/QC_filtering/.pipeline_state/bcwithqc_done/I_L1_1.done
    jobid: 2
    reason: Missing output files: /g/steinmetz/link/Amplicon_barcode_analysis/snake_test/QC_filtering/.pipeline_state/bcwithqc_done/I_L1_1.done; Input files updated by another job: /g/steinmetz/link/Amplicon_barcode_analysis/snake_test/QC_filtering/bcwithqc_symlinks/I_L1_1/I_L1_1.fastq.gz
    wildcards: sample=I_L1_1
    threads: 10
    resources: mem_mb=40000, mem_mib=38147, disk_mb=1000, disk_mib=954, tmpdir=<TBD>, runtime=240, slurm_account=lsteinme


        unset PYTHONPATH
        unset PYTHONHOME
        export PYTHONNOUSERSITE=1

        rm -rf "/g/steinmetz/link/Amplicon_barcode_analysis/snake_test/QC_filtering/bcwithqc_output/I_L1_1"
        mkdir -p "/g/steinmetz/link/Amplicon_barcode_analysis/snake_test/QC_filtering/bcwithqc_output/I_L1_1"

        "/home/link/.conda/envs/py313/bin/bcwithqc" preprocess \
          "/g/steinmetz/link/Amplicon_barcode_analysis/snake_test/QC_filtering/bcwithqc_symlinks/I_L1_1" \
          --config="/g/steinmetz/link/Amplicon_barcode_analysis/library/bcwithqc_config_whole_genome_sublibs_1_to_4.json" \
          --output-dir="/g/steinmetz/link/Amplicon_barcode_analysis/snake_test/QC_filtering/bcwithqc_output/I_L1_1" \
          --threads="10" \
          --output-format-bam \
          -vv

        "/home/link/.conda/envs/py313/bin/bcwithqc" count \
          "/g/steinmetz/link/Amplicon_barcode_analysis/snake_test/QC_filtering/bcwithqc_output/I_L1_1" \
          --STAR-output-dir="/g/steinmetz/link/Amplicon_barcode_analysis/snake_test/QC_filtering/bcwithqc_output/I_L1_1" \
          --config="/g/steinmetz/link/Amplicon_barcode_analysis/library/bcwithqc_config_whole_genome_sublibs_1_to_4.json" \
          --output-dir="/g/steinmetz/link/Amplicon_barcode_analysis/snake_test/QC_filtering/bcwithqc_output/I_L1_1" \
          --threads="10" \
          -vv
          
        mkdir -p "$(dirname "/g/steinmetz/link/Amplicon_barcode_analysis/snake_test/QC_filtering/.pipeline_state/bcwithqc_done/I_L1_1.done")"
        touch "/g/steinmetz/link/Amplicon_barcode_analysis/snake_test/QC_filtering/.pipeline_state/bcwithqc_done/I_L1_1.done"
        
Job 2 has been submitted with SLURM jobid 57340665 (log: /home/link/Amplicon_barcode_analysis/Lukas_Pipeline/binned_PCR_amplicon_UMI_analysis/.snakemake/slurm_logs/rule_bcwithqc_one_sample/I_L1_1/57340665.log).
[Wed Jun 24 15:25:26 2026]
Finished job 10.
4 of 8 steps (50%) done
[Wed Jun 24 15:25:26 2026]
Finished job 7.
5 of 8 steps (62%) done
[Wed Jun 24 15:25:26 2026]
Finished job 2.
6 of 8 steps (75%) done
Select jobs to execute...
Execute 1 jobs...

[Wed Jun 24 15:25:26 2026]
rule bcwithqc_done:
    input: /g/steinmetz/link/Amplicon_barcode_analysis/snake_test/QC_filtering/.pipeline_state/bcwithqc_done/I_L1_1.done, /g/steinmetz/link/Amplicon_barcode_analysis/snake_test/QC_filtering/.pipeline_state/bcwithqc_done/L_L1_1.done, /g/steinmetz/link/Amplicon_barcode_analysis/snake_test/QC_filtering/.pipeline_state/bcwithqc_done/U_L1_1.done
    output: /g/steinmetz/link/Amplicon_barcode_analysis/snake_test/QC_filtering/.pipeline_state/05_bcwithqc.done
    jobid: 1
    reason: Missing output files: /g/steinmetz/link/Amplicon_barcode_analysis/snake_test/QC_filtering/.pipeline_state/05_bcwithqc.done; Input files updated by another job: /g/steinmetz/link/Amplicon_barcode_analysis/snake_test/QC_filtering/.pipeline_state/bcwithqc_done/L_L1_1.done, /g/steinmetz/link/Amplicon_barcode_analysis/snake_test/QC_filtering/.pipeline_state/bcwithqc_done/U_L1_1.done, /g/steinmetz/link/Amplicon_barcode_analysis/snake_test/QC_filtering/.pipeline_state/bcwithqc_done/I_L1_1.done
    resources: mem_mb=4000, mem_mib=3815, disk_mb=1000, disk_mib=954, tmpdir=<TBD>, runtime=60, slurm_account=lsteinme


        touch "/g/steinmetz/link/Amplicon_barcode_analysis/snake_test/QC_filtering/.pipeline_state/05_bcwithqc.done"
        
Job 1 has been submitted with SLURM jobid 57341698 (log: /home/link/Amplicon_barcode_analysis/Lukas_Pipeline/binned_PCR_amplicon_UMI_analysis/.snakemake/slurm_logs/rule_bcwithqc_done/57341698.log).
[Wed Jun 24 15:25:56 2026]
Finished job 1.
7 of 8 steps (88%) done
Select jobs to execute...
Execute 1 jobs...

[Wed Jun 24 15:25:56 2026]
localrule all:
    input: /g/steinmetz/link/Amplicon_barcode_analysis/snake_test/QC_filtering/.pipeline_state/05_bcwithqc.done
    jobid: 0
    reason: Input files updated by another job: /g/steinmetz/link/Amplicon_barcode_analysis/snake_test/QC_filtering/.pipeline_state/05_bcwithqc.done
    resources: mem_mb=4000, mem_mib=3815, disk_mb=1000, disk_mib=954, tmpdir=/tmp, runtime=60, slurm_account=lsteinme

[Wed Jun 24 15:25:56 2026]
Finished job 0.
8 of 8 steps (100%) done
Complete log: .snakemake/log/2026-06-24T150932.556966.snakemake.log
