Building DAG of jobs...
SLURM run ID: 65476860-3d2d-453e-8846-255c39876563
Using shell: /usr/bin/bash
Provided remote nodes: 20
Job stats:
job                     count
--------------------  -------
all                         1
make_reference_R            1
make_reference_shell        1
setup_R                     1
total                       4

Select jobs to execute...
Execute 1 jobs...

[Fri Jun 19 10:59:23 2026]
rule setup_R:
    input: config.yaml
    output: /scratch/link/Amplicon_barcode_analysis/snake_test/make_ref/.pipeline_state/resolved_config.rds, /scratch/link/Amplicon_barcode_analysis/snake_test/make_ref/.pipeline_state/resolved_config.yaml, /scratch/link/Amplicon_barcode_analysis/snake_test/make_ref/.pipeline_state/fastq_manifest.tsv, /scratch/link/Amplicon_barcode_analysis/snake_test/make_ref/.pipeline_state/01_setup.done
    jobid: 1
    reason: Missing output files: /scratch/link/Amplicon_barcode_analysis/snake_test/make_ref/.pipeline_state/resolved_config.rds, /scratch/link/Amplicon_barcode_analysis/snake_test/make_ref/.pipeline_state/01_setup.done
    resources: mem_mb=4000, mem_mib=3815, disk_mb=1000, disk_mib=954, tmpdir=<TBD>, runtime=60, slurm_account=lsteinme, slurm_partition=normal


        module load R/4.5.2-gfbf-2025b
        export R_LIBS=/g/steinmetz/link/R-libs/x86_64-pc-linux-gnu/jupyterhub-ubuntu-24.04/4.5.2:/g/steinmetz/link/R-libs/x86_64-pc-linux-gnu/jupyterhub-ubuntu-22.04/4.4.1
        Rscript --vanilla R/cli_setup.R config.yaml
        
WorkflowError:
SLURM job submission failed. The error message was sbatch: error: invalid partition specified: normal
sbatch: error: Batch job submission failed: Invalid partition name specified

