Building DAG of jobs...
SLURM run ID: 41cea2d9-247b-4e6a-9202-baec2641ef77
Using shell: /usr/bin/bash
Provided remote nodes: 20
Job stats:
job        count
-------  -------
setup_R        1
total          1

Select jobs to execute...
Execute 1 jobs...

[Wed Jun 24 16:18:39 2026]
rule setup_R:
    input: config.yaml
    output: /g/steinmetz/link/Amplicon_barcode_analysis/snake_test/QC_filtering/.pipeline_state/resolved_config.rds, /g/steinmetz/link/Amplicon_barcode_analysis/snake_test/QC_filtering/.pipeline_state/resolved_config.yaml, /g/steinmetz/link/Amplicon_barcode_analysis/snake_test/QC_filtering/.pipeline_state/fastq_manifest.tsv, /g/steinmetz/link/Amplicon_barcode_analysis/snake_test/QC_filtering/.pipeline_state/01_setup.done
    jobid: 0
    reason: Missing output files: /g/steinmetz/link/Amplicon_barcode_analysis/snake_test/QC_filtering/.pipeline_state/01_setup.done
    resources: mem_mb=4000, mem_mib=3815, disk_mb=1000, disk_mib=954, tmpdir=<TBD>, runtime=60, slurm_account=lsteinme


        module load R/4.5.2-gfbf-2025b
        # export R_LIBS=/g/steinmetz/link/R-libs/x86_64-pc-linux-gnu/jupyterhub-ubuntu-24.04/4.5.2:/g/steinmetz/link/R-libs/x86_64-pc-linux-gnu/jupyterhub-ubuntu-22.04/4.4.1
        export R_LIBS_USER=/g/steinmetz/link/R-libs/x86_64-pc-linux-gnu/4.5.2
        Rscript --vanilla R/cli_setup.R config.yaml
        
Job 0 has been submitted with SLURM jobid 57344976 (log: /home/link/Amplicon_barcode_analysis/Lukas_Pipeline/binned_PCR_amplicon_UMI_analysis/.snakemake/slurm_logs/rule_setup_R/57344976.log).
[Wed Jun 24 16:19:38 2026]
Finished job 0.
1 of 1 steps (100%) done
Complete log: .snakemake/log/2026-06-24T161838.082985.snakemake.log
