Building DAG of jobs...
SLURM run ID: 8c1b6aa2-e47c-4f7b-a75a-1c75a808f8c5
Using shell: /usr/bin/bash
Provided remote nodes: 20
Job stats:
job                     count
--------------------  -------
all                         1
make_reference_R            1
make_reference_shell        1
setup_R                     1
total                       4

Select jobs to execute...
Execute 1 jobs...

[Fri Jun 19 11:38:38 2026]
rule setup_R:
    input: config.yaml
    output: /scratch/link/Amplicon_barcode_analysis/snake_test/make_ref/.pipeline_state/resolved_config.rds, /scratch/link/Amplicon_barcode_analysis/snake_test/make_ref/.pipeline_state/resolved_config.yaml, /scratch/link/Amplicon_barcode_analysis/snake_test/make_ref/.pipeline_state/fastq_manifest.tsv, /scratch/link/Amplicon_barcode_analysis/snake_test/make_ref/.pipeline_state/01_setup.done
    jobid: 1
    reason: Missing output files: /scratch/link/Amplicon_barcode_analysis/snake_test/make_ref/.pipeline_state/resolved_config.rds, /scratch/link/Amplicon_barcode_analysis/snake_test/make_ref/.pipeline_state/01_setup.done
    resources: mem_mb=4000, mem_mib=3815, disk_mb=1000, disk_mib=954, tmpdir=<TBD>, runtime=60, slurm_account=lsteinme


        module load R/4.5.2-gfbf-2025b
        export R_LIBS_USER=/g/steinmetz/link/R-libs/x86_64-pc-linux-gnu/jupyterhub-ubuntu-24.04/4.5.2:/g/steinmetz/link/R-libs/x86_64-pc-linux-gnu/jupyterhub-ubuntu-22.04/4.4.1
        Rscript --vanilla R/cli_setup.R config.yaml
        
Job 1 has been submitted with SLURM jobid 56772494 (log: /home/link/Amplicon_barcode_analysis/Lukas_Pipeline/binned_PCR_amplicon_UMI_analysis/.snakemake/slurm_logs/rule_setup_R/56772494.log).
[Fri Jun 19 11:39:38 2026]
Error in rule setup_R:
    message: SLURM-job '56772494' failed, SLURM status is: 'FAILED'. For further error details see the cluster/cloud log and the log files of the involved rule(s).
    jobid: 1
    input: config.yaml
    output: /scratch/link/Amplicon_barcode_analysis/snake_test/make_ref/.pipeline_state/resolved_config.rds, /scratch/link/Amplicon_barcode_analysis/snake_test/make_ref/.pipeline_state/resolved_config.yaml, /scratch/link/Amplicon_barcode_analysis/snake_test/make_ref/.pipeline_state/fastq_manifest.tsv, /scratch/link/Amplicon_barcode_analysis/snake_test/make_ref/.pipeline_state/01_setup.done
    log: /home/link/Amplicon_barcode_analysis/Lukas_Pipeline/binned_PCR_amplicon_UMI_analysis/.snakemake/slurm_logs/rule_setup_R/56772494.log (check log file(s) for error details)
    shell:
        
        module load R/4.5.2-gfbf-2025b
        export R_LIBS_USER=/g/steinmetz/link/R-libs/x86_64-pc-linux-gnu/jupyterhub-ubuntu-24.04/4.5.2:/g/steinmetz/link/R-libs/x86_64-pc-linux-gnu/jupyterhub-ubuntu-22.04/4.4.1
        Rscript --vanilla R/cli_setup.R config.yaml
        
        (one of the commands exited with non-zero exit code; note that snakemake uses bash strict mode!)
    external_jobid: 56772494

Shutting down, this might take some time.
Exiting because a job execution failed. Look above for error message
Complete log: .snakemake/log/2026-06-19T113837.960247.snakemake.log
WorkflowError:
At least one job did not complete successfully.
