Building DAG of jobs...
SLURM run ID: 03a78956-881e-4ad0-9f76-d152278c6091
Using shell: /usr/bin/bash
Provided remote nodes: 20
Job stats:
job      count
-----  -------
setup        1
total        1

Select jobs to execute...
Execute 1 jobs...

[Tue Jun 30 11:38:58 2026]
checkpoint setup:
    input: config.yaml
    output: /g/steinmetz/link/Amplicon_barcode_analysis/snake_test/MAUDE/.pipeline_state/resolved_config.rds, /g/steinmetz/link/Amplicon_barcode_analysis/snake_test/MAUDE/.pipeline_state/resolved_config.yaml, /g/steinmetz/link/Amplicon_barcode_analysis/snake_test/MAUDE/.pipeline_state/fastq_manifest.tsv, /g/steinmetz/link/Amplicon_barcode_analysis/snake_test/MAUDE/.pipeline_state/01_setup.done
    jobid: 0
    reason: Updated input files: config.yaml
    resources: mem_mb=4000, mem_mib=3815, disk_mb=1000, disk_mib=954, tmpdir=<TBD>, runtime=10, slurm_account=lsteinme
DAG of jobs will be updated after completion.


        module load R/4.5.2-gfbf-2025b
        # export R_LIBS=/g/steinmetz/link/R-libs/x86_64-pc-linux-gnu/jupyterhub-ubuntu-24.04/4.5.2:/g/steinmetz/link/R-libs/x86_64-pc-linux-gnu/jupyterhub-ubuntu-22.04/4.4.1
        export R_LIBS_USER=/g/steinmetz/link/R-libs/x86_64-pc-linux-gnu/4.5.2
        Rscript --vanilla R/cli_setup.R config.yaml
        
Job 0 has been submitted with SLURM jobid 57831841 (log: /home/link/Amplicon_barcode_analysis/Lukas_Pipeline/binned_PCR_amplicon_UMI_analysis/.snakemake/slurm_logs/rule_setup/57831841.log).
[Tue Jun 30 11:39:37 2026]
Finished job 0.
1 of 1 steps (100%) done
Complete log: .snakemake/log/2026-06-30T113857.025956.snakemake.log
