Building DAG of jobs...
SLURM run ID: 9b8e04b6-6ba7-42aa-98fd-8ca40602cf19
Using shell: /usr/bin/bash
Provided remote nodes: 20
Job stats:
job                     count
--------------------  -------
all                         1
make_reference_R            1
make_reference_shell        1
setup_R                     1
total                       4

Select jobs to execute...
Execute 1 jobs...

[Wed Jun 24 11:42:10 2026]
rule setup_R:
    input: config.yaml
    output: /g/steinmetz/link/Amplicon_barcode_analysis/snake_test/QC_filtering/.pipeline_state/resolved_config.rds, /g/steinmetz/link/Amplicon_barcode_analysis/snake_test/QC_filtering/.pipeline_state/resolved_config.yaml, /g/steinmetz/link/Amplicon_barcode_analysis/snake_test/QC_filtering/.pipeline_state/fastq_manifest.tsv, /g/steinmetz/link/Amplicon_barcode_analysis/snake_test/QC_filtering/.pipeline_state/01_setup.done
    jobid: 1
    reason: Updated input files: config.yaml
    resources: mem_mb=4000, mem_mib=3815, disk_mb=1000, disk_mib=954, tmpdir=<TBD>, runtime=60, slurm_account=lsteinme


        module load R/4.5.2-gfbf-2025b
        # export R_LIBS=/g/steinmetz/link/R-libs/x86_64-pc-linux-gnu/jupyterhub-ubuntu-24.04/4.5.2:/g/steinmetz/link/R-libs/x86_64-pc-linux-gnu/jupyterhub-ubuntu-22.04/4.4.1
        export R_LIBS_USER=/g/steinmetz/link/R-libs/x86_64-pc-linux-gnu/4.5.2
        Rscript --vanilla R/cli_setup.R config.yaml
        
Job 1 has been submitted with SLURM jobid 57318442 (log: /home/link/Amplicon_barcode_analysis/Lukas_Pipeline/binned_PCR_amplicon_UMI_analysis/.snakemake/slurm_logs/rule_setup_R/57318442.log).
[Wed Jun 24 11:43:09 2026]
Finished job 1.
1 of 4 steps (25%) done
Select jobs to execute...
Execute 1 jobs...

[Wed Jun 24 11:43:09 2026]
rule make_reference_R:
    input: /g/steinmetz/link/Amplicon_barcode_analysis/snake_test/QC_filtering/.pipeline_state/resolved_config.rds, /g/steinmetz/link/Amplicon_barcode_analysis/snake_test/QC_filtering/.pipeline_state/01_setup.done
    output: /g/steinmetz/link/Amplicon_barcode_analysis/snake_test/QC_filtering/ref/ref.fa, /g/steinmetz/link/Amplicon_barcode_analysis/snake_test/QC_filtering/ref/ref.gtf, /g/steinmetz/link/Amplicon_barcode_analysis/snake_test/QC_filtering/.pipeline_state/STAR_ref_params.sh
    jobid: 2
    reason: Input files updated by another job: /g/steinmetz/link/Amplicon_barcode_analysis/snake_test/QC_filtering/.pipeline_state/01_setup.done, /g/steinmetz/link/Amplicon_barcode_analysis/snake_test/QC_filtering/.pipeline_state/resolved_config.rds
    resources: mem_mb=4000, mem_mib=3815, disk_mb=1000, disk_mib=954, tmpdir=<TBD>, runtime=20, slurm_account=lsteinme


        module load R/4.5.2-gfbf-2025b
        # export R_LIBS=/g/steinmetz/link/R-libs/x86_64-pc-linux-gnu/jupyterhub-ubuntu-24.04/4.5.2:/g/steinmetz/link/R-libs/x86_64-pc-linux-gnu/jupyterhub-ubuntu-22.04/4.4.1
        export R_LIBS_USER=/g/steinmetz/link/R-libs/x86_64-pc-linux-gnu/4.5.2
        Rscript --vanilla R/cli_make_reference.R /g/steinmetz/link/Amplicon_barcode_analysis/snake_test/QC_filtering/.pipeline_state/resolved_config.rds --snakemake
        
Job 2 has been submitted with SLURM jobid 57318604 (log: /home/link/Amplicon_barcode_analysis/Lukas_Pipeline/binned_PCR_amplicon_UMI_analysis/.snakemake/slurm_logs/rule_make_reference_R/57318604.log).
[Wed Jun 24 11:44:10 2026]
Finished job 2.
2 of 4 steps (50%) done
Select jobs to execute...
Execute 1 jobs...

[Wed Jun 24 11:44:10 2026]
rule make_reference_shell:
    input: /g/steinmetz/link/Amplicon_barcode_analysis/snake_test/QC_filtering/ref/ref.fa, /g/steinmetz/link/Amplicon_barcode_analysis/snake_test/QC_filtering/ref/ref.gtf, /g/steinmetz/link/Amplicon_barcode_analysis/snake_test/QC_filtering/.pipeline_state/STAR_ref_params.sh
    output: /g/steinmetz/link/Amplicon_barcode_analysis/snake_test/QC_filtering/.pipeline_state/02_make_reference.done
    jobid: 3
    reason: Input files updated by another job: /g/steinmetz/link/Amplicon_barcode_analysis/snake_test/QC_filtering/ref/ref.fa, /g/steinmetz/link/Amplicon_barcode_analysis/snake_test/QC_filtering/.pipeline_state/STAR_ref_params.sh, /g/steinmetz/link/Amplicon_barcode_analysis/snake_test/QC_filtering/ref/ref.gtf
    threads: 12
    resources: mem_mb=128000, mem_mib=122071, disk_mb=1000, disk_mib=954, tmpdir=<TBD>, runtime=5760, slurm_account=lsteinme


        module load STAR/2.7.11b

        source /g/steinmetz/link/Amplicon_barcode_analysis/snake_test/QC_filtering/.pipeline_state/STAR_ref_params.sh

        LIMIT_GENOME_GENERATE_RAM=$(( 128000 * 1000000 * 90 / 100 ))

        mkdir -p "$STAR_INDEX_OUTPUT_DIR"

        STAR \
          --runThreadN 12 \
          --runMode genomeGenerate \
          --genomeDir "$STAR_INDEX_OUTPUT_DIR" \
          --genomeFastaFiles "$REF_FASTA_PATH" \
          --sjdbGTFfile "$REF_GTF_PATH" \
          --limitGenomeGenerateRAM "$LIMIT_GENOME_GENERATE_RAM" \
          --genomeSAindexNbases "$GENOME_SA_INDEX_N_BASES" \
          --sjdbOverhang "$SJDB_OVERHANG" \
          --genomeChrBinNbits "$GENOME_CHR_BIN_N_BITS"

        touch /g/steinmetz/link/Amplicon_barcode_analysis/snake_test/QC_filtering/.pipeline_state/02_make_reference.done
        
Job 3 has been submitted with SLURM jobid 57318798 (log: /home/link/Amplicon_barcode_analysis/Lukas_Pipeline/binned_PCR_amplicon_UMI_analysis/.snakemake/slurm_logs/rule_make_reference_shell/57318798.log).
[Wed Jun 24 11:44:40 2026]
Finished job 3.
3 of 4 steps (75%) done
Select jobs to execute...
Execute 1 jobs...

[Wed Jun 24 11:44:40 2026]
localrule all:
    input: /g/steinmetz/link/Amplicon_barcode_analysis/snake_test/QC_filtering/.pipeline_state/01_setup.done, /g/steinmetz/link/Amplicon_barcode_analysis/snake_test/QC_filtering/ref/ref.gtf, /g/steinmetz/link/Amplicon_barcode_analysis/snake_test/QC_filtering/.pipeline_state/02_make_reference.done
    jobid: 0
    reason: Input files updated by another job: /g/steinmetz/link/Amplicon_barcode_analysis/snake_test/QC_filtering/ref/ref.gtf, /g/steinmetz/link/Amplicon_barcode_analysis/snake_test/QC_filtering/.pipeline_state/01_setup.done, /g/steinmetz/link/Amplicon_barcode_analysis/snake_test/QC_filtering/.pipeline_state/02_make_reference.done
    resources: mem_mb=4000, mem_mib=3815, disk_mb=1000, disk_mib=954, tmpdir=/tmp, runtime=60, slurm_account=lsteinme

[Wed Jun 24 11:44:40 2026]
Finished job 0.
4 of 4 steps (100%) done
Complete log: .snakemake/log/2026-06-24T114208.914905.snakemake.log
