Building DAG of jobs...
SLURM run ID: ad2d33c1-7497-4bac-84c8-4392546c18e6
Using shell: /usr/bin/bash
Provided remote nodes: 20
Job stats:
job                  count
-----------------  -------
QC_filter_shell          3
QC_filtering_R           1
QC_filtering_done        1
all                      1
total                    6

Select jobs to execute...
Execute 1 jobs...

[Wed Jun 24 14:02:46 2026]
rule QC_filtering_R:
    input: /g/steinmetz/link/Amplicon_barcode_analysis/snake_test/QC_filtering/.pipeline_state/resolved_config.rds, /g/steinmetz/link/Amplicon_barcode_analysis/snake_test/QC_filtering/.pipeline_state/01_setup.done
    output: /g/steinmetz/link/Amplicon_barcode_analysis/snake_test/QC_filtering/.pipeline_state/QC_filtering_params.sh
    jobid: 3
    reason: Missing output files: /g/steinmetz/link/Amplicon_barcode_analysis/snake_test/QC_filtering/.pipeline_state/QC_filtering_params.sh
    resources: mem_mb=4000, mem_mib=3815, disk_mb=1000, disk_mib=954, tmpdir=<TBD>, runtime=10, slurm_account=lsteinme


        module load R/4.5.2-gfbf-2025b
        export R_LIBS_USER=/g/steinmetz/link/R-libs/x86_64-pc-linux-gnu/4.5.2
        Rscript --vanilla R/cli_QC_filtering.R /g/steinmetz/link/Amplicon_barcode_analysis/snake_test/QC_filtering/.pipeline_state/resolved_config.rds
        
Job 3 has been submitted with SLURM jobid 57336456 (log: /home/link/Amplicon_barcode_analysis/Lukas_Pipeline/binned_PCR_amplicon_UMI_analysis/.snakemake/slurm_logs/rule_QC_filtering_R/57336456.log).
Waiting at most 60 seconds for missing files.
[Wed Jun 24 14:03:49 2026]
Finished job 3.
1 of 6 steps (17%) done
Select jobs to execute...
Execute 3 jobs...

[Wed Jun 24 14:03:50 2026]
rule QC_filter_shell:
    input: /g/steinmetz/link/Amplicon_barcode_analysis/snake_test/QC_filtering/fastq_symlinks/L_L1_1.fastq.gz, /g/steinmetz/link/Amplicon_barcode_analysis/snake_test/QC_filtering/.pipeline_state/QC_filtering_params.sh
    output: /g/steinmetz/link/Amplicon_barcode_analysis/snake_test/QC_filtering/QC_filtered/L_L1_1.fastq.gz
    jobid: 5
    reason: Missing output files: /g/steinmetz/link/Amplicon_barcode_analysis/snake_test/QC_filtering/QC_filtered/L_L1_1.fastq.gz; Input files updated by another job: /g/steinmetz/link/Amplicon_barcode_analysis/snake_test/QC_filtering/.pipeline_state/QC_filtering_params.sh
    wildcards: sample=L_L1_1
    resources: mem_mb=4000, mem_mib=3815, disk_mb=1000, disk_mib=954, tmpdir=<TBD>, runtime=60, slurm_account=lsteinme


        source /g/steinmetz/link/Amplicon_barcode_analysis/snake_test/QC_filtering/.pipeline_state/QC_filtering_params.sh

        if [[ "$QC_FILTERING_RUN" == "true" ]]; then
          bash shell/QC_filtering_snake.sh \
            --input-fastq /g/steinmetz/link/Amplicon_barcode_analysis/snake_test/QC_filtering/fastq_symlinks/L_L1_1.fastq.gz \
            --output-fastq /g/steinmetz/link/Amplicon_barcode_analysis/snake_test/QC_filtering/QC_filtered/L_L1_1.fastq.gz \
            --min-qual "$QC_MIN_QUAL" \
            --qual-offset "$QC_QUAL_OFFSET" \
            --min-length "$QC_MIN_LENGTH" \
            --use-modules "$USE_MODULES" \
            --seqtk-module "$SEQTK_MODULE"
        else
          mkdir -p "$(dirname /g/steinmetz/link/Amplicon_barcode_analysis/snake_test/QC_filtering/QC_filtered/L_L1_1.fastq.gz)"

          if [[ "/g/steinmetz/link/Amplicon_barcode_analysis/snake_test/QC_filtering/fastq_symlinks/L_L1_1.fastq.gz" == *.gz ]]; then
            ln -sf /g/steinmetz/link/Amplicon_barcode_analysis/snake_test/QC_filtering/fastq_symlinks/L_L1_1.fastq.gz /g/steinmetz/link/Amplicon_barcode_analysis/snake_test/QC_filtering/QC_filtered/L_L1_1.fastq.gz
          else
            gzip -c /g/steinmetz/link/Amplicon_barcode_analysis/snake_test/QC_filtering/fastq_symlinks/L_L1_1.fastq.gz > /g/steinmetz/link/Amplicon_barcode_analysis/snake_test/QC_filtering/QC_filtered/L_L1_1.fastq.gz
          fi
        fi
        
Job 5 has been submitted with SLURM jobid 57336503 (log: /home/link/Amplicon_barcode_analysis/Lukas_Pipeline/binned_PCR_amplicon_UMI_analysis/.snakemake/slurm_logs/rule_QC_filter_shell/L_L1_1/57336503.log).

[Wed Jun 24 14:03:50 2026]
rule QC_filter_shell:
    input: /g/steinmetz/link/Amplicon_barcode_analysis/snake_test/QC_filtering/fastq_symlinks/U_L1_1.fastq.gz, /g/steinmetz/link/Amplicon_barcode_analysis/snake_test/QC_filtering/.pipeline_state/QC_filtering_params.sh
    output: /g/steinmetz/link/Amplicon_barcode_analysis/snake_test/QC_filtering/QC_filtered/U_L1_1.fastq.gz
    jobid: 6
    reason: Missing output files: /g/steinmetz/link/Amplicon_barcode_analysis/snake_test/QC_filtering/QC_filtered/U_L1_1.fastq.gz; Input files updated by another job: /g/steinmetz/link/Amplicon_barcode_analysis/snake_test/QC_filtering/.pipeline_state/QC_filtering_params.sh
    wildcards: sample=U_L1_1
    resources: mem_mb=4000, mem_mib=3815, disk_mb=1000, disk_mib=954, tmpdir=<TBD>, runtime=60, slurm_account=lsteinme


        source /g/steinmetz/link/Amplicon_barcode_analysis/snake_test/QC_filtering/.pipeline_state/QC_filtering_params.sh

        if [[ "$QC_FILTERING_RUN" == "true" ]]; then
          bash shell/QC_filtering_snake.sh \
            --input-fastq /g/steinmetz/link/Amplicon_barcode_analysis/snake_test/QC_filtering/fastq_symlinks/U_L1_1.fastq.gz \
            --output-fastq /g/steinmetz/link/Amplicon_barcode_analysis/snake_test/QC_filtering/QC_filtered/U_L1_1.fastq.gz \
            --min-qual "$QC_MIN_QUAL" \
            --qual-offset "$QC_QUAL_OFFSET" \
            --min-length "$QC_MIN_LENGTH" \
            --use-modules "$USE_MODULES" \
            --seqtk-module "$SEQTK_MODULE"
        else
          mkdir -p "$(dirname /g/steinmetz/link/Amplicon_barcode_analysis/snake_test/QC_filtering/QC_filtered/U_L1_1.fastq.gz)"

          if [[ "/g/steinmetz/link/Amplicon_barcode_analysis/snake_test/QC_filtering/fastq_symlinks/U_L1_1.fastq.gz" == *.gz ]]; then
            ln -sf /g/steinmetz/link/Amplicon_barcode_analysis/snake_test/QC_filtering/fastq_symlinks/U_L1_1.fastq.gz /g/steinmetz/link/Amplicon_barcode_analysis/snake_test/QC_filtering/QC_filtered/U_L1_1.fastq.gz
          else
            gzip -c /g/steinmetz/link/Amplicon_barcode_analysis/snake_test/QC_filtering/fastq_symlinks/U_L1_1.fastq.gz > /g/steinmetz/link/Amplicon_barcode_analysis/snake_test/QC_filtering/QC_filtered/U_L1_1.fastq.gz
          fi
        fi
        
Job 6 has been submitted with SLURM jobid 57336504 (log: /home/link/Amplicon_barcode_analysis/Lukas_Pipeline/binned_PCR_amplicon_UMI_analysis/.snakemake/slurm_logs/rule_QC_filter_shell/U_L1_1/57336504.log).

[Wed Jun 24 14:03:51 2026]
rule QC_filter_shell:
    input: /g/steinmetz/link/Amplicon_barcode_analysis/snake_test/QC_filtering/fastq_symlinks/I_L1_1.fastq.gz, /g/steinmetz/link/Amplicon_barcode_analysis/snake_test/QC_filtering/.pipeline_state/QC_filtering_params.sh
    output: /g/steinmetz/link/Amplicon_barcode_analysis/snake_test/QC_filtering/QC_filtered/I_L1_1.fastq.gz
    jobid: 2
    reason: Missing output files: /g/steinmetz/link/Amplicon_barcode_analysis/snake_test/QC_filtering/QC_filtered/I_L1_1.fastq.gz; Input files updated by another job: /g/steinmetz/link/Amplicon_barcode_analysis/snake_test/QC_filtering/.pipeline_state/QC_filtering_params.sh
    wildcards: sample=I_L1_1
    resources: mem_mb=4000, mem_mib=3815, disk_mb=1000, disk_mib=954, tmpdir=<TBD>, runtime=60, slurm_account=lsteinme


        source /g/steinmetz/link/Amplicon_barcode_analysis/snake_test/QC_filtering/.pipeline_state/QC_filtering_params.sh

        if [[ "$QC_FILTERING_RUN" == "true" ]]; then
          bash shell/QC_filtering_snake.sh \
            --input-fastq /g/steinmetz/link/Amplicon_barcode_analysis/snake_test/QC_filtering/fastq_symlinks/I_L1_1.fastq.gz \
            --output-fastq /g/steinmetz/link/Amplicon_barcode_analysis/snake_test/QC_filtering/QC_filtered/I_L1_1.fastq.gz \
            --min-qual "$QC_MIN_QUAL" \
            --qual-offset "$QC_QUAL_OFFSET" \
            --min-length "$QC_MIN_LENGTH" \
            --use-modules "$USE_MODULES" \
            --seqtk-module "$SEQTK_MODULE"
        else
          mkdir -p "$(dirname /g/steinmetz/link/Amplicon_barcode_analysis/snake_test/QC_filtering/QC_filtered/I_L1_1.fastq.gz)"

          if [[ "/g/steinmetz/link/Amplicon_barcode_analysis/snake_test/QC_filtering/fastq_symlinks/I_L1_1.fastq.gz" == *.gz ]]; then
            ln -sf /g/steinmetz/link/Amplicon_barcode_analysis/snake_test/QC_filtering/fastq_symlinks/I_L1_1.fastq.gz /g/steinmetz/link/Amplicon_barcode_analysis/snake_test/QC_filtering/QC_filtered/I_L1_1.fastq.gz
          else
            gzip -c /g/steinmetz/link/Amplicon_barcode_analysis/snake_test/QC_filtering/fastq_symlinks/I_L1_1.fastq.gz > /g/steinmetz/link/Amplicon_barcode_analysis/snake_test/QC_filtering/QC_filtered/I_L1_1.fastq.gz
          fi
        fi
        
Job 2 has been submitted with SLURM jobid 57336506 (log: /home/link/Amplicon_barcode_analysis/Lukas_Pipeline/binned_PCR_amplicon_UMI_analysis/.snakemake/slurm_logs/rule_QC_filter_shell/I_L1_1/57336506.log).
Waiting at most 60 seconds for missing files.
[Wed Jun 24 14:04:50 2026]
Finished job 5.
2 of 6 steps (33%) done
[Wed Jun 24 14:04:50 2026]
Finished job 6.
3 of 6 steps (50%) done
[Wed Jun 24 14:04:50 2026]
Finished job 2.
4 of 6 steps (67%) done
Select jobs to execute...
Execute 1 jobs...

[Wed Jun 24 14:04:50 2026]
rule QC_filtering_done:
    input: /g/steinmetz/link/Amplicon_barcode_analysis/snake_test/QC_filtering/QC_filtered/I_L1_1.fastq.gz, /g/steinmetz/link/Amplicon_barcode_analysis/snake_test/QC_filtering/QC_filtered/L_L1_1.fastq.gz, /g/steinmetz/link/Amplicon_barcode_analysis/snake_test/QC_filtering/QC_filtered/U_L1_1.fastq.gz
    output: /g/steinmetz/link/Amplicon_barcode_analysis/snake_test/QC_filtering/.pipeline_state/03_QC_filtering.done
    jobid: 1
    reason: Missing output files: /g/steinmetz/link/Amplicon_barcode_analysis/snake_test/QC_filtering/.pipeline_state/03_QC_filtering.done; Input files updated by another job: /g/steinmetz/link/Amplicon_barcode_analysis/snake_test/QC_filtering/QC_filtered/L_L1_1.fastq.gz, /g/steinmetz/link/Amplicon_barcode_analysis/snake_test/QC_filtering/QC_filtered/I_L1_1.fastq.gz, /g/steinmetz/link/Amplicon_barcode_analysis/snake_test/QC_filtering/QC_filtered/U_L1_1.fastq.gz
    resources: mem_mb=4000, mem_mib=3815, disk_mb=1000, disk_mib=954, tmpdir=<TBD>, runtime=60, slurm_account=lsteinme


        touch /g/steinmetz/link/Amplicon_barcode_analysis/snake_test/QC_filtering/.pipeline_state/03_QC_filtering.done
        
Job 1 has been submitted with SLURM jobid 57336564 (log: /home/link/Amplicon_barcode_analysis/Lukas_Pipeline/binned_PCR_amplicon_UMI_analysis/.snakemake/slurm_logs/rule_QC_filtering_done/57336564.log).
[Wed Jun 24 14:05:26 2026]
Finished job 1.
5 of 6 steps (83%) done
Select jobs to execute...
Execute 1 jobs...

[Wed Jun 24 14:05:26 2026]
localrule all:
    input: /g/steinmetz/link/Amplicon_barcode_analysis/snake_test/QC_filtering/.pipeline_state/03_QC_filtering.done
    jobid: 0
    reason: Input files updated by another job: /g/steinmetz/link/Amplicon_barcode_analysis/snake_test/QC_filtering/.pipeline_state/03_QC_filtering.done
    resources: mem_mb=4000, mem_mib=3815, disk_mb=1000, disk_mib=954, tmpdir=/tmp, runtime=60, slurm_account=lsteinme

[Wed Jun 24 14:05:26 2026]
Finished job 0.
6 of 6 steps (100%) done
Complete log: .snakemake/log/2026-06-24T140245.606082.snakemake.log
