Building DAG of jobs...
/g/easybuild/x86_64/Rocky/8/haswell/software/snakemake/8.16.0-foss-2023a/lib/python3.11/site-packages/snakemake/dag.py:1612: RuntimeWarning: coroutine 'DAG.sanitize_local_storage_copies' was never awaited
  self.sanitize_local_storage_copies()
RuntimeWarning: Enable tracemalloc to get the object allocation traceback
Using shell: /usr/bin/bash
Provided remote nodes: 1
Provided resources: mem_mb=4000, mem_mib=3815, disk_mb=1000, disk_mib=954
Select jobs to execute...
Execute 1 jobs...

[Mon Jun 29 15:25:40 2026]
rule MAUDE_and_plot:
    input: /g/steinmetz/link/Amplicon_barcode_analysis/snake_test/MAUDE/.pipeline_state/resolved_config.rds, /g/steinmetz/link/Amplicon_barcode_analysis/snake_test/MAUDE/.pipeline_state/01_setup.done, /g/steinmetz/link/Amplicon_barcode_analysis/snake_test/MAUDE/.pipeline_state/05_bcwithqc.done
    output: /g/steinmetz/link/Amplicon_barcode_analysis/snake_test/MAUDE/rds/count_df.rds, /g/steinmetz/link/Amplicon_barcode_analysis/snake_test/MAUDE/results/mapping_results.xlsx, /g/steinmetz/link/Amplicon_barcode_analysis/snake_test/MAUDE/results/Hits_explorative.xlsx
    jobid: 0
    reason: Forced execution
    resources: mem_mb=4000, mem_mib=3815, disk_mb=1000, disk_mib=954, tmpdir=<TBD>, runtime=100, slurm_account=lsteinme


        module load R/4.5.2-gfbf-2025b
        export R_LIBS_USER=/g/steinmetz/link/R-libs/x86_64-pc-linux-gnu/4.5.2
        Rscript --vanilla R/cli_MAUDE_and_plot.R /g/steinmetz/link/Amplicon_barcode_analysis/snake_test/MAUDE/.pipeline_state/resolved_config.rds
        
Building DAG of jobs...
/g/easybuild/x86_64/Rocky/8/haswell/software/snakemake/8.16.0-foss-2023a/lib/python3.11/site-packages/snakemake/dag.py:1612: RuntimeWarning: coroutine 'DAG.sanitize_local_storage_copies' was never awaited
  self.sanitize_local_storage_copies()
RuntimeWarning: Enable tracemalloc to get the object allocation traceback
Using shell: /usr/bin/bash
Provided cores: 2
Rules claiming more threads will be scaled down.
Provided resources: mem_mb=4000, mem_mib=3815, disk_mb=1000, disk_mib=954
Select jobs to execute...
Execute 1 jobs...

[Mon Jun 29 15:25:42 2026]
localrule MAUDE_and_plot:
    input: /g/steinmetz/link/Amplicon_barcode_analysis/snake_test/MAUDE/.pipeline_state/resolved_config.rds, /g/steinmetz/link/Amplicon_barcode_analysis/snake_test/MAUDE/.pipeline_state/01_setup.done, /g/steinmetz/link/Amplicon_barcode_analysis/snake_test/MAUDE/.pipeline_state/05_bcwithqc.done
    output: /g/steinmetz/link/Amplicon_barcode_analysis/snake_test/MAUDE/rds/count_df.rds, /g/steinmetz/link/Amplicon_barcode_analysis/snake_test/MAUDE/results/mapping_results.xlsx, /g/steinmetz/link/Amplicon_barcode_analysis/snake_test/MAUDE/results/Hits_explorative.xlsx
    jobid: 0
    reason: Forced execution
    resources: mem_mb=4000, mem_mib=3815, disk_mb=1000, disk_mib=954, tmpdir=/scratch/jobs/57757044, runtime=100, slurm_account=lsteinme


        module load R/4.5.2-gfbf-2025b
        export R_LIBS_USER=/g/steinmetz/link/R-libs/x86_64-pc-linux-gnu/4.5.2
        Rscript --vanilla R/cli_MAUDE_and_plot.R /g/steinmetz/link/Amplicon_barcode_analysis/snake_test/MAUDE/.pipeline_state/resolved_config.rds
        

The following have been reloaded with a version change:
  1) FFTW/3.3.10-GCC-12.3.0 => FFTW/3.3.10-GCC-14.3.0
  2) FlexiBLAS/3.3.1-GCC-12.3.0 => FlexiBLAS/3.4.5-GCC-14.3.0
  3) GCC/12.3.0 => GCC/14.3.0
  4) GCCcore/12.3.0 => GCCcore/14.3.0
  5) GMP/6.2.1-GCCcore-12.3.0 => GMP/6.3.0-GCCcore-14.3.0
  6) OpenBLAS/0.3.23-GCC-12.3.0 => OpenBLAS/0.3.30-GCC-14.3.0
  7) OpenSSL/1.1 => OpenSSL/3
  8) Python/3.11.3-GCCcore-12.3.0 => Python/3.13.5-GCCcore-14.3.0
  9) SQLite/3.42.0-GCCcore-12.3.0 => SQLite/3.50.1-GCCcore-14.3.0
 10) Tcl/8.6.13-GCCcore-12.3.0 => Tcl/9.0.1-GCCcore-14.3.0
 11) XZ/5.4.2-GCCcore-12.3.0 => XZ/5.8.1-GCCcore-14.3.0
 12) binutils/2.40-GCCcore-12.3.0 => binutils/2.44-GCCcore-14.3.0
 13) bzip2/1.0.8-GCCcore-12.3.0 => bzip2/1.0.8-GCCcore-14.3.0
 14) cURL/8.0.1-GCCcore-12.3.0 => cURL/8.14.1-GCCcore-14.3.0
 15) expat/2.5.0-GCCcore-12.3.0 => expat/2.7.1-GCCcore-14.3.0
 16) gettext/0.21.1-GCCcore-12.3.0 => gettext/0.25-GCCcore-14.3.0
 17) gfbf/2023a => gfbf/2025b
 18) libffi/3.4.4-GCCcore-12.3.0 => libffi/3.5.1-GCCcore-14.3.0
 19) libpciaccess/0.17-GCCcore-12.3.0 => libpciaccess/0.18.1-GCCcore-14.3.0
 20) libreadline/8.2-GCCcore-12.3.0 => libreadline/8.2-GCCcore-14.3.0
 21) libxml2/2.11.4-GCCcore-12.3.0 => libxml2/2.14.3-GCCcore-14.3.0
 22) ncurses/6.4-GCCcore-12.3.0 => ncurses/6.5-GCCcore-14.3.0
 23) util-linux/2.39-GCCcore-12.3.0 => util-linux/2.41-GCCcore-14.3.0
 24) zlib/1.2.13-GCCcore-12.3.0 => zlib/1.3.1-GCCcore-14.3.0


2026-06-29 15:25:54 [INFO] Logger initialized. Find log file at: /g/steinmetz/link/Amplicon_barcode_analysis/snake_test/MAUDE/logs/2026-06-25_13-34-06_03_MAUDE_and_plot.log
2026-06-29 15:25:54 [INFO] Resolved cfg: /g/steinmetz/link/Amplicon_barcode_analysis/snake_test/MAUDE/.pipeline_state/resolved_config.rds
2026-06-29 15:25:54 [INFO] Reading in read/UMI counts...
2026-06-29 15:25:55 [INFO] Checking wrong alignments for: I_L1_1
2026-06-29 15:25:55 [INFO] UMI/read count alignment stats:
2026-06-29 15:25:55 [INFO]   Correct aligned to sgRNAs in sublibrary:     56703 (99.91%)
2026-06-29 15:25:55 [INFO]   Wrong aligned to sgRNAs not in sublibrary:   51 (0.09%)
2026-06-29 15:25:55 [INFO] sgRNA coverage: 84.29%
2026-06-29 15:25:55 [INFO] --------------------------------------------
2026-06-29 15:25:55 [INFO] Checking wrong alignments for: L_L1_1
2026-06-29 15:25:55 [INFO] UMI/read count alignment stats:
2026-06-29 15:25:55 [INFO]   Correct aligned to sgRNAs in sublibrary:     46889 (99.95%)
2026-06-29 15:25:55 [INFO]   Wrong aligned to sgRNAs not in sublibrary:   25 (0.05%)
2026-06-29 15:25:55 [INFO] sgRNA coverage: 80.68%
2026-06-29 15:25:55 [INFO] --------------------------------------------
2026-06-29 15:25:55 [INFO] Checking wrong alignments for: U_L1_1
2026-06-29 15:25:55 [INFO] UMI/read count alignment stats:
2026-06-29 15:25:55 [INFO]   Correct aligned to sgRNAs in sublibrary:     53195 (99.93%)
2026-06-29 15:25:55 [INFO]   Wrong aligned to sgRNAs not in sublibrary:   36 (0.07%)
2026-06-29 15:25:55 [INFO] sgRNA coverage: 84.06%
2026-06-29 15:25:55 [INFO] --------------------------------------------
2026-06-29 15:25:55 [INFO] Finished reading in read/UMI counts.
2026-06-29 15:25:55 [INFO] sgRNAs aligned to the wrong sublibrary were excluded from the analysis.
2026-06-29 15:25:55 [INFO] Creating coverage file for read/UMI counts...
2026-06-29 15:25:55 [INFO] Finished creating coverage file for read/UMI counts.
2026-06-29 15:25:55 [INFO] The coverage file is: /g/steinmetz/link/Amplicon_barcode_analysis/snake_test/MAUDE/results/mapping_results.xlsx
2026-06-29 15:25:56 [INFO] Read/UMI counts written to /g/steinmetz/link/Amplicon_barcode_analysis/snake_test/MAUDE/rds/count_df.rds
2026-06-29 15:25:56 [INFO] Preparing Data for MAUDE...
2026-06-29 15:25:56 [INFO] Finished preparing Data for MAUDE.
2026-06-29 15:25:56 [INFO] Starting initial MAUDE run ...
2026-06-29 15:26:31 [INFO] Saving MAUDE guide stats to: /g/steinmetz/link/Amplicon_barcode_analysis/snake_test/MAUDE/rds/MAUDE_guide_stats.rds
Building background with 579 non-targeting guides
2026-06-29 15:26:32 [INFO] Saving MAUDE gene stats to: /g/steinmetz/link/Amplicon_barcode_analysis/snake_test/MAUDE/rds/MAUDE_gene_stats.rds
2026-06-29 15:26:41 [INFO] Exporting results of initial MAUDE run...
2026-06-29 15:26:42 [INFO] Results of initial MAUDE run exported to: /g/steinmetz/link/Amplicon_barcode_analysis/snake_test/MAUDE/results/MAUDE_Hits.csv
2026-06-29 15:26:44 [INFO] Results of initial MAUDE run exported to: /g/steinmetz/link/Amplicon_barcode_analysis/snake_test/MAUDE/results/MAUDE_Hits.xlsx
2026-06-29 15:26:44 [INFO] Starting consensus MAUDE calling with 19 replicate runs.
2026-06-29 15:26:44 [INFO] Running MAUDE replicate 1/19 with suffix: _rep1.rds
2026-06-29 15:27:18 [INFO] Saving MAUDE guide stats to: /g/steinmetz/link/Amplicon_barcode_analysis/snake_test/MAUDE/rds/MAUDE_guide_stats_rep1.rds
Building background with 579 non-targeting guides
2026-06-29 15:27:19 [INFO] Saving MAUDE gene stats to: /g/steinmetz/link/Amplicon_barcode_analysis/snake_test/MAUDE/rds/MAUDE_gene_stats_rep1.rds
2026-06-29 15:27:19 [INFO] Running MAUDE replicate 2/19 with suffix: _rep2.rds
2026-06-29 15:27:54 [INFO] Saving MAUDE guide stats to: /g/steinmetz/link/Amplicon_barcode_analysis/snake_test/MAUDE/rds/MAUDE_guide_stats_rep2.rds
Building background with 579 non-targeting guides
2026-06-29 15:27:55 [INFO] Saving MAUDE gene stats to: /g/steinmetz/link/Amplicon_barcode_analysis/snake_test/MAUDE/rds/MAUDE_gene_stats_rep2.rds
2026-06-29 15:27:55 [INFO] Running MAUDE replicate 3/19 with suffix: _rep3.rds
2026-06-29 15:28:29 [INFO] Saving MAUDE guide stats to: /g/steinmetz/link/Amplicon_barcode_analysis/snake_test/MAUDE/rds/MAUDE_guide_stats_rep3.rds
Building background with 579 non-targeting guides
2026-06-29 15:28:30 [INFO] Saving MAUDE gene stats to: /g/steinmetz/link/Amplicon_barcode_analysis/snake_test/MAUDE/rds/MAUDE_gene_stats_rep3.rds
2026-06-29 15:28:31 [INFO] Running MAUDE replicate 4/19 with suffix: _rep4.rds
2026-06-29 15:29:05 [INFO] Saving MAUDE guide stats to: /g/steinmetz/link/Amplicon_barcode_analysis/snake_test/MAUDE/rds/MAUDE_guide_stats_rep4.rds
Building background with 579 non-targeting guides
2026-06-29 15:29:06 [INFO] Saving MAUDE gene stats to: /g/steinmetz/link/Amplicon_barcode_analysis/snake_test/MAUDE/rds/MAUDE_gene_stats_rep4.rds
2026-06-29 15:29:06 [INFO] Running MAUDE replicate 5/19 with suffix: _rep5.rds
2026-06-29 15:29:41 [INFO] Saving MAUDE guide stats to: /g/steinmetz/link/Amplicon_barcode_analysis/snake_test/MAUDE/rds/MAUDE_guide_stats_rep5.rds
Building background with 579 non-targeting guides
2026-06-29 15:29:42 [INFO] Saving MAUDE gene stats to: /g/steinmetz/link/Amplicon_barcode_analysis/snake_test/MAUDE/rds/MAUDE_gene_stats_rep5.rds
2026-06-29 15:29:42 [INFO] Running MAUDE replicate 6/19 with suffix: _rep6.rds
2026-06-29 15:30:17 [INFO] Saving MAUDE guide stats to: /g/steinmetz/link/Amplicon_barcode_analysis/snake_test/MAUDE/rds/MAUDE_guide_stats_rep6.rds
Building background with 579 non-targeting guides
2026-06-29 15:30:18 [INFO] Saving MAUDE gene stats to: /g/steinmetz/link/Amplicon_barcode_analysis/snake_test/MAUDE/rds/MAUDE_gene_stats_rep6.rds
2026-06-29 15:30:18 [INFO] Running MAUDE replicate 7/19 with suffix: _rep7.rds
2026-06-29 15:30:53 [INFO] Saving MAUDE guide stats to: /g/steinmetz/link/Amplicon_barcode_analysis/snake_test/MAUDE/rds/MAUDE_guide_stats_rep7.rds
Building background with 579 non-targeting guides
2026-06-29 15:30:54 [INFO] Saving MAUDE gene stats to: /g/steinmetz/link/Amplicon_barcode_analysis/snake_test/MAUDE/rds/MAUDE_gene_stats_rep7.rds
2026-06-29 15:30:54 [INFO] Running MAUDE replicate 8/19 with suffix: _rep8.rds
2026-06-29 15:31:29 [INFO] Saving MAUDE guide stats to: /g/steinmetz/link/Amplicon_barcode_analysis/snake_test/MAUDE/rds/MAUDE_guide_stats_rep8.rds
Building background with 579 non-targeting guides
2026-06-29 15:31:30 [INFO] Saving MAUDE gene stats to: /g/steinmetz/link/Amplicon_barcode_analysis/snake_test/MAUDE/rds/MAUDE_gene_stats_rep8.rds
2026-06-29 15:31:30 [INFO] Running MAUDE replicate 9/19 with suffix: _rep9.rds
2026-06-29 15:32:05 [INFO] Saving MAUDE guide stats to: /g/steinmetz/link/Amplicon_barcode_analysis/snake_test/MAUDE/rds/MAUDE_guide_stats_rep9.rds
Building background with 579 non-targeting guides
2026-06-29 15:32:06 [INFO] Saving MAUDE gene stats to: /g/steinmetz/link/Amplicon_barcode_analysis/snake_test/MAUDE/rds/MAUDE_gene_stats_rep9.rds
2026-06-29 15:32:06 [INFO] Running MAUDE replicate 10/19 with suffix: _rep10.rds
2026-06-29 15:32:41 [INFO] Saving MAUDE guide stats to: /g/steinmetz/link/Amplicon_barcode_analysis/snake_test/MAUDE/rds/MAUDE_guide_stats_rep10.rds
Building background with 579 non-targeting guides
2026-06-29 15:32:41 [INFO] Saving MAUDE gene stats to: /g/steinmetz/link/Amplicon_barcode_analysis/snake_test/MAUDE/rds/MAUDE_gene_stats_rep10.rds
2026-06-29 15:32:42 [INFO] Running MAUDE replicate 11/19 with suffix: _rep11.rds
2026-06-29 15:33:17 [INFO] Saving MAUDE guide stats to: /g/steinmetz/link/Amplicon_barcode_analysis/snake_test/MAUDE/rds/MAUDE_guide_stats_rep11.rds
Building background with 579 non-targeting guides
2026-06-29 15:33:18 [INFO] Saving MAUDE gene stats to: /g/steinmetz/link/Amplicon_barcode_analysis/snake_test/MAUDE/rds/MAUDE_gene_stats_rep11.rds
2026-06-29 15:33:18 [INFO] Running MAUDE replicate 12/19 with suffix: _rep12.rds
2026-06-29 15:33:53 [INFO] Saving MAUDE guide stats to: /g/steinmetz/link/Amplicon_barcode_analysis/snake_test/MAUDE/rds/MAUDE_guide_stats_rep12.rds
Building background with 579 non-targeting guides
2026-06-29 15:33:54 [INFO] Saving MAUDE gene stats to: /g/steinmetz/link/Amplicon_barcode_analysis/snake_test/MAUDE/rds/MAUDE_gene_stats_rep12.rds
2026-06-29 15:33:54 [INFO] Running MAUDE replicate 13/19 with suffix: _rep13.rds
2026-06-29 15:34:29 [INFO] Saving MAUDE guide stats to: /g/steinmetz/link/Amplicon_barcode_analysis/snake_test/MAUDE/rds/MAUDE_guide_stats_rep13.rds
Building background with 579 non-targeting guides
2026-06-29 15:34:30 [INFO] Saving MAUDE gene stats to: /g/steinmetz/link/Amplicon_barcode_analysis/snake_test/MAUDE/rds/MAUDE_gene_stats_rep13.rds
2026-06-29 15:34:30 [INFO] Running MAUDE replicate 14/19 with suffix: _rep14.rds
2026-06-29 15:35:05 [INFO] Saving MAUDE guide stats to: /g/steinmetz/link/Amplicon_barcode_analysis/snake_test/MAUDE/rds/MAUDE_guide_stats_rep14.rds
Building background with 579 non-targeting guides
2026-06-29 15:35:06 [INFO] Saving MAUDE gene stats to: /g/steinmetz/link/Amplicon_barcode_analysis/snake_test/MAUDE/rds/MAUDE_gene_stats_rep14.rds
2026-06-29 15:35:06 [INFO] Running MAUDE replicate 15/19 with suffix: _rep15.rds
2026-06-29 15:35:41 [INFO] Saving MAUDE guide stats to: /g/steinmetz/link/Amplicon_barcode_analysis/snake_test/MAUDE/rds/MAUDE_guide_stats_rep15.rds
Building background with 579 non-targeting guides
2026-06-29 15:35:42 [INFO] Saving MAUDE gene stats to: /g/steinmetz/link/Amplicon_barcode_analysis/snake_test/MAUDE/rds/MAUDE_gene_stats_rep15.rds
2026-06-29 15:35:42 [INFO] Running MAUDE replicate 16/19 with suffix: _rep16.rds
2026-06-29 15:36:17 [INFO] Saving MAUDE guide stats to: /g/steinmetz/link/Amplicon_barcode_analysis/snake_test/MAUDE/rds/MAUDE_guide_stats_rep16.rds
Building background with 579 non-targeting guides
2026-06-29 15:36:18 [INFO] Saving MAUDE gene stats to: /g/steinmetz/link/Amplicon_barcode_analysis/snake_test/MAUDE/rds/MAUDE_gene_stats_rep16.rds
2026-06-29 15:36:18 [INFO] Running MAUDE replicate 17/19 with suffix: _rep17.rds
2026-06-29 15:36:53 [INFO] Saving MAUDE guide stats to: /g/steinmetz/link/Amplicon_barcode_analysis/snake_test/MAUDE/rds/MAUDE_guide_stats_rep17.rds
Building background with 579 non-targeting guides
2026-06-29 15:36:54 [INFO] Saving MAUDE gene stats to: /g/steinmetz/link/Amplicon_barcode_analysis/snake_test/MAUDE/rds/MAUDE_gene_stats_rep17.rds
2026-06-29 15:36:54 [INFO] Running MAUDE replicate 18/19 with suffix: _rep18.rds
2026-06-29 15:37:29 [INFO] Saving MAUDE guide stats to: /g/steinmetz/link/Amplicon_barcode_analysis/snake_test/MAUDE/rds/MAUDE_guide_stats_rep18.rds
Building background with 579 non-targeting guides
2026-06-29 15:37:30 [INFO] Saving MAUDE gene stats to: /g/steinmetz/link/Amplicon_barcode_analysis/snake_test/MAUDE/rds/MAUDE_gene_stats_rep18.rds
2026-06-29 15:37:30 [INFO] Running MAUDE replicate 19/19 with suffix: _rep19.rds
2026-06-29 15:38:06 [INFO] Saving MAUDE guide stats to: /g/steinmetz/link/Amplicon_barcode_analysis/snake_test/MAUDE/rds/MAUDE_guide_stats_rep19.rds
Building background with 579 non-targeting guides
2026-06-29 15:38:07 [INFO] Saving MAUDE gene stats to: /g/steinmetz/link/Amplicon_barcode_analysis/snake_test/MAUDE/rds/MAUDE_gene_stats_rep19.rds
2026-06-29 15:38:07 [INFO] Finished MAUDE replicate runs. Starting high-confidence consensus call.
2026-06-29 15:43:13 [INFO] Starting explorative consensus call.
2026-06-29 15:48:14 [INFO] Saved high-confidence hits to: /g/steinmetz/link/Amplicon_barcode_analysis/snake_test/MAUDE/results/Hits_high_confidence.xlsx
2026-06-29 15:48:14 [INFO] Saved explorative hits to: /g/steinmetz/link/Amplicon_barcode_analysis/snake_test/MAUDE/results/Hits_explorative.xlsx
2026-06-29 15:48:14 [INFO] Calculating replicate means.
2026-06-29 15:48:22 [INFO] Processing replicate suffix: _rep1.rds
2026-06-29 15:48:29 [INFO] Processing replicate suffix: _rep10.rds
2026-06-29 15:48:37 [INFO] Processing replicate suffix: _rep11.rds
2026-06-29 15:48:45 [INFO] Processing replicate suffix: _rep12.rds
2026-06-29 15:48:53 [INFO] Processing replicate suffix: _rep13.rds
2026-06-29 15:49:01 [INFO] Processing replicate suffix: _rep14.rds
2026-06-29 15:49:08 [INFO] Processing replicate suffix: _rep15.rds
2026-06-29 15:49:16 [INFO] Processing replicate suffix: _rep16.rds
2026-06-29 15:49:23 [INFO] Processing replicate suffix: _rep17.rds
2026-06-29 15:49:31 [INFO] Processing replicate suffix: _rep18.rds
2026-06-29 15:49:38 [INFO] Processing replicate suffix: _rep19.rds
2026-06-29 15:49:46 [INFO] Processing replicate suffix: _rep2.rds
2026-06-29 15:49:54 [INFO] Processing replicate suffix: _rep3.rds
2026-06-29 15:50:01 [INFO] Processing replicate suffix: _rep4.rds
2026-06-29 15:50:09 [INFO] Processing replicate suffix: _rep5.rds
2026-06-29 15:50:17 [INFO] Processing replicate suffix: _rep6.rds
2026-06-29 15:50:24 [INFO] Processing replicate suffix: _rep7.rds
2026-06-29 15:50:32 [INFO] Processing replicate suffix: _rep8.rds
2026-06-29 15:50:39 [INFO] Processing replicate suffix: _rep9.rds
2026-06-29 15:50:47 [INFO] Processing replicate suffix: _rep1.rds
2026-06-29 15:50:55 [INFO] Processing replicate suffix: _rep10.rds
2026-06-29 15:51:03 [INFO] Processing replicate suffix: _rep11.rds
2026-06-29 15:51:11 [INFO] Processing replicate suffix: _rep12.rds
2026-06-29 15:51:19 [INFO] Processing replicate suffix: _rep13.rds
2026-06-29 15:51:27 [INFO] Processing replicate suffix: _rep14.rds
2026-06-29 15:51:35 [INFO] Processing replicate suffix: _rep15.rds
2026-06-29 15:51:43 [INFO] Processing replicate suffix: _rep16.rds
2026-06-29 15:51:51 [INFO] Processing replicate suffix: _rep17.rds
2026-06-29 15:51:58 [INFO] Processing replicate suffix: _rep18.rds
2026-06-29 15:52:06 [INFO] Processing replicate suffix: _rep19.rds
2026-06-29 15:52:13 [INFO] Processing replicate suffix: _rep2.rds
2026-06-29 15:52:21 [INFO] Processing replicate suffix: _rep3.rds
2026-06-29 15:52:28 [INFO] Processing replicate suffix: _rep4.rds
2026-06-29 15:52:36 [INFO] Processing replicate suffix: _rep5.rds
2026-06-29 15:52:43 [INFO] Processing replicate suffix: _rep6.rds
2026-06-29 15:52:51 [INFO] Processing replicate suffix: _rep7.rds
2026-06-29 15:52:58 [INFO] Processing replicate suffix: _rep8.rds
2026-06-29 15:53:06 [INFO] Processing replicate suffix: _rep9.rds
2026-06-29 15:53:25 [INFO] Finished consensus calling.
2026-06-29 15:53:25 [INFO] Entering plotting stage...
Error in run_create_plots(cfg = cfg, file_info_suffix = cfg$suffix$file_info_suffix) : 
  unused argument (file_info_suffix = cfg$suffix$file_info_suffix)
Calls: run_MAUDE_and_plots
Execution halted
[Mon Jun 29 15:53:25 2026]
Error in rule MAUDE_and_plot:
    jobid: 0
    input: /g/steinmetz/link/Amplicon_barcode_analysis/snake_test/MAUDE/.pipeline_state/resolved_config.rds, /g/steinmetz/link/Amplicon_barcode_analysis/snake_test/MAUDE/.pipeline_state/01_setup.done, /g/steinmetz/link/Amplicon_barcode_analysis/snake_test/MAUDE/.pipeline_state/05_bcwithqc.done
    output: /g/steinmetz/link/Amplicon_barcode_analysis/snake_test/MAUDE/rds/count_df.rds, /g/steinmetz/link/Amplicon_barcode_analysis/snake_test/MAUDE/results/mapping_results.xlsx, /g/steinmetz/link/Amplicon_barcode_analysis/snake_test/MAUDE/results/Hits_explorative.xlsx
    shell:
        
        module load R/4.5.2-gfbf-2025b
        export R_LIBS_USER=/g/steinmetz/link/R-libs/x86_64-pc-linux-gnu/4.5.2
        Rscript --vanilla R/cli_MAUDE_and_plot.R /g/steinmetz/link/Amplicon_barcode_analysis/snake_test/MAUDE/.pipeline_state/resolved_config.rds
        
        (one of the commands exited with non-zero exit code; note that snakemake uses bash strict mode!)

Removing output files of failed job MAUDE_and_plot since they might be corrupted:
/g/steinmetz/link/Amplicon_barcode_analysis/snake_test/MAUDE/rds/count_df.rds, /g/steinmetz/link/Amplicon_barcode_analysis/snake_test/MAUDE/results/mapping_results.xlsx, /g/steinmetz/link/Amplicon_barcode_analysis/snake_test/MAUDE/results/Hits_explorative.xlsx
Shutting down, this might take some time.
Exiting because a job execution failed. Look above for error message
Storing output in storage.
WorkflowError:
At least one job did not complete successfully.
srun: error: smeb01-1: task 0: Exited with exit code 1
[Mon Jun 29 15:53:26 2026]
Error in rule MAUDE_and_plot:
    jobid: 0
    input: /g/steinmetz/link/Amplicon_barcode_analysis/snake_test/MAUDE/.pipeline_state/resolved_config.rds, /g/steinmetz/link/Amplicon_barcode_analysis/snake_test/MAUDE/.pipeline_state/01_setup.done, /g/steinmetz/link/Amplicon_barcode_analysis/snake_test/MAUDE/.pipeline_state/05_bcwithqc.done
    output: /g/steinmetz/link/Amplicon_barcode_analysis/snake_test/MAUDE/rds/count_df.rds, /g/steinmetz/link/Amplicon_barcode_analysis/snake_test/MAUDE/results/mapping_results.xlsx, /g/steinmetz/link/Amplicon_barcode_analysis/snake_test/MAUDE/results/Hits_explorative.xlsx
    shell:
        
        module load R/4.5.2-gfbf-2025b
        export R_LIBS_USER=/g/steinmetz/link/R-libs/x86_64-pc-linux-gnu/4.5.2
        Rscript --vanilla R/cli_MAUDE_and_plot.R /g/steinmetz/link/Amplicon_barcode_analysis/snake_test/MAUDE/.pipeline_state/resolved_config.rds
        
        (one of the commands exited with non-zero exit code; note that snakemake uses bash strict mode!)

Shutting down, this might take some time.
Exiting because a job execution failed. Look above for error message
Storing output in storage.
WorkflowError:
At least one job did not complete successfully.
