Building DAG of jobs...
Using shell: /usr/bin/bash
Provided remote nodes: 1
Provided resources: mem_mb=4000, mem_mib=3815, disk_mb=1329, disk_mib=1268
Select jobs to execute...
Execute 1 jobs...

[Mon Jun 29 18:15:42 2026]
rule prepare_bcwithqc_input:
    input: /scratch/link/Amplicon_barcode_analysis/HepG2_dual_rep_PA_bcwithqc/QC_filtered/I_L4_2.fastq.gz
    output: /scratch/link/Amplicon_barcode_analysis/HepG2_dual_rep_PA_bcwithqc/bcwithqc_symlinks/I_L4_2/I_L4_2.fastq.gz
    jobid: 0
    reason: Forced execution
    wildcards: sample=I_L4_2
    resources: mem_mb=4000, mem_mib=3815, disk_mb=<TBD>, tmpdir=<TBD>, runtime=10, slurm_account=lsteinme


        mkdir -p "$(dirname /scratch/link/Amplicon_barcode_analysis/HepG2_dual_rep_PA_bcwithqc/bcwithqc_symlinks/I_L4_2/I_L4_2.fastq.gz)"
        ln -sf "$(realpath "/scratch/link/Amplicon_barcode_analysis/HepG2_dual_rep_PA_bcwithqc/QC_filtered/I_L4_2.fastq.gz")" "/scratch/link/Amplicon_barcode_analysis/HepG2_dual_rep_PA_bcwithqc/bcwithqc_symlinks/I_L4_2/I_L4_2.fastq.gz"
        
Building DAG of jobs...
Using shell: /usr/bin/bash
Provided cores: 2
Rules claiming more threads will be scaled down.
Provided resources: mem_mb=4000, mem_mib=3815
Select jobs to execute...
Execute 1 jobs...

[Mon Jun 29 18:15:54 2026]
localrule prepare_bcwithqc_input:
    input: /scratch/link/Amplicon_barcode_analysis/HepG2_dual_rep_PA_bcwithqc/QC_filtered/I_L4_2.fastq.gz
    output: /scratch/link/Amplicon_barcode_analysis/HepG2_dual_rep_PA_bcwithqc/bcwithqc_symlinks/I_L4_2/I_L4_2.fastq.gz
    jobid: 0
    reason: Forced execution
    wildcards: sample=I_L4_2
    resources: mem_mb=4000, mem_mib=3815, disk_mb=<TBD>, tmpdir=/scratch/jobs/57769699, runtime=10, slurm_account=lsteinme


        mkdir -p "$(dirname /scratch/link/Amplicon_barcode_analysis/HepG2_dual_rep_PA_bcwithqc/bcwithqc_symlinks/I_L4_2/I_L4_2.fastq.gz)"
        ln -sf "$(realpath "/scratch/link/Amplicon_barcode_analysis/HepG2_dual_rep_PA_bcwithqc/QC_filtered/I_L4_2.fastq.gz")" "/scratch/link/Amplicon_barcode_analysis/HepG2_dual_rep_PA_bcwithqc/bcwithqc_symlinks/I_L4_2/I_L4_2.fastq.gz"
        
Waiting at most 60 seconds for missing files.
WorkflowError in rule prepare_bcwithqc_input in file /home/link/Amplicon_barcode_analysis/Lukas_Pipeline/binned_PCR_amplicon_UMI_analysis/Snakefile, line 202:
OSError: Missing files after 60 seconds. This might be due to filesystem latency. If that is the case, consider to increase the wait time with --latency-wait:
/scratch/link/Amplicon_barcode_analysis/HepG2_dual_rep_PA_bcwithqc/QC_filtered/I_L4_2.fastq.gz (missing locally, parent dir contents: )
srun: error: smeb01-1: task 0: Exited with exit code 1
[Mon Jun 29 18:16:54 2026]
Error in rule prepare_bcwithqc_input:
    jobid: 0
    input: /scratch/link/Amplicon_barcode_analysis/HepG2_dual_rep_PA_bcwithqc/QC_filtered/I_L4_2.fastq.gz
    output: /scratch/link/Amplicon_barcode_analysis/HepG2_dual_rep_PA_bcwithqc/bcwithqc_symlinks/I_L4_2/I_L4_2.fastq.gz
    shell:
        
        mkdir -p "$(dirname /scratch/link/Amplicon_barcode_analysis/HepG2_dual_rep_PA_bcwithqc/bcwithqc_symlinks/I_L4_2/I_L4_2.fastq.gz)"
        ln -sf "$(realpath "/scratch/link/Amplicon_barcode_analysis/HepG2_dual_rep_PA_bcwithqc/QC_filtered/I_L4_2.fastq.gz")" "/scratch/link/Amplicon_barcode_analysis/HepG2_dual_rep_PA_bcwithqc/bcwithqc_symlinks/I_L4_2/I_L4_2.fastq.gz"
        
        (one of the commands exited with non-zero exit code; note that snakemake uses bash strict mode!)

Shutting down, this might take some time.
Exiting because a job execution failed. Look above for error message
Storing output in storage.
WorkflowError:
At least one job did not complete successfully.
