Building DAG of jobs...
Using shell: /usr/bin/bash
Provided remote nodes: 1
Provided resources: mem_mb=40000, mem_mib=38147, disk_mb=1277, disk_mib=1218
Select jobs to execute...
Execute 1 jobs...

[Mon Jun 29 18:50:26 2026]
rule bcwithqc_one_sample:
    input: /scratch/link/Amplicon_barcode_analysis/HepG2_dual_rep_PA_bcwithqc/bcwithqc_symlinks/I_L3_1/I_L3_1.fastq.gz
    output: /scratch/link/Amplicon_barcode_analysis/HepG2_dual_rep_PA_bcwithqc/.pipeline_state/bcwithqc_done/I_L3_1.done
    jobid: 0
    reason: Forced execution
    wildcards: sample=I_L3_1
    threads: 2
    resources: mem_mb=40000, mem_mib=38147, disk_mb=1277, disk_mib=1218, tmpdir=<TBD>, runtime=2400, slurm_account=lsteinme


        unset PYTHONPATH
        unset PYTHONHOME
        export PYTHONNOUSERSITE=1

        rm -rf "/scratch/link/Amplicon_barcode_analysis/HepG2_dual_rep_PA_bcwithqc/bcwithqc_output/I_L3_1"
        mkdir -p "/scratch/link/Amplicon_barcode_analysis/HepG2_dual_rep_PA_bcwithqc/bcwithqc_output/I_L3_1"

        "/home/link/.conda/envs/py313/bin/bcwithqc" preprocess \
          "/scratch/link/Amplicon_barcode_analysis/HepG2_dual_rep_PA_bcwithqc/bcwithqc_symlinks/I_L3_1" \
          --config="/g/steinmetz/link/Amplicon_barcode_analysis/library/bcwithqc_config_whole_genome_sublibs_1_to_4.json" \
          --output-dir="/scratch/link/Amplicon_barcode_analysis/HepG2_dual_rep_PA_bcwithqc/bcwithqc_output/I_L3_1" \
          --threads="2" \
          --output-format-bam \
          -vv

        "/home/link/.conda/envs/py313/bin/bcwithqc" count \
          "/scratch/link/Amplicon_barcode_analysis/HepG2_dual_rep_PA_bcwithqc/bcwithqc_output/I_L3_1" \
          --STAR-output-dir="/scratch/link/Amplicon_barcode_analysis/HepG2_dual_rep_PA_bcwithqc/bcwithqc_output/I_L3_1" \
          --config="/g/steinmetz/link/Amplicon_barcode_analysis/library/bcwithqc_config_whole_genome_sublibs_1_to_4.json" \
          --output-dir="/scratch/link/Amplicon_barcode_analysis/HepG2_dual_rep_PA_bcwithqc/bcwithqc_output/I_L3_1" \
          --threads="2" \
          -vv
          
        mkdir -p "$(dirname "/scratch/link/Amplicon_barcode_analysis/HepG2_dual_rep_PA_bcwithqc/.pipeline_state/bcwithqc_done/I_L3_1.done")"
        touch "/scratch/link/Amplicon_barcode_analysis/HepG2_dual_rep_PA_bcwithqc/.pipeline_state/bcwithqc_done/I_L3_1.done"
        
Building DAG of jobs...
Using shell: /usr/bin/bash
Provided cores: 2
Rules claiming more threads will be scaled down.
Provided resources: mem_mb=40000, mem_mib=38147, disk_mb=1277, disk_mib=1218
Select jobs to execute...
Execute 1 jobs...

[Mon Jun 29 18:50:29 2026]
localrule bcwithqc_one_sample:
    input: /scratch/link/Amplicon_barcode_analysis/HepG2_dual_rep_PA_bcwithqc/bcwithqc_symlinks/I_L3_1/I_L3_1.fastq.gz
    output: /scratch/link/Amplicon_barcode_analysis/HepG2_dual_rep_PA_bcwithqc/.pipeline_state/bcwithqc_done/I_L3_1.done
    jobid: 0
    reason: Forced execution
    wildcards: sample=I_L3_1
    threads: 2
    resources: mem_mb=40000, mem_mib=38147, disk_mb=1277, disk_mib=1218, tmpdir=/scratch/jobs/57771432, runtime=2400, slurm_account=lsteinme


        unset PYTHONPATH
        unset PYTHONHOME
        export PYTHONNOUSERSITE=1

        rm -rf "/scratch/link/Amplicon_barcode_analysis/HepG2_dual_rep_PA_bcwithqc/bcwithqc_output/I_L3_1"
        mkdir -p "/scratch/link/Amplicon_barcode_analysis/HepG2_dual_rep_PA_bcwithqc/bcwithqc_output/I_L3_1"

        "/home/link/.conda/envs/py313/bin/bcwithqc" preprocess \
          "/scratch/link/Amplicon_barcode_analysis/HepG2_dual_rep_PA_bcwithqc/bcwithqc_symlinks/I_L3_1" \
          --config="/g/steinmetz/link/Amplicon_barcode_analysis/library/bcwithqc_config_whole_genome_sublibs_1_to_4.json" \
          --output-dir="/scratch/link/Amplicon_barcode_analysis/HepG2_dual_rep_PA_bcwithqc/bcwithqc_output/I_L3_1" \
          --threads="2" \
          --output-format-bam \
          -vv

        "/home/link/.conda/envs/py313/bin/bcwithqc" count \
          "/scratch/link/Amplicon_barcode_analysis/HepG2_dual_rep_PA_bcwithqc/bcwithqc_output/I_L3_1" \
          --STAR-output-dir="/scratch/link/Amplicon_barcode_analysis/HepG2_dual_rep_PA_bcwithqc/bcwithqc_output/I_L3_1" \
          --config="/g/steinmetz/link/Amplicon_barcode_analysis/library/bcwithqc_config_whole_genome_sublibs_1_to_4.json" \
          --output-dir="/scratch/link/Amplicon_barcode_analysis/HepG2_dual_rep_PA_bcwithqc/bcwithqc_output/I_L3_1" \
          --threads="2" \
          -vv
          
        mkdir -p "$(dirname "/scratch/link/Amplicon_barcode_analysis/HepG2_dual_rep_PA_bcwithqc/.pipeline_state/bcwithqc_done/I_L3_1.done")"
        touch "/scratch/link/Amplicon_barcode_analysis/HepG2_dual_rep_PA_bcwithqc/.pipeline_state/bcwithqc_done/I_L3_1.done"
        
2026-06-29 18:50:30   Writing log to: /scratch/link/Amplicon_barcode_analysis/HepG2_dual_rep_PA_bcwithqc/bcwithqc_output/I_L3_1/bcwithqc_preprocess.log
2026-06-29 18:50:30   Files to process:
2026-06-29 18:50:30     /scratch/link/Amplicon_barcode_analysis/HepG2_dual_rep_PA_bcwithqc/bcwithqc_symlinks/I_L3_1/I_L3_1.fastq.gz
2026-06-29 18:50:30   Processing file:
2026-06-29 18:50:30     barcode fastq: /scratch/link/Amplicon_barcode_analysis/HepG2_dual_rep_PA_bcwithqc/bcwithqc_symlinks/I_L3_1/I_L3_1.fastq.gz
2026-06-29 18:50:30     sans-bc fastq: /scratch/link/Amplicon_barcode_analysis/HepG2_dual_rep_PA_bcwithqc/bcwithqc_output/I_L3_1/sans_bc_I_L3_1.fq
2026-06-29 18:50:30     tags file:     /scratch/link/Amplicon_barcode_analysis/HepG2_dual_rep_PA_bcwithqc/bcwithqc_output/I_L3_1/rec_names_and_tags1_I_L3_1.txt
2026-06-29 18:50:30   Building aligners and barcode decoders
2026-06-29 18:50:30   Processing first 10,000 for score threshold...
2026-06-29 18:50:48   Score threshold: 0.67
2026-06-29 18:50:48   Continuing...
2026-06-29 18:53:37     100,000 processed,  98,391 output
2026-06-29 18:56:26     200,000 processed,  196,822 output
2026-06-29 18:59:15     300,000 processed,  294,326 output
2026-06-29 19:02:04     400,000 processed,  392,679 output
2026-06-29 19:04:54     500,000 processed,  490,921 output
2026-06-29 19:07:43     600,000 processed,  589,220 output
2026-06-29 19:10:33     700,000 processed,  687,570 output
2026-06-29 19:13:22     800,000 processed,  785,918 output
2026-06-29 19:16:11     900,000 processed,  884,225 output
2026-06-29 19:19:01     1,000,000 processed,  982,559 output
2026-06-29 19:21:50     1,100,000 processed,  1,080,742 output
2026-06-29 19:24:40     1,200,000 processed,  1,178,919 output
2026-06-29 19:27:28     1,300,000 processed,  1,277,240 output
2026-06-29 19:30:19     1,400,000 processed,  1,375,405 output
2026-06-29 19:33:08     1,500,000 processed,  1,473,349 output
2026-06-29 19:35:56     1,600,000 processed,  1,571,398 output
2026-06-29 19:38:47     1,700,000 processed,  1,669,020 output
2026-06-29 19:41:35     1,800,000 processed,  1,766,674 output
2026-06-29 19:44:23     1,900,000 processed,  1,865,011 output
2026-06-29 19:47:12     2,000,000 processed,  1,963,358 output
2026-06-29 19:50:03     2,100,000 processed,  2,061,638 output
2026-06-29 19:52:52     2,200,000 processed,  2,160,117 output
2026-06-29 19:55:41     2,300,000 processed,  2,258,399 output
2026-06-29 19:58:29     2,400,000 processed,  2,356,709 output
2026-06-29 20:01:18     2,500,000 processed,  2,455,067 output
2026-06-29 20:04:09     2,600,000 processed,  2,553,423 output
2026-06-29 20:06:58     2,700,000 processed,  2,651,700 output
2026-06-29 20:09:46     2,800,000 processed,  2,749,866 output
2026-06-29 20:12:35     2,900,000 processed,  2,847,875 output
2026-06-29 20:15:23     3,000,000 processed,  2,945,749 output
2026-06-29 20:18:15     3,100,000 processed,  3,043,862 output
2026-06-29 20:21:04     3,200,000 processed,  3,141,836 output
2026-06-29 20:23:52     3,300,000 processed,  3,239,844 output
2026-06-29 20:26:40     3,400,000 processed,  3,337,485 output
2026-06-29 20:29:28     3,500,000 processed,  3,435,308 output
2026-06-29 20:32:17     3,600,000 processed,  3,532,934 output
2026-06-29 20:35:10     3,700,000 processed,  3,631,079 output
2026-06-29 20:37:58     3,800,000 processed,  3,728,989 output
2026-06-29 20:40:46     3,900,000 processed,  3,826,607 output
2026-06-29 20:43:34     4,000,000 processed,  3,924,767 output
2026-06-29 20:46:22     4,100,000 processed,  4,019,752 output
2026-06-29 20:49:11     4,200,000 processed,  4,117,300 output
2026-06-29 20:51:59     4,300,000 processed,  4,215,548 output
2026-06-29 20:54:48     4,400,000 processed,  4,313,740 output
2026-06-29 20:57:41     4,500,000 processed,  4,411,844 output
2026-06-29 21:00:30     4,600,000 processed,  4,509,884 output
2026-06-29 21:03:18     4,700,000 processed,  4,607,546 output
2026-06-29 21:06:06     4,800,000 processed,  4,705,539 output
2026-06-29 21:08:55     4,900,000 processed,  4,803,477 output
2026-06-29 21:11:43     5,000,000 processed,  4,901,438 output
2026-06-29 21:14:31     5,100,000 processed,  4,998,954 output
2026-06-29 21:17:19     5,200,000 processed,  5,096,306 output
2026-06-29 21:20:08     5,300,000 processed,  5,194,020 output
2026-06-29 21:23:03     5,400,000 processed,  5,292,402 output
2026-06-29 21:25:51     5,500,000 processed,  5,390,643 output
2026-06-29 21:28:40     5,600,000 processed,  5,489,045 output
2026-06-29 21:31:28     5,700,000 processed,  5,587,243 output
2026-06-29 21:34:16     5,800,000 processed,  5,685,588 output
2026-06-29 21:37:05     5,900,000 processed,  5,783,736 output
2026-06-29 21:39:53     6,000,000 processed,  5,882,017 output
2026-06-29 21:42:41     6,100,000 processed,  5,979,936 output
2026-06-29 21:45:30     6,200,000 processed,  6,078,190 output
2026-06-29 21:48:18     6,300,000 processed,  6,176,276 output
2026-06-29 21:51:06     6,400,000 processed,  6,274,431 output
2026-06-29 21:54:03     6,500,000 processed,  6,372,570 output
2026-06-29 21:56:52     6,600,000 processed,  6,470,688 output
2026-06-29 21:59:40     6,700,000 processed,  6,568,521 output
2026-06-29 22:02:28     6,800,000 processed,  6,665,974 output
2026-06-29 22:05:16     6,900,000 processed,  6,764,002 output
2026-06-29 22:08:05     7,000,000 processed,  6,862,482 output
2026-06-29 22:10:53     7,100,000 processed,  6,960,410 output
2026-06-29 22:13:42     7,200,000 processed,  7,058,831 output
2026-06-29 22:16:30     7,300,000 processed,  7,157,268 output
2026-06-29 22:19:18     7,400,000 processed,  7,255,589 output
2026-06-29 22:22:06     7,500,000 processed,  7,353,909 output
2026-06-29 22:24:54     7,600,000 processed,  7,452,156 output
2026-06-29 22:27:43     7,700,000 processed,  7,550,245 output
2026-06-29 22:30:31     7,800,000 processed,  7,648,389 output
2026-06-29 22:33:30     7,900,000 processed,  7,746,538 output
2026-06-29 22:36:18     8,000,000 processed,  7,844,660 output
2026-06-29 22:39:06     8,100,000 processed,  7,942,796 output
2026-06-29 22:41:55     8,200,000 processed,  8,040,973 output
2026-06-29 22:44:43     8,300,000 processed,  8,139,038 output
2026-06-29 22:47:31     8,400,000 processed,  8,237,036 output
2026-06-29 22:50:20     8,500,000 processed,  8,334,765 output
2026-06-29 22:53:08     8,600,000 processed,  8,432,033 output
2026-06-29 22:55:56     8,700,000 processed,  8,530,484 output
2026-06-29 22:58:45     8,800,000 processed,  8,628,884 output
2026-06-29 23:01:33     8,900,000 processed,  8,727,210 output
2026-06-29 23:04:21     9,000,000 processed,  8,825,533 output
2026-06-29 23:07:10     9,100,000 processed,  8,923,818 output
2026-06-29 23:09:58     9,200,000 processed,  9,022,054 output
2026-06-29 23:12:46     9,300,000 processed,  9,119,829 output
2026-06-29 23:15:34     9,400,000 processed,  9,218,148 output
2026-06-29 23:18:35     9,500,000 processed,  9,316,426 output
2026-06-29 23:21:23     9,600,000 processed,  9,413,957 output
2026-06-29 23:24:12     9,700,000 processed,  9,512,188 output
2026-06-29 23:27:00     9,800,000 processed,  9,610,411 output
2026-06-29 23:29:48     9,900,000 processed,  9,708,602 output
2026-06-29 23:32:37     10,000,000 processed,  9,806,796 output
2026-06-29 23:35:25     10,100,000 processed,  9,904,926 output
2026-06-29 23:38:13     10,200,000 processed,  10,002,834 output
2026-06-29 23:41:01     10,300,000 processed,  10,100,750 output
2026-06-29 23:43:49     10,400,000 processed,  10,198,298 output
2026-06-29 23:46:37     10,500,000 processed,  10,296,480 output
2026-06-29 23:49:26     10,600,000 processed,  10,394,732 output
2026-06-29 23:52:15     10,700,000 processed,  10,491,992 output
2026-06-29 23:55:03     10,800,000 processed,  10,590,285 output
2026-06-29 23:57:52     10,900,000 processed,  10,688,525 output
2026-06-30 00:00:40     11,000,000 processed,  10,786,730 output
2026-06-30 00:03:29     11,100,000 processed,  10,884,907 output
2026-06-30 00:06:17     11,200,000 processed,  10,983,242 output
2026-06-30 00:09:06     11,300,000 processed,  11,081,342 output
2026-06-30 00:11:54     11,400,000 processed,  11,179,510 output
2026-06-30 00:14:57     11,500,000 processed,  11,277,771 output
2026-06-30 00:17:46     11,600,000 processed,  11,375,815 output
2026-06-30 00:20:34     11,700,000 processed,  11,474,070 output
2026-06-30 00:23:22     11,800,000 processed,  11,572,250 output
2026-06-30 00:26:11     11,900,000 processed,  11,670,311 output
2026-06-30 00:28:59     12,000,000 processed,  11,768,400 output
2026-06-30 00:31:47     12,100,000 processed,  11,866,221 output
2026-06-30 00:34:35     12,200,000 processed,  11,963,749 output
2026-06-30 00:37:24     12,300,000 processed,  12,062,042 output
2026-06-30 00:40:12     12,400,000 processed,  12,160,394 output
2026-06-30 00:43:00     12,500,000 processed,  12,258,766 output
2026-06-30 00:45:49     12,600,000 processed,  12,357,015 output
2026-06-30 00:48:38     12,700,000 processed,  12,455,231 output
2026-06-30 00:51:26     12,800,000 processed,  12,553,488 output
2026-06-30 00:54:15     12,900,000 processed,  12,651,882 output
2026-06-30 00:57:04     13,000,000 processed,  12,750,204 output
2026-06-30 00:59:52     13,100,000 processed,  12,848,453 output
2026-06-30 01:02:41     13,200,000 processed,  12,946,726 output
2026-06-30 01:05:29     13,300,000 processed,  13,044,993 output
2026-06-30 01:08:18     13,400,000 processed,  13,143,216 output
2026-06-30 01:11:06     13,500,000 processed,  13,241,167 output
2026-06-30 01:13:54     13,600,000 processed,  13,339,252 output
2026-06-30 01:16:42     13,700,000 processed,  13,437,487 output
2026-06-30 01:19:49     13,800,000 processed,  13,535,459 output
2026-06-30 01:22:37     13,900,000 processed,  13,633,166 output
2026-06-30 01:25:25     14,000,000 processed,  13,730,541 output
2026-06-30 01:28:14     14,100,000 processed,  13,828,356 output
2026-06-30 01:31:02     14,200,000 processed,  13,926,395 output
2026-06-30 01:33:51     14,300,000 processed,  14,024,475 output
2026-06-30 01:36:40     14,400,000 processed,  14,122,644 output
2026-06-30 01:39:28     14,500,000 processed,  14,220,745 output
2026-06-30 01:42:17     14,600,000 processed,  14,318,199 output
2026-06-30 01:45:05     14,700,000 processed,  14,416,310 output
2026-06-30 01:47:54     14,800,000 processed,  14,514,377 output
2026-06-30 01:50:42     14,900,000 processed,  14,612,496 output
2026-06-30 01:53:31     15,000,000 processed,  14,710,635 output
2026-06-30 01:56:18     15,100,000 processed,  14,808,770 output
2026-06-30 01:59:07     15,200,000 processed,  14,906,531 output
2026-06-30 02:01:55     15,300,000 processed,  15,004,631 output
2026-06-30 02:04:43     15,400,000 processed,  15,102,628 output
2026-06-30 02:07:32     15,500,000 processed,  15,200,663 output
2026-06-30 02:10:20     15,600,000 processed,  15,298,590 output
2026-06-30 02:13:08     15,700,000 processed,  15,396,373 output
2026-06-30 02:15:56     15,800,000 processed,  15,494,157 output
2026-06-30 02:18:45     15,900,000 processed,  15,591,405 output
2026-06-30 02:21:33     16,000,000 processed,  15,689,217 output
2026-06-30 02:24:22     16,100,000 processed,  15,787,529 output
2026-06-30 02:27:10     16,200,000 processed,  15,885,696 output
2026-06-30 02:29:59     16,300,000 processed,  15,983,722 output
2026-06-30 02:32:47     16,400,000 processed,  16,081,955 output
2026-06-30 02:35:36     16,500,000 processed,  16,180,299 output
2026-06-30 02:38:25     16,600,000 processed,  16,278,518 output
2026-06-30 02:41:35     16,700,000 processed,  16,376,763 output
2026-06-30 02:44:24     16,800,000 processed,  16,474,924 output
2026-06-30 02:47:12     16,900,000 processed,  16,573,187 output
2026-06-30 02:50:01     17,000,000 processed,  16,671,557 output
2026-06-30 02:52:49     17,100,000 processed,  16,769,812 output
2026-06-30 02:55:38     17,200,000 processed,  16,867,883 output
2026-06-30 02:58:26     17,300,000 processed,  16,965,711 output
2026-06-30 03:01:14     17,400,000 processed,  17,063,716 output
2026-06-30 03:04:03     17,500,000 processed,  17,161,835 output
2026-06-30 03:06:51     17,600,000 processed,  17,259,869 output
2026-06-30 03:09:40     17,700,000 processed,  17,357,651 output
2026-06-30 03:12:28     17,800,000 processed,  17,454,929 output
2026-06-30 03:15:17     17,900,000 processed,  17,552,413 output
2026-06-30 03:18:05     18,000,000 processed,  17,650,768 output
2026-06-30 03:20:54     18,100,000 processed,  17,749,046 output
2026-06-30 03:23:43     18,200,000 processed,  17,847,349 output
2026-06-30 03:26:31     18,300,000 processed,  17,945,531 output
2026-06-30 03:29:20     18,400,000 processed,  18,043,857 output
2026-06-30 03:32:08     18,500,000 processed,  18,142,256 output
2026-06-30 03:34:57     18,600,000 processed,  18,240,384 output
2026-06-30 03:37:46     18,700,000 processed,  18,338,588 output
2026-06-30 03:40:34     18,800,000 processed,  18,436,786 output
2026-06-30 03:43:22     18,900,000 processed,  18,535,088 output
2026-06-30 03:46:11     19,000,000 processed,  18,633,347 output
2026-06-30 03:48:59     19,100,000 processed,  18,731,544 output
2026-06-30 03:51:47     19,200,000 processed,  18,829,746 output
2026-06-30 03:54:36     19,300,000 processed,  18,927,845 output
2026-06-30 03:57:25     19,400,000 processed,  19,026,072 output
2026-06-30 04:00:13     19,500,000 processed,  19,124,139 output
2026-06-30 04:03:02     19,600,000 processed,  19,222,022 output
2026-06-30 04:05:50     19,700,000 processed,  19,319,782 output
2026-06-30 04:08:38     19,800,000 processed,  19,417,130 output
2026-06-30 04:11:27     19,900,000 processed,  19,514,940 output
2026-06-30 04:14:16     20,000,000 processed,  19,613,274 output
2026-06-30 04:17:31     20,100,000 processed,  19,711,508 output
2026-06-30 04:20:19     20,200,000 processed,  19,809,732 output
2026-06-30 04:23:08     20,300,000 processed,  19,908,005 output
2026-06-30 04:25:57     20,400,000 processed,  20,006,307 output
2026-06-30 04:28:45     20,500,000 processed,  20,104,506 output
2026-06-30 04:31:34     20,600,000 processed,  20,202,832 output
2026-06-30 04:34:22     20,700,000 processed,  20,301,143 output
2026-06-30 04:37:11     20,800,000 processed,  20,399,408 output
2026-06-30 04:39:59     20,900,000 processed,  20,497,694 output
2026-06-30 04:42:48     21,000,000 processed,  20,595,748 output
2026-06-30 04:45:36     21,100,000 processed,  20,693,933 output
2026-06-30 04:48:24     21,200,000 processed,  20,792,223 output
2026-06-30 04:51:13     21,300,000 processed,  20,890,447 output
2026-06-30 04:54:01     21,400,000 processed,  20,988,620 output
2026-06-30 04:56:49     21,500,000 processed,  21,086,666 output
2026-06-30 04:59:37     21,600,000 processed,  21,184,705 output
2026-06-30 05:02:26     21,700,000 processed,  21,282,735 output
2026-06-30 05:05:13     21,800,000 processed,  21,380,454 output
2026-06-30 05:08:02     21,900,000 processed,  21,478,249 output
2026-06-30 05:10:50     22,000,000 processed,  21,576,437 output
2026-06-30 05:13:39     22,100,000 processed,  21,674,868 output
2026-06-30 05:16:28     22,200,000 processed,  21,773,166 output
2026-06-30 05:19:16     22,300,000 processed,  21,871,469 output
2026-06-30 05:22:04     22,400,000 processed,  21,969,908 output
2026-06-30 05:24:53     22,500,000 processed,  22,068,442 output
2026-06-30 05:27:41     22,600,000 processed,  22,166,104 output
2026-06-30 05:30:29     22,700,000 processed,  22,263,471 output
2026-06-30 05:33:17     22,800,000 processed,  22,361,852 output
2026-06-30 05:36:06     22,900,000 processed,  22,459,642 output
2026-06-30 05:38:54     23,000,000 processed,  22,557,933 output
2026-06-30 05:41:42     23,100,000 processed,  22,656,238 output
2026-06-30 05:44:30     23,200,000 processed,  22,754,668 output
2026-06-30 05:47:19     23,300,000 processed,  22,853,074 output
2026-06-30 05:50:07     23,400,000 processed,  22,951,327 output
2026-06-30 05:52:55     23,500,000 processed,  23,049,442 output
2026-06-30 05:55:44     23,600,000 processed,  23,147,568 output
2026-06-30 05:58:32     23,700,000 processed,  23,245,858 output
2026-06-30 06:01:20     23,800,000 processed,  23,342,328 output
2026-06-30 06:04:09     23,900,000 processed,  23,439,383 output
2026-06-30 06:06:57     24,000,000 processed,  23,535,498 output
2026-06-30 06:09:45     24,100,000 processed,  23,633,005 output
2026-06-30 06:12:33     24,200,000 processed,  23,728,581 output
2026-06-30 06:15:54     24,300,000 processed,  23,825,792 output
2026-06-30 06:18:42     24,400,000 processed,  23,923,727 output
2026-06-30 06:21:30     24,500,000 processed,  24,020,631 output
2026-06-30 06:24:18     24,600,000 processed,  24,118,448 output
2026-06-30 06:27:06     24,700,000 processed,  24,216,697 output
2026-06-30 06:29:54     24,800,000 processed,  24,315,032 output
2026-06-30 06:32:42     24,900,000 processed,  24,413,407 output
2026-06-30 06:35:30     25,000,000 processed,  24,511,663 output
2026-06-30 06:38:18     25,100,000 processed,  24,610,044 output
2026-06-30 06:41:06     25,200,000 processed,  24,707,572 output
2026-06-30 06:43:55     25,300,000 processed,  24,804,062 output
2026-06-30 06:46:43     25,400,000 processed,  24,902,305 output
2026-06-30 06:49:32     25,500,000 processed,  25,000,382 output
2026-06-30 06:52:20     25,600,000 processed,  25,097,089 output
2026-06-30 06:55:08     25,700,000 processed,  25,193,943 output
2026-06-30 06:57:56     25,800,000 processed,  25,292,273 output
2026-06-30 07:00:44     25,900,000 processed,  25,389,249 output
2026-06-30 07:03:32     26,000,000 processed,  25,487,488 output
2026-06-30 07:06:21     26,100,000 processed,  25,584,800 output
2026-06-30 07:09:09     26,200,000 processed,  25,682,806 output
2026-06-30 07:11:58     26,300,000 processed,  25,780,743 output
2026-06-30 07:14:46     26,400,000 processed,  25,878,565 output
2026-06-30 07:17:34     26,500,000 processed,  25,975,837 output
2026-06-30 07:20:23     26,600,000 processed,  26,074,231 output
2026-06-30 07:23:11     26,700,000 processed,  26,172,111 output
2026-06-30 07:25:59     26,800,000 processed,  26,268,961 output
2026-06-30 07:28:48     26,900,000 processed,  26,366,090 output
2026-06-30 07:31:36     27,000,000 processed,  26,462,329 output
2026-06-30 07:34:24     27,100,000 processed,  26,558,391 output
2026-06-30 07:37:12     27,200,000 processed,  26,655,872 output
2026-06-30 07:40:00     27,300,000 processed,  26,754,250 output
2026-06-30 07:42:48     27,400,000 processed,  26,852,338 output
2026-06-30 07:45:37     27,500,000 processed,  26,950,278 output
2026-06-30 07:48:25     27,600,000 processed,  27,047,823 output
2026-06-30 07:51:13     27,700,000 processed,  27,145,693 output
2026-06-30 07:54:01     27,800,000 processed,  27,244,034 output
2026-06-30 07:56:50     27,900,000 processed,  27,342,472 output
2026-06-30 07:59:38     28,000,000 processed,  27,440,785 output
2026-06-30 08:02:26     28,100,000 processed,  27,538,421 output
2026-06-30 08:05:15     28,200,000 processed,  27,635,427 output
2026-06-30 08:08:03     28,300,000 processed,  27,732,193 output
2026-06-30 08:10:51     28,400,000 processed,  27,829,486 output
2026-06-30 08:13:40     28,500,000 processed,  27,926,580 output
2026-06-30 08:16:28     28,600,000 processed,  28,025,002 output
2026-06-30 08:19:16     28,700,000 processed,  28,122,974 output
2026-06-30 08:22:04     28,800,000 processed,  28,221,252 output
2026-06-30 08:24:52     28,900,000 processed,  28,319,587 output
2026-06-30 08:27:40     29,000,000 processed,  28,417,797 output
2026-06-30 08:30:29     29,100,000 processed,  28,516,153 output
2026-06-30 08:33:17     29,200,000 processed,  28,614,443 output
2026-06-30 08:36:44     29,300,000 processed,  28,712,609 output
2026-06-30 08:39:32     29,400,000 processed,  28,811,070 output
2026-06-30 08:42:21     29,500,000 processed,  28,909,028 output
2026-06-30 08:45:09     29,600,000 processed,  29,007,481 output
2026-06-30 08:47:57     29,700,000 processed,  29,105,833 output
2026-06-30 08:50:46     29,800,000 processed,  29,203,083 output
2026-06-30 08:53:34     29,900,000 processed,  29,300,456 output
2026-06-30 08:56:22     30,000,000 processed,  29,398,963 output
2026-06-30 08:59:10     30,100,000 processed,  29,497,064 output
2026-06-30 09:01:59     30,200,000 processed,  29,595,229 output
2026-06-30 09:04:47     30,300,000 processed,  29,693,044 output
2026-06-30 09:07:35     30,400,000 processed,  29,791,020 output
2026-06-30 09:10:23     30,500,000 processed,  29,889,191 output
2026-06-30 09:13:12     30,600,000 processed,  29,987,397 output
2026-06-30 09:16:00     30,700,000 processed,  30,085,584 output
2026-06-30 09:18:48     30,800,000 processed,  30,183,797 output
2026-06-30 09:21:37     30,900,000 processed,  30,282,060 output
2026-06-30 09:24:25     31,000,000 processed,  30,380,196 output
2026-06-30 09:27:14     31,100,000 processed,  30,478,373 output
2026-06-30 09:30:02     31,200,000 processed,  30,576,573 output
2026-06-30 09:32:50     31,300,000 processed,  30,674,915 output
2026-06-30 09:35:38     31,400,000 processed,  30,773,133 output
2026-06-30 09:38:26     31,500,000 processed,  30,871,387 output
2026-06-30 09:41:15     31,600,000 processed,  30,969,628 output
2026-06-30 09:44:03     31,700,000 processed,  31,067,864 output
2026-06-30 09:46:51     31,800,000 processed,  31,166,068 output
2026-06-30 09:49:39     31,900,000 processed,  31,264,308 output
2026-06-30 09:52:27     32,000,000 processed,  31,362,592 output
2026-06-30 09:55:15     32,100,000 processed,  31,460,755 output
2026-06-30 09:58:03     32,200,000 processed,  31,558,836 output
2026-06-30 10:00:51     32,300,000 processed,  31,656,089 output
2026-06-30 10:03:39     32,400,000 processed,  31,751,704 output
2026-06-30 10:06:27     32,500,000 processed,  31,845,575 output
2026-06-30 10:09:15     32,600,000 processed,  31,943,672 output
2026-06-30 10:12:03     32,700,000 processed,  32,041,678 output
2026-06-30 10:14:51     32,800,000 processed,  32,139,891 output
2026-06-30 10:17:40     32,900,000 processed,  32,238,251 output
2026-06-30 10:20:28     33,000,000 processed,  32,336,328 output
2026-06-30 10:23:17     33,100,000 processed,  32,434,271 output
2026-06-30 10:26:05     33,200,000 processed,  32,532,245 output
2026-06-30 10:28:53     33,300,000 processed,  32,629,579 output
2026-06-30 10:31:42     33,400,000 processed,  32,727,367 output
2026-06-30 10:34:30     33,500,000 processed,  32,825,390 output
2026-06-30 10:37:18     33,600,000 processed,  32,923,366 output
2026-06-30 10:40:07     33,700,000 processed,  33,021,090 output
2026-06-30 10:42:55     33,800,000 processed,  33,118,973 output
2026-06-30 10:45:44     33,900,000 processed,  33,216,693 output
2026-06-30 10:48:32     34,000,000 processed,  33,314,771 output
2026-06-30 10:51:21     34,100,000 processed,  33,412,600 output
2026-06-30 10:54:09     34,200,000 processed,  33,509,934 output
2026-06-30 10:56:57     34,300,000 processed,  33,607,501 output
2026-06-30 10:59:45     34,400,000 processed,  33,705,411 output
2026-06-30 11:02:34     34,500,000 processed,  33,803,699 output
2026-06-30 11:05:22     34,600,000 processed,  33,902,013 output
2026-06-30 11:08:11     34,700,000 processed,  34,000,216 output
2026-06-30 11:10:59     34,800,000 processed,  34,098,502 output
2026-06-30 11:13:47     34,900,000 processed,  34,194,624 output
2026-06-30 11:16:35     35,000,000 processed,  34,289,145 output
2026-06-30 11:19:24     35,100,000 processed,  34,386,536 output
2026-06-30 11:22:12     35,200,000 processed,  34,484,825 output
2026-06-30 11:25:50     35,300,000 processed,  34,583,129 output
2026-06-30 11:28:38     35,400,000 processed,  34,680,626 output
2026-06-30 11:31:26     35,500,000 processed,  34,778,712 output
2026-06-30 11:34:14     35,600,000 processed,  34,876,903 output
2026-06-30 11:37:03     35,700,000 processed,  34,974,892 output
2026-06-30 11:39:51     35,800,000 processed,  35,068,424 output
2026-06-30 11:42:40     35,900,000 processed,  35,162,292 output
2026-06-30 11:45:28     36,000,000 processed,  35,259,200 output
2026-06-30 11:48:15     36,100,000 processed,  35,349,521 output
2026-06-30 11:51:01     36,200,000 processed,  35,439,797 output
2026-06-30 11:53:50     36,300,000 processed,  35,537,494 output
2026-06-30 11:56:38     36,400,000 processed,  35,631,557 output
2026-06-30 11:59:27     36,500,000 processed,  35,718,633 output
2026-06-30 12:02:15     36,600,000 processed,  35,816,463 output
2026-06-30 12:05:03     36,700,000 processed,  35,913,911 output
2026-06-30 12:07:52     36,800,000 processed,  36,011,180 output
2026-06-30 12:10:41     36,900,000 processed,  36,108,461 output
2026-06-30 12:13:30     37,000,000 processed,  36,206,103 output
2026-06-30 12:16:19     37,100,000 processed,  36,303,954 output
2026-06-30 12:19:07     37,200,000 processed,  36,401,869 output
2026-06-30 12:21:55     37,300,000 processed,  36,499,790 output
2026-06-30 12:24:44     37,400,000 processed,  36,597,998 output
2026-06-30 12:27:31     37,500,000 processed,  36,691,992 output
2026-06-30 12:30:19     37,600,000 processed,  36,787,525 output
2026-06-30 12:33:08     37,700,000 processed,  36,884,569 output
2026-06-30 12:35:56     37,800,000 processed,  36,982,143 output
2026-06-30 12:38:43     37,900,000 processed,  37,080,232 output
2026-06-30 12:41:31     38,000,000 processed,  37,178,362 output
2026-06-30 12:44:20     38,100,000 processed,  37,276,450 output
2026-06-30 12:47:08     38,200,000 processed,  37,374,645 output
2026-06-30 12:49:56     38,300,000 processed,  37,472,858 output
2026-06-30 12:52:44     38,400,000 processed,  37,571,047 output
2026-06-30 12:55:33     38,500,000 processed,  37,669,222 output
2026-06-30 12:58:21     38,600,000 processed,  37,767,416 output
2026-06-30 13:01:09     38,700,000 processed,  37,865,510 output
2026-06-30 13:03:57     38,800,000 processed,  37,963,823 output
2026-06-30 13:06:45     38,900,000 processed,  38,062,050 output
2026-06-30 13:09:33     39,000,000 processed,  38,160,333 output
2026-06-30 13:12:22     39,100,000 processed,  38,258,652 output
2026-06-30 13:15:11     39,200,000 processed,  38,356,692 output
2026-06-30 13:17:59     39,300,000 processed,  38,454,830 output
2026-06-30 13:20:48     39,400,000 processed,  38,553,008 output
2026-06-30 13:23:36     39,500,000 processed,  38,651,299 output
2026-06-30 13:26:25     39,600,000 processed,  38,749,379 output
2026-06-30 13:29:13     39,700,000 processed,  38,847,166 output
2026-06-30 13:32:01     39,800,000 processed,  38,945,236 output
2026-06-30 13:34:49     39,900,000 processed,  39,043,511 output
2026-06-30 13:37:38     40,000,000 processed,  39,141,332 output
2026-06-30 13:40:26     40,100,000 processed,  39,235,929 output
2026-06-30 13:43:14     40,200,000 processed,  39,333,586 output
2026-06-30 13:46:02     40,300,000 processed,  39,431,866 output
