Building DAG of jobs...
Using shell: /usr/bin/bash
Provided remote nodes: 1
Provided resources: mem_mb=40000, mem_mib=38147, disk_mb=1599, disk_mib=1525
Select jobs to execute...
Execute 1 jobs...

[Mon Jun 29 18:50:26 2026]
rule bcwithqc_one_sample:
    input: /scratch/link/Amplicon_barcode_analysis/HepG2_dual_rep_PA_bcwithqc/bcwithqc_symlinks/U_L3_2/U_L3_2.fastq.gz
    output: /scratch/link/Amplicon_barcode_analysis/HepG2_dual_rep_PA_bcwithqc/.pipeline_state/bcwithqc_done/U_L3_2.done
    jobid: 0
    reason: Forced execution
    wildcards: sample=U_L3_2
    threads: 2
    resources: mem_mb=40000, mem_mib=38147, disk_mb=1599, disk_mib=1525, tmpdir=<TBD>, runtime=2400, slurm_account=lsteinme


        unset PYTHONPATH
        unset PYTHONHOME
        export PYTHONNOUSERSITE=1

        rm -rf "/scratch/link/Amplicon_barcode_analysis/HepG2_dual_rep_PA_bcwithqc/bcwithqc_output/U_L3_2"
        mkdir -p "/scratch/link/Amplicon_barcode_analysis/HepG2_dual_rep_PA_bcwithqc/bcwithqc_output/U_L3_2"

        "/home/link/.conda/envs/py313/bin/bcwithqc" preprocess \
          "/scratch/link/Amplicon_barcode_analysis/HepG2_dual_rep_PA_bcwithqc/bcwithqc_symlinks/U_L3_2" \
          --config="/g/steinmetz/link/Amplicon_barcode_analysis/library/bcwithqc_config_whole_genome_sublibs_1_to_4.json" \
          --output-dir="/scratch/link/Amplicon_barcode_analysis/HepG2_dual_rep_PA_bcwithqc/bcwithqc_output/U_L3_2" \
          --threads="2" \
          --output-format-bam \
          -vv

        "/home/link/.conda/envs/py313/bin/bcwithqc" count \
          "/scratch/link/Amplicon_barcode_analysis/HepG2_dual_rep_PA_bcwithqc/bcwithqc_output/U_L3_2" \
          --STAR-output-dir="/scratch/link/Amplicon_barcode_analysis/HepG2_dual_rep_PA_bcwithqc/bcwithqc_output/U_L3_2" \
          --config="/g/steinmetz/link/Amplicon_barcode_analysis/library/bcwithqc_config_whole_genome_sublibs_1_to_4.json" \
          --output-dir="/scratch/link/Amplicon_barcode_analysis/HepG2_dual_rep_PA_bcwithqc/bcwithqc_output/U_L3_2" \
          --threads="2" \
          -vv
          
        mkdir -p "$(dirname "/scratch/link/Amplicon_barcode_analysis/HepG2_dual_rep_PA_bcwithqc/.pipeline_state/bcwithqc_done/U_L3_2.done")"
        touch "/scratch/link/Amplicon_barcode_analysis/HepG2_dual_rep_PA_bcwithqc/.pipeline_state/bcwithqc_done/U_L3_2.done"
        
Building DAG of jobs...
Using shell: /usr/bin/bash
Provided cores: 2
Rules claiming more threads will be scaled down.
Provided resources: mem_mb=40000, mem_mib=38147, disk_mb=1599, disk_mib=1525
Select jobs to execute...
Execute 1 jobs...

[Mon Jun 29 18:50:29 2026]
localrule bcwithqc_one_sample:
    input: /scratch/link/Amplicon_barcode_analysis/HepG2_dual_rep_PA_bcwithqc/bcwithqc_symlinks/U_L3_2/U_L3_2.fastq.gz
    output: /scratch/link/Amplicon_barcode_analysis/HepG2_dual_rep_PA_bcwithqc/.pipeline_state/bcwithqc_done/U_L3_2.done
    jobid: 0
    reason: Forced execution
    wildcards: sample=U_L3_2
    threads: 2
    resources: mem_mb=40000, mem_mib=38147, disk_mb=1599, disk_mib=1525, tmpdir=/scratch/jobs/57771427, runtime=2400, slurm_account=lsteinme


        unset PYTHONPATH
        unset PYTHONHOME
        export PYTHONNOUSERSITE=1

        rm -rf "/scratch/link/Amplicon_barcode_analysis/HepG2_dual_rep_PA_bcwithqc/bcwithqc_output/U_L3_2"
        mkdir -p "/scratch/link/Amplicon_barcode_analysis/HepG2_dual_rep_PA_bcwithqc/bcwithqc_output/U_L3_2"

        "/home/link/.conda/envs/py313/bin/bcwithqc" preprocess \
          "/scratch/link/Amplicon_barcode_analysis/HepG2_dual_rep_PA_bcwithqc/bcwithqc_symlinks/U_L3_2" \
          --config="/g/steinmetz/link/Amplicon_barcode_analysis/library/bcwithqc_config_whole_genome_sublibs_1_to_4.json" \
          --output-dir="/scratch/link/Amplicon_barcode_analysis/HepG2_dual_rep_PA_bcwithqc/bcwithqc_output/U_L3_2" \
          --threads="2" \
          --output-format-bam \
          -vv

        "/home/link/.conda/envs/py313/bin/bcwithqc" count \
          "/scratch/link/Amplicon_barcode_analysis/HepG2_dual_rep_PA_bcwithqc/bcwithqc_output/U_L3_2" \
          --STAR-output-dir="/scratch/link/Amplicon_barcode_analysis/HepG2_dual_rep_PA_bcwithqc/bcwithqc_output/U_L3_2" \
          --config="/g/steinmetz/link/Amplicon_barcode_analysis/library/bcwithqc_config_whole_genome_sublibs_1_to_4.json" \
          --output-dir="/scratch/link/Amplicon_barcode_analysis/HepG2_dual_rep_PA_bcwithqc/bcwithqc_output/U_L3_2" \
          --threads="2" \
          -vv
          
        mkdir -p "$(dirname "/scratch/link/Amplicon_barcode_analysis/HepG2_dual_rep_PA_bcwithqc/.pipeline_state/bcwithqc_done/U_L3_2.done")"
        touch "/scratch/link/Amplicon_barcode_analysis/HepG2_dual_rep_PA_bcwithqc/.pipeline_state/bcwithqc_done/U_L3_2.done"
        
2026-06-29 18:50:30   Writing log to: /scratch/link/Amplicon_barcode_analysis/HepG2_dual_rep_PA_bcwithqc/bcwithqc_output/U_L3_2/bcwithqc_preprocess.log
2026-06-29 18:50:30   Files to process:
2026-06-29 18:50:30     /scratch/link/Amplicon_barcode_analysis/HepG2_dual_rep_PA_bcwithqc/bcwithqc_symlinks/U_L3_2/U_L3_2.fastq.gz
2026-06-29 18:50:30   Processing file:
2026-06-29 18:50:30     barcode fastq: /scratch/link/Amplicon_barcode_analysis/HepG2_dual_rep_PA_bcwithqc/bcwithqc_symlinks/U_L3_2/U_L3_2.fastq.gz
2026-06-29 18:50:30     sans-bc fastq: /scratch/link/Amplicon_barcode_analysis/HepG2_dual_rep_PA_bcwithqc/bcwithqc_output/U_L3_2/sans_bc_U_L3_2.fq
2026-06-29 18:50:30     tags file:     /scratch/link/Amplicon_barcode_analysis/HepG2_dual_rep_PA_bcwithqc/bcwithqc_output/U_L3_2/rec_names_and_tags1_U_L3_2.txt
2026-06-29 18:50:30   Building aligners and barcode decoders
2026-06-29 18:50:30   Processing first 10,000 for score threshold...
2026-06-29 18:50:50   Score threshold: 0.64
2026-06-29 18:50:50   Continuing...
2026-06-29 18:54:00     100,000 processed,  97,454 output
2026-06-29 18:57:11     200,000 processed,  194,955 output
2026-06-29 19:00:21     300,000 processed,  292,561 output
2026-06-29 19:03:32     400,000 processed,  390,677 output
2026-06-29 19:06:42     500,000 processed,  488,922 output
2026-06-29 19:09:53     600,000 processed,  586,514 output
2026-06-29 19:13:04     700,000 processed,  684,561 output
2026-06-29 19:16:15     800,000 processed,  782,154 output
2026-06-29 19:19:26     900,000 processed,  879,714 output
2026-06-29 19:22:37     1,000,000 processed,  977,974 output
2026-06-29 19:25:47     1,100,000 processed,  1,076,211 output
2026-06-29 19:28:59     1,200,000 processed,  1,174,628 output
2026-06-29 19:32:09     1,300,000 processed,  1,272,635 output
2026-06-29 19:35:19     1,400,000 processed,  1,370,310 output
2026-06-29 19:38:31     1,500,000 processed,  1,468,263 output
2026-06-29 19:41:41     1,600,000 processed,  1,566,523 output
2026-06-29 19:44:51     1,700,000 processed,  1,664,887 output
2026-06-29 19:48:03     1,800,000 processed,  1,762,299 output
2026-06-29 19:51:14     1,900,000 processed,  1,860,039 output
2026-06-29 19:54:24     2,000,000 processed,  1,958,366 output
2026-06-29 19:57:37     2,100,000 processed,  2,056,247 output
2026-06-29 20:00:47     2,200,000 processed,  2,154,348 output
2026-06-29 20:03:57     2,300,000 processed,  2,252,272 output
2026-06-29 20:07:07     2,400,000 processed,  2,350,045 output
2026-06-29 20:10:17     2,500,000 processed,  2,447,587 output
2026-06-29 20:13:33     2,600,000 processed,  2,533,400 output
2026-06-29 20:16:42     2,700,000 processed,  2,631,907 output
2026-06-29 20:19:52     2,800,000 processed,  2,729,954 output
2026-06-29 20:23:02     2,900,000 processed,  2,826,153 output
2026-06-29 20:26:12     3,000,000 processed,  2,923,765 output
2026-06-29 20:29:26     3,100,000 processed,  3,022,367 output
2026-06-29 20:32:36     3,200,000 processed,  3,119,620 output
2026-06-29 20:35:45     3,300,000 processed,  3,216,796 output
2026-06-29 20:38:56     3,400,000 processed,  3,313,954 output
2026-06-29 20:42:06     3,500,000 processed,  3,410,715 output
2026-06-29 20:45:16     3,600,000 processed,  3,508,040 output
2026-06-29 20:48:31     3,700,000 processed,  3,605,051 output
2026-06-29 20:51:40     3,800,000 processed,  3,703,105 output
2026-06-29 20:54:50     3,900,000 processed,  3,801,280 output
2026-06-29 20:58:00     4,000,000 processed,  3,899,491 output
2026-06-29 21:01:10     4,100,000 processed,  3,996,853 output
2026-06-29 21:04:20     4,200,000 processed,  4,093,553 output
2026-06-29 21:07:30     4,300,000 processed,  4,190,445 output
2026-06-29 21:10:41     4,400,000 processed,  4,287,701 output
2026-06-29 21:13:56     4,500,000 processed,  4,384,989 output
2026-06-29 21:17:06     4,600,000 processed,  4,481,806 output
2026-06-29 21:20:16     4,700,000 processed,  4,578,889 output
2026-06-29 21:23:27     4,800,000 processed,  4,676,593 output
2026-06-29 21:26:37     4,900,000 processed,  4,774,571 output
2026-06-29 21:29:47     5,000,000 processed,  4,872,434 output
2026-06-29 21:32:57     5,100,000 processed,  4,970,377 output
2026-06-29 21:36:08     5,200,000 processed,  5,068,069 output
2026-06-29 21:39:18     5,300,000 processed,  5,165,503 output
2026-06-29 21:42:35     5,400,000 processed,  5,261,675 output
2026-06-29 21:45:45     5,500,000 processed,  5,358,808 output
2026-06-29 21:48:55     5,600,000 processed,  5,455,922 output
2026-06-29 21:52:05     5,700,000 processed,  5,552,984 output
2026-06-29 21:55:15     5,800,000 processed,  5,650,080 output
2026-06-29 21:58:25     5,900,000 processed,  5,747,299 output
2026-06-29 22:01:36     6,000,000 processed,  5,845,540 output
2026-06-29 22:04:49     6,100,000 processed,  5,943,716 output
2026-06-29 22:08:02     6,200,000 processed,  6,041,799 output
2026-06-29 22:11:15     6,300,000 processed,  6,139,371 output
2026-06-29 22:14:28     6,400,000 processed,  6,237,290 output
2026-06-29 22:17:40     6,500,000 processed,  6,335,231 output
2026-06-29 22:21:01     6,600,000 processed,  6,432,896 output
2026-06-29 22:24:14     6,700,000 processed,  6,529,693 output
2026-06-29 22:27:27     6,800,000 processed,  6,627,404 output
2026-06-29 22:30:40     6,900,000 processed,  6,724,886 output
2026-06-29 22:33:52     7,000,000 processed,  6,823,199 output
2026-06-29 22:37:04     7,100,000 processed,  6,921,148 output
2026-06-29 22:40:17     7,200,000 processed,  7,018,593 output
2026-06-29 22:43:31     7,300,000 processed,  7,116,303 output
2026-06-29 22:46:44     7,400,000 processed,  7,213,686 output
2026-06-29 22:49:57     7,500,000 processed,  7,311,728 output
2026-06-29 22:53:10     7,600,000 processed,  7,409,686 output
2026-06-29 22:56:23     7,700,000 processed,  7,507,099 output
2026-06-29 22:59:36     7,800,000 processed,  7,604,143 output
2026-06-29 23:03:01     7,900,000 processed,  7,701,569 output
2026-06-29 23:06:13     8,000,000 processed,  7,799,328 output
2026-06-29 23:09:26     8,100,000 processed,  7,897,489 output
2026-06-29 23:12:38     8,200,000 processed,  7,995,682 output
2026-06-29 23:15:50     8,300,000 processed,  8,093,800 output
2026-06-29 23:19:03     8,400,000 processed,  8,190,997 output
2026-06-29 23:22:15     8,500,000 processed,  8,288,403 output
2026-06-29 23:25:27     8,600,000 processed,  8,386,580 output
2026-06-29 23:28:39     8,700,000 processed,  8,484,767 output
2026-06-29 23:31:49     8,800,000 processed,  8,582,637 output
2026-06-29 23:35:00     8,900,000 processed,  8,680,186 output
2026-06-29 23:38:11     9,000,000 processed,  8,778,039 output
2026-06-29 23:41:22     9,100,000 processed,  8,875,874 output
2026-06-29 23:44:32     9,200,000 processed,  8,973,398 output
2026-06-29 23:47:42     9,300,000 processed,  9,070,631 output
2026-06-29 23:50:53     9,400,000 processed,  9,168,166 output
2026-06-29 23:54:03     9,500,000 processed,  9,266,173 output
2026-06-29 23:57:29     9,600,000 processed,  9,364,181 output
2026-06-30 00:00:40     9,700,000 processed,  9,462,049 output
2026-06-30 00:03:51     9,800,000 processed,  9,559,791 output
2026-06-30 00:07:02     9,900,000 processed,  9,657,461 output
2026-06-30 00:10:12     10,000,000 processed,  9,755,093 output
2026-06-30 00:13:24     10,100,000 processed,  9,853,495 output
2026-06-30 00:16:36     10,200,000 processed,  9,951,530 output
2026-06-30 00:19:47     10,300,000 processed,  10,049,482 output
2026-06-30 00:22:57     10,400,000 processed,  10,147,634 output
2026-06-30 00:26:08     10,500,000 processed,  10,245,673 output
2026-06-30 00:29:18     10,600,000 processed,  10,343,235 output
2026-06-30 00:32:28     10,700,000 processed,  10,440,847 output
2026-06-30 00:35:37     10,800,000 processed,  10,538,558 output
2026-06-30 00:38:47     10,900,000 processed,  10,636,282 output
2026-06-30 00:41:57     11,000,000 processed,  10,733,944 output
2026-06-30 00:45:07     11,100,000 processed,  10,831,418 output
2026-06-30 00:48:17     11,200,000 processed,  10,929,947 output
2026-06-30 00:51:26     11,300,000 processed,  11,027,974 output
2026-06-30 00:54:36     11,400,000 processed,  11,125,690 output
2026-06-30 00:58:01     11,500,000 processed,  11,222,880 output
2026-06-30 01:01:10     11,600,000 processed,  11,320,611 output
2026-06-30 01:04:19     11,700,000 processed,  11,418,826 output
2026-06-30 01:07:29     11,800,000 processed,  11,516,830 output
2026-06-30 01:10:39     11,900,000 processed,  11,614,380 output
2026-06-30 01:13:48     12,000,000 processed,  11,712,150 output
2026-06-30 01:16:58     12,100,000 processed,  11,810,008 output
2026-06-30 01:20:08     12,200,000 processed,  11,907,869 output
2026-06-30 01:23:17     12,300,000 processed,  12,005,499 output
2026-06-30 01:26:27     12,400,000 processed,  12,102,618 output
2026-06-30 01:29:36     12,500,000 processed,  12,201,022 output
2026-06-30 01:32:45     12,600,000 processed,  12,299,127 output
2026-06-30 01:35:55     12,700,000 processed,  12,397,283 output
2026-06-30 01:39:04     12,800,000 processed,  12,495,804 output
2026-06-30 01:42:14     12,900,000 processed,  12,594,129 output
2026-06-30 01:45:24     13,000,000 processed,  12,692,464 output
2026-06-30 01:48:33     13,100,000 processed,  12,791,051 output
2026-06-30 01:51:43     13,200,000 processed,  12,889,547 output
2026-06-30 01:54:52     13,300,000 processed,  12,988,075 output
2026-06-30 01:58:02     13,400,000 processed,  13,086,602 output
2026-06-30 02:01:12     13,500,000 processed,  13,184,578 output
2026-06-30 02:04:22     13,600,000 processed,  13,282,224 output
2026-06-30 02:07:31     13,700,000 processed,  13,380,128 output
2026-06-30 02:10:41     13,800,000 processed,  13,478,716 output
2026-06-30 02:14:08     13,900,000 processed,  13,577,187 output
2026-06-30 02:17:18     14,000,000 processed,  13,675,525 output
2026-06-30 02:20:27     14,100,000 processed,  13,772,740 output
2026-06-30 02:23:37     14,200,000 processed,  13,870,697 output
2026-06-30 02:26:46     14,300,000 processed,  13,969,248 output
2026-06-30 02:29:56     14,400,000 processed,  14,067,679 output
2026-06-30 02:33:05     14,500,000 processed,  14,165,631 output
2026-06-30 02:36:15     14,600,000 processed,  14,263,331 output
2026-06-30 02:39:25     14,700,000 processed,  14,361,440 output
2026-06-30 02:42:34     14,800,000 processed,  14,459,528 output
2026-06-30 02:45:44     14,900,000 processed,  14,557,799 output
2026-06-30 02:48:53     15,000,000 processed,  14,655,453 output
2026-06-30 02:52:02     15,100,000 processed,  14,752,572 output
2026-06-30 02:55:12     15,200,000 processed,  14,850,321 output
2026-06-30 02:58:21     15,300,000 processed,  14,948,718 output
2026-06-30 03:01:31     15,400,000 processed,  15,046,727 output
2026-06-30 03:04:40     15,500,000 processed,  15,144,924 output
2026-06-30 03:07:49     15,600,000 processed,  15,243,544 output
2026-06-30 03:10:59     15,700,000 processed,  15,340,827 output
2026-06-30 03:14:10     15,800,000 processed,  15,436,990 output
2026-06-30 03:17:19     15,900,000 processed,  15,534,270 output
2026-06-30 03:20:29     16,000,000 processed,  15,631,914 output
2026-06-30 03:23:38     16,100,000 processed,  15,729,767 output
2026-06-30 03:26:48     16,200,000 processed,  15,827,596 output
2026-06-30 03:29:57     16,300,000 processed,  15,925,479 output
2026-06-30 03:33:07     16,400,000 processed,  16,022,286 output
2026-06-30 03:36:16     16,500,000 processed,  16,120,354 output
2026-06-30 03:39:25     16,600,000 processed,  16,218,698 output
2026-06-30 03:42:35     16,700,000 processed,  16,316,428 output
2026-06-30 03:46:06     16,800,000 processed,  16,414,396 output
2026-06-30 03:49:16     16,900,000 processed,  16,512,377 output
2026-06-30 03:52:25     17,000,000 processed,  16,609,369 output
2026-06-30 03:55:35     17,100,000 processed,  16,706,976 output
2026-06-30 03:58:44     17,200,000 processed,  16,805,525 output
2026-06-30 04:01:53     17,300,000 processed,  16,904,049 output
2026-06-30 04:05:03     17,400,000 processed,  17,001,817 output
2026-06-30 04:08:13     17,500,000 processed,  17,099,350 output
2026-06-30 04:11:22     17,600,000 processed,  17,197,362 output
2026-06-30 04:14:32     17,700,000 processed,  17,295,587 output
2026-06-30 04:17:42     17,800,000 processed,  17,393,977 output
2026-06-30 04:20:51     17,900,000 processed,  17,492,437 output
2026-06-30 04:24:01     18,000,000 processed,  17,589,971 output
2026-06-30 04:27:10     18,100,000 processed,  17,687,544 output
2026-06-30 04:30:20     18,200,000 processed,  17,785,167 output
2026-06-30 04:33:29     18,300,000 processed,  17,883,096 output
2026-06-30 04:36:39     18,400,000 processed,  17,980,526 output
2026-06-30 04:39:47     18,500,000 processed,  18,075,985 output
2026-06-30 04:42:56     18,600,000 processed,  18,173,932 output
2026-06-30 04:46:05     18,700,000 processed,  18,272,290 output
2026-06-30 04:49:15     18,800,000 processed,  18,370,637 output
2026-06-30 04:52:24     18,900,000 processed,  18,468,875 output
2026-06-30 04:55:33     19,000,000 processed,  18,567,199 output
2026-06-30 04:58:41     19,100,000 processed,  18,665,547 output
2026-06-30 05:01:51     19,200,000 processed,  18,763,945 output
2026-06-30 05:05:00     19,300,000 processed,  18,862,296 output
2026-06-30 05:08:10     19,400,000 processed,  18,960,598 output
2026-06-30 05:11:19     19,500,000 processed,  19,058,816 output
2026-06-30 05:14:29     19,600,000 processed,  19,157,359 output
2026-06-30 05:17:38     19,700,000 processed,  19,255,942 output
2026-06-30 05:20:48     19,800,000 processed,  19,354,393 output
2026-06-30 05:23:57     19,900,000 processed,  19,452,689 output
2026-06-30 05:27:06     20,000,000 processed,  19,550,964 output
2026-06-30 05:30:16     20,100,000 processed,  19,649,179 output
2026-06-30 05:33:25     20,200,000 processed,  19,747,645 output
2026-06-30 05:37:01     20,300,000 processed,  19,846,221 output
2026-06-30 05:40:10     20,400,000 processed,  19,944,515 output
2026-06-30 05:43:20     20,500,000 processed,  20,042,629 output
2026-06-30 05:46:29     20,600,000 processed,  20,140,321 output
2026-06-30 05:49:39     20,700,000 processed,  20,238,077 output
2026-06-30 05:52:48     20,800,000 processed,  20,336,617 output
2026-06-30 05:55:58     20,900,000 processed,  20,435,090 output
2026-06-30 05:59:07     21,000,000 processed,  20,533,228 output
2026-06-30 06:02:16     21,100,000 processed,  20,631,087 output
2026-06-30 06:05:25     21,200,000 processed,  20,729,315 output
2026-06-30 06:08:35     21,300,000 processed,  20,827,439 output
2026-06-30 06:11:44     21,400,000 processed,  20,925,414 output
2026-06-30 06:14:54     21,500,000 processed,  21,023,685 output
2026-06-30 06:18:03     21,600,000 processed,  21,121,897 output
2026-06-30 06:21:12     21,700,000 processed,  21,220,048 output
2026-06-30 06:24:22     21,800,000 processed,  21,318,404 output
2026-06-30 06:27:31     21,900,000 processed,  21,416,772 output
2026-06-30 06:30:40     22,000,000 processed,  21,515,148 output
2026-06-30 06:33:49     22,100,000 processed,  21,612,987 output
2026-06-30 06:36:59     22,200,000 processed,  21,710,706 output
2026-06-30 06:40:08     22,300,000 processed,  21,809,193 output
2026-06-30 06:43:17     22,400,000 processed,  21,906,228 output
2026-06-30 06:46:27     22,500,000 processed,  22,003,862 output
2026-06-30 06:49:37     22,600,000 processed,  22,101,986 output
2026-06-30 06:52:46     22,700,000 processed,  22,200,535 output
2026-06-30 06:55:55     22,800,000 processed,  22,299,152 output
2026-06-30 06:59:05     22,900,000 processed,  22,397,305 output
2026-06-30 07:02:15     23,000,000 processed,  22,494,951 output
2026-06-30 07:05:24     23,100,000 processed,  22,592,597 output
2026-06-30 07:08:34     23,200,000 processed,  22,690,175 output
2026-06-30 07:11:44     23,300,000 processed,  22,787,875 output
2026-06-30 07:14:53     23,400,000 processed,  22,886,198 output
2026-06-30 07:18:02     23,500,000 processed,  22,984,537 output
2026-06-30 07:21:11     23,600,000 processed,  23,082,565 output
2026-06-30 07:24:21     23,700,000 processed,  23,180,889 output
2026-06-30 07:27:30     23,800,000 processed,  23,279,147 output
2026-06-30 07:30:39     23,900,000 processed,  23,377,483 output
2026-06-30 07:33:49     24,000,000 processed,  23,475,941 output
2026-06-30 07:36:58     24,100,000 processed,  23,574,404 output
2026-06-30 07:40:07     24,200,000 processed,  23,672,842 output
2026-06-30 07:43:17     24,300,000 processed,  23,770,643 output
2026-06-30 07:46:57     24,400,000 processed,  23,868,762 output
2026-06-30 07:50:06     24,500,000 processed,  23,967,369 output
2026-06-30 07:53:15     24,600,000 processed,  24,065,910 output
2026-06-30 07:56:25     24,700,000 processed,  24,164,210 output
2026-06-30 07:59:34     24,800,000 processed,  24,262,394 output
2026-06-30 08:02:43     24,900,000 processed,  24,360,902 output
2026-06-30 08:05:52     25,000,000 processed,  24,459,078 output
2026-06-30 08:09:01     25,100,000 processed,  24,557,352 output
2026-06-30 08:12:10     25,200,000 processed,  24,655,902 output
2026-06-30 08:15:19     25,300,000 processed,  24,754,311 output
2026-06-30 08:18:28     25,400,000 processed,  24,852,482 output
2026-06-30 08:21:37     25,500,000 processed,  24,950,346 output
2026-06-30 08:24:46     25,600,000 processed,  25,048,029 output
2026-06-30 08:27:55     25,700,000 processed,  25,146,044 output
2026-06-30 08:31:04     25,800,000 processed,  25,244,566 output
2026-06-30 08:34:12     25,900,000 processed,  25,342,875 output
2026-06-30 08:37:21     26,000,000 processed,  25,441,040 output
2026-06-30 08:40:30     26,100,000 processed,  25,539,338 output
2026-06-30 08:43:39     26,200,000 processed,  25,637,206 output
2026-06-30 08:46:48     26,300,000 processed,  25,734,792 output
2026-06-30 08:49:58     26,400,000 processed,  25,832,695 output
2026-06-30 08:53:07     26,500,000 processed,  25,930,352 output
2026-06-30 08:56:17     26,600,000 processed,  26,027,595 output
2026-06-30 08:59:26     26,700,000 processed,  26,125,093 output
2026-06-30 09:02:35     26,800,000 processed,  26,221,900 output
2026-06-30 09:05:44     26,900,000 processed,  26,319,468 output
2026-06-30 09:08:53     27,000,000 processed,  26,416,654 output
2026-06-30 09:12:03     27,100,000 processed,  26,513,682 output
2026-06-30 09:15:12     27,200,000 processed,  26,611,243 output
2026-06-30 09:18:20     27,300,000 processed,  26,709,682 output
2026-06-30 09:21:29     27,400,000 processed,  26,807,448 output
2026-06-30 09:24:39     27,500,000 processed,  26,904,156 output
2026-06-30 09:27:48     27,600,000 processed,  27,000,922 output
2026-06-30 09:30:57     27,700,000 processed,  27,098,112 output
2026-06-30 09:34:07     27,800,000 processed,  27,195,055 output
2026-06-30 09:37:16     27,900,000 processed,  27,292,720 output
2026-06-30 09:40:25     28,000,000 processed,  27,391,418 output
2026-06-30 09:43:34     28,100,000 processed,  27,488,883 output
2026-06-30 09:46:44     28,200,000 processed,  27,586,029 output
2026-06-30 09:49:53     28,300,000 processed,  27,684,002 output
2026-06-30 09:53:02     28,400,000 processed,  27,781,920 output
2026-06-30 09:56:11     28,500,000 processed,  27,879,654 output
2026-06-30 09:59:21     28,600,000 processed,  27,978,221 output
2026-06-30 10:02:29     28,700,000 processed,  28,075,895 output
2026-06-30 10:05:38     28,800,000 processed,  28,173,407 output
2026-06-30 10:08:48     28,900,000 processed,  28,269,265 output
2026-06-30 10:11:57     29,000,000 processed,  28,364,434 output
2026-06-30 10:15:06     29,100,000 processed,  28,461,949 output
2026-06-30 10:18:15     29,200,000 processed,  28,559,708 output
2026-06-30 10:21:24     29,300,000 processed,  28,656,777 output
2026-06-30 10:24:33     29,400,000 processed,  28,753,606 output
2026-06-30 10:28:20     29,500,000 processed,  28,850,666 output
2026-06-30 10:31:29     29,600,000 processed,  28,947,783 output
2026-06-30 10:34:38     29,700,000 processed,  29,046,134 output
2026-06-30 10:37:48     29,800,000 processed,  29,144,781 output
2026-06-30 10:40:56     29,900,000 processed,  29,242,735 output
2026-06-30 10:44:05     30,000,000 processed,  29,339,933 output
2026-06-30 10:47:15     30,100,000 processed,  29,437,130 output
2026-06-30 10:50:24     30,200,000 processed,  29,534,860 output
2026-06-30 10:53:33     30,300,000 processed,  29,632,846 output
2026-06-30 10:56:43     30,400,000 processed,  29,729,372 output
2026-06-30 10:59:52     30,500,000 processed,  29,826,432 output
2026-06-30 11:03:03     30,600,000 processed,  29,923,303 output
2026-06-30 11:06:14     30,700,000 processed,  30,020,501 output
2026-06-30 11:09:25     30,800,000 processed,  30,117,913 output
2026-06-30 11:12:35     30,900,000 processed,  30,214,956 output
2026-06-30 11:15:47     31,000,000 processed,  30,311,600 output
2026-06-30 11:18:59     31,100,000 processed,  30,408,769 output
2026-06-30 11:22:12     31,200,000 processed,  30,506,068 output
2026-06-30 11:25:24     31,300,000 processed,  30,603,636 output
2026-06-30 11:28:36     31,400,000 processed,  30,701,175 output
2026-06-30 11:31:48     31,500,000 processed,  30,798,320 output
2026-06-30 11:34:59     31,600,000 processed,  30,896,069 output
2026-06-30 11:38:09     31,700,000 processed,  30,993,425 output
2026-06-30 11:41:19     31,800,000 processed,  31,091,236 output
2026-06-30 11:44:30     31,900,000 processed,  31,188,453 output
2026-06-30 11:47:40     32,000,000 processed,  31,285,181 output
2026-06-30 11:50:50     32,100,000 processed,  31,382,621 output
2026-06-30 11:54:02     32,200,000 processed,  31,480,217 output
2026-06-30 11:57:14     32,300,000 processed,  31,577,311 output
2026-06-30 12:00:26     32,400,000 processed,  31,674,652 output
2026-06-30 12:03:37     32,500,000 processed,  31,771,951 output
2026-06-30 12:06:49     32,600,000 processed,  31,868,845 output
2026-06-30 12:10:02     32,700,000 processed,  31,965,696 output
2026-06-30 12:13:14     32,800,000 processed,  32,062,774 output
2026-06-30 12:16:26     32,900,000 processed,  32,161,127 output
2026-06-30 12:19:37     33,000,000 processed,  32,258,871 output
2026-06-30 12:22:47     33,100,000 processed,  32,356,163 output
2026-06-30 12:25:57     33,200,000 processed,  32,453,270 output
2026-06-30 12:29:07     33,300,000 processed,  32,550,570 output
2026-06-30 12:32:18     33,400,000 processed,  32,647,868 output
2026-06-30 12:35:28     33,500,000 processed,  32,745,283 output
2026-06-30 12:38:38     33,600,000 processed,  32,842,699 output
2026-06-30 12:41:49     33,700,000 processed,  32,939,931 output
2026-06-30 12:44:59     33,800,000 processed,  33,037,169 output
2026-06-30 12:48:09     33,900,000 processed,  33,134,285 output
2026-06-30 12:51:20     34,000,000 processed,  33,231,474 output
2026-06-30 12:54:30     34,100,000 processed,  33,328,353 output
2026-06-30 12:57:41     34,200,000 processed,  33,425,156 output
2026-06-30 13:00:51     34,300,000 processed,  33,522,073 output
2026-06-30 13:04:02     34,400,000 processed,  33,619,871 output
2026-06-30 13:07:12     34,500,000 processed,  33,717,571 output
2026-06-30 13:10:22     34,600,000 processed,  33,815,068 output
2026-06-30 13:13:33     34,700,000 processed,  33,912,662 output
2026-06-30 13:16:43     34,800,000 processed,  34,010,492 output
2026-06-30 13:19:53     34,900,000 processed,  34,107,992 output
2026-06-30 13:23:03     35,000,000 processed,  34,205,079 output
2026-06-30 13:26:14     35,100,000 processed,  34,302,521 output
2026-06-30 13:29:24     35,200,000 processed,  34,399,575 output
2026-06-30 13:32:35     35,300,000 processed,  34,496,836 output
2026-06-30 13:35:45     35,400,000 processed,  34,594,057 output
2026-06-30 13:39:41     35,500,000 processed,  34,691,139 output
2026-06-30 13:42:52     35,600,000 processed,  34,787,608 output
2026-06-30 13:46:02     35,700,000 processed,  34,884,996 output
