Building DAG of jobs...
Using shell: /usr/bin/bash
Provided remote nodes: 1
Provided resources: mem_mb=40000, mem_mib=38147, disk_mb=1623, disk_mib=1548
Select jobs to execute...
Execute 1 jobs...

[Mon Jun 29 18:50:26 2026]
rule bcwithqc_one_sample:
    input: /scratch/link/Amplicon_barcode_analysis/HepG2_dual_rep_PA_bcwithqc/bcwithqc_symlinks/U_L2_1/U_L2_1.fastq.gz
    output: /scratch/link/Amplicon_barcode_analysis/HepG2_dual_rep_PA_bcwithqc/.pipeline_state/bcwithqc_done/U_L2_1.done
    jobid: 0
    reason: Forced execution
    wildcards: sample=U_L2_1
    threads: 2
    resources: mem_mb=40000, mem_mib=38147, disk_mb=1623, disk_mib=1548, tmpdir=<TBD>, runtime=2400, slurm_account=lsteinme


        unset PYTHONPATH
        unset PYTHONHOME
        export PYTHONNOUSERSITE=1

        rm -rf "/scratch/link/Amplicon_barcode_analysis/HepG2_dual_rep_PA_bcwithqc/bcwithqc_output/U_L2_1"
        mkdir -p "/scratch/link/Amplicon_barcode_analysis/HepG2_dual_rep_PA_bcwithqc/bcwithqc_output/U_L2_1"

        "/home/link/.conda/envs/py313/bin/bcwithqc" preprocess \
          "/scratch/link/Amplicon_barcode_analysis/HepG2_dual_rep_PA_bcwithqc/bcwithqc_symlinks/U_L2_1" \
          --config="/g/steinmetz/link/Amplicon_barcode_analysis/library/bcwithqc_config_whole_genome_sublibs_1_to_4.json" \
          --output-dir="/scratch/link/Amplicon_barcode_analysis/HepG2_dual_rep_PA_bcwithqc/bcwithqc_output/U_L2_1" \
          --threads="2" \
          --output-format-bam \
          -vv

        "/home/link/.conda/envs/py313/bin/bcwithqc" count \
          "/scratch/link/Amplicon_barcode_analysis/HepG2_dual_rep_PA_bcwithqc/bcwithqc_output/U_L2_1" \
          --STAR-output-dir="/scratch/link/Amplicon_barcode_analysis/HepG2_dual_rep_PA_bcwithqc/bcwithqc_output/U_L2_1" \
          --config="/g/steinmetz/link/Amplicon_barcode_analysis/library/bcwithqc_config_whole_genome_sublibs_1_to_4.json" \
          --output-dir="/scratch/link/Amplicon_barcode_analysis/HepG2_dual_rep_PA_bcwithqc/bcwithqc_output/U_L2_1" \
          --threads="2" \
          -vv
          
        mkdir -p "$(dirname "/scratch/link/Amplicon_barcode_analysis/HepG2_dual_rep_PA_bcwithqc/.pipeline_state/bcwithqc_done/U_L2_1.done")"
        touch "/scratch/link/Amplicon_barcode_analysis/HepG2_dual_rep_PA_bcwithqc/.pipeline_state/bcwithqc_done/U_L2_1.done"
        
Building DAG of jobs...
Using shell: /usr/bin/bash
Provided cores: 2
Rules claiming more threads will be scaled down.
Provided resources: mem_mb=40000, mem_mib=38147, disk_mb=1623, disk_mib=1548
Select jobs to execute...
Execute 1 jobs...

[Mon Jun 29 18:50:29 2026]
localrule bcwithqc_one_sample:
    input: /scratch/link/Amplicon_barcode_analysis/HepG2_dual_rep_PA_bcwithqc/bcwithqc_symlinks/U_L2_1/U_L2_1.fastq.gz
    output: /scratch/link/Amplicon_barcode_analysis/HepG2_dual_rep_PA_bcwithqc/.pipeline_state/bcwithqc_done/U_L2_1.done
    jobid: 0
    reason: Forced execution
    wildcards: sample=U_L2_1
    threads: 2
    resources: mem_mb=40000, mem_mib=38147, disk_mb=1623, disk_mib=1548, tmpdir=/scratch/jobs/57771433, runtime=2400, slurm_account=lsteinme


        unset PYTHONPATH
        unset PYTHONHOME
        export PYTHONNOUSERSITE=1

        rm -rf "/scratch/link/Amplicon_barcode_analysis/HepG2_dual_rep_PA_bcwithqc/bcwithqc_output/U_L2_1"
        mkdir -p "/scratch/link/Amplicon_barcode_analysis/HepG2_dual_rep_PA_bcwithqc/bcwithqc_output/U_L2_1"

        "/home/link/.conda/envs/py313/bin/bcwithqc" preprocess \
          "/scratch/link/Amplicon_barcode_analysis/HepG2_dual_rep_PA_bcwithqc/bcwithqc_symlinks/U_L2_1" \
          --config="/g/steinmetz/link/Amplicon_barcode_analysis/library/bcwithqc_config_whole_genome_sublibs_1_to_4.json" \
          --output-dir="/scratch/link/Amplicon_barcode_analysis/HepG2_dual_rep_PA_bcwithqc/bcwithqc_output/U_L2_1" \
          --threads="2" \
          --output-format-bam \
          -vv

        "/home/link/.conda/envs/py313/bin/bcwithqc" count \
          "/scratch/link/Amplicon_barcode_analysis/HepG2_dual_rep_PA_bcwithqc/bcwithqc_output/U_L2_1" \
          --STAR-output-dir="/scratch/link/Amplicon_barcode_analysis/HepG2_dual_rep_PA_bcwithqc/bcwithqc_output/U_L2_1" \
          --config="/g/steinmetz/link/Amplicon_barcode_analysis/library/bcwithqc_config_whole_genome_sublibs_1_to_4.json" \
          --output-dir="/scratch/link/Amplicon_barcode_analysis/HepG2_dual_rep_PA_bcwithqc/bcwithqc_output/U_L2_1" \
          --threads="2" \
          -vv
          
        mkdir -p "$(dirname "/scratch/link/Amplicon_barcode_analysis/HepG2_dual_rep_PA_bcwithqc/.pipeline_state/bcwithqc_done/U_L2_1.done")"
        touch "/scratch/link/Amplicon_barcode_analysis/HepG2_dual_rep_PA_bcwithqc/.pipeline_state/bcwithqc_done/U_L2_1.done"
        
2026-06-29 18:50:30   Writing log to: /scratch/link/Amplicon_barcode_analysis/HepG2_dual_rep_PA_bcwithqc/bcwithqc_output/U_L2_1/bcwithqc_preprocess.log
2026-06-29 18:50:30   Files to process:
2026-06-29 18:50:30     /scratch/link/Amplicon_barcode_analysis/HepG2_dual_rep_PA_bcwithqc/bcwithqc_symlinks/U_L2_1/U_L2_1.fastq.gz
2026-06-29 18:50:30   Processing file:
2026-06-29 18:50:30     barcode fastq: /scratch/link/Amplicon_barcode_analysis/HepG2_dual_rep_PA_bcwithqc/bcwithqc_symlinks/U_L2_1/U_L2_1.fastq.gz
2026-06-29 18:50:30     sans-bc fastq: /scratch/link/Amplicon_barcode_analysis/HepG2_dual_rep_PA_bcwithqc/bcwithqc_output/U_L2_1/sans_bc_U_L2_1.fq
2026-06-29 18:50:30     tags file:     /scratch/link/Amplicon_barcode_analysis/HepG2_dual_rep_PA_bcwithqc/bcwithqc_output/U_L2_1/rec_names_and_tags1_U_L2_1.txt
2026-06-29 18:50:30   Building aligners and barcode decoders
2026-06-29 18:50:30   Processing first 10,000 for score threshold...
2026-06-29 18:50:51   Score threshold: 0.66
2026-06-29 18:50:51   Continuing...
2026-06-29 18:54:08     100,000 processed,  96,872 output
2026-06-29 18:57:25     200,000 processed,  193,912 output
2026-06-29 19:00:43     300,000 processed,  290,854 output
2026-06-29 19:04:00     400,000 processed,  387,736 output
2026-06-29 19:07:16     500,000 processed,  484,677 output
2026-06-29 19:10:33     600,000 processed,  581,700 output
2026-06-29 19:13:49     700,000 processed,  679,348 output
2026-06-29 19:17:04     800,000 processed,  777,080 output
2026-06-29 19:20:18     900,000 processed,  874,926 output
2026-06-29 19:23:35     1,000,000 processed,  972,434 output
2026-06-29 19:26:51     1,100,000 processed,  1,069,751 output
2026-06-29 19:30:08     1,200,000 processed,  1,167,129 output
2026-06-29 19:33:24     1,300,000 processed,  1,264,225 output
2026-06-29 19:36:43     1,400,000 processed,  1,361,353 output
2026-06-29 19:39:59     1,500,000 processed,  1,458,578 output
2026-06-29 19:43:15     1,600,000 processed,  1,555,741 output
2026-06-29 19:46:35     1,700,000 processed,  1,652,484 output
2026-06-29 19:49:52     1,800,000 processed,  1,749,481 output
2026-06-29 19:53:09     1,900,000 processed,  1,846,363 output
2026-06-29 19:56:24     2,000,000 processed,  1,944,309 output
2026-06-29 19:59:40     2,100,000 processed,  2,042,405 output
2026-06-29 20:02:54     2,200,000 processed,  2,140,528 output
2026-06-29 20:06:10     2,300,000 processed,  2,237,731 output
2026-06-29 20:09:26     2,400,000 processed,  2,334,640 output
2026-06-29 20:12:45     2,500,000 processed,  2,431,674 output
2026-06-29 20:16:00     2,600,000 processed,  2,529,084 output
2026-06-29 20:19:14     2,700,000 processed,  2,627,114 output
2026-06-29 20:22:28     2,800,000 processed,  2,725,170 output
2026-06-29 20:25:43     2,900,000 processed,  2,822,399 output
2026-06-29 20:29:01     3,000,000 processed,  2,918,886 output
2026-06-29 20:32:22     3,100,000 processed,  3,015,604 output
2026-06-29 20:35:39     3,200,000 processed,  3,110,760 output
2026-06-29 20:38:49     3,300,000 processed,  3,197,270 output
2026-06-29 20:42:00     3,400,000 processed,  3,285,647 output
2026-06-29 20:45:12     3,500,000 processed,  3,375,016 output
2026-06-29 20:48:25     3,600,000 processed,  3,472,870 output
2026-06-29 20:51:44     3,700,000 processed,  3,570,920 output
2026-06-29 20:54:57     3,800,000 processed,  3,669,036 output
2026-06-29 20:58:11     3,900,000 processed,  3,767,215 output
2026-06-29 21:01:25     4,000,000 processed,  3,865,371 output
2026-06-29 21:04:40     4,100,000 processed,  3,962,749 output
2026-06-29 21:07:57     4,200,000 processed,  4,059,417 output
2026-06-29 21:11:14     4,300,000 processed,  4,156,344 output
2026-06-29 21:14:28     4,400,000 processed,  4,254,265 output
2026-06-29 21:17:47     4,500,000 processed,  4,352,248 output
2026-06-29 21:21:01     4,600,000 processed,  4,443,532 output
2026-06-29 21:24:13     4,700,000 processed,  4,528,393 output
2026-06-29 21:27:26     4,800,000 processed,  4,614,345 output
2026-06-29 21:30:43     4,900,000 processed,  4,709,475 output
2026-06-29 21:33:59     5,000,000 processed,  4,806,229 output
2026-06-29 21:37:16     5,100,000 processed,  4,903,089 output
2026-06-29 21:40:30     5,200,000 processed,  5,000,947 output
2026-06-29 21:43:44     5,300,000 processed,  5,099,080 output
2026-06-29 21:47:05     5,400,000 processed,  5,197,117 output
2026-06-29 21:50:18     5,500,000 processed,  5,295,180 output
2026-06-29 21:53:31     5,600,000 processed,  5,393,251 output
2026-06-29 21:56:46     5,700,000 processed,  5,491,279 output
2026-06-29 21:59:59     5,800,000 processed,  5,589,128 output
2026-06-29 22:03:12     5,900,000 processed,  5,686,930 output
2026-06-29 22:06:26     6,000,000 processed,  5,784,689 output
2026-06-29 22:09:43     6,100,000 processed,  5,881,340 output
2026-06-29 22:12:59     6,200,000 processed,  5,978,002 output
2026-06-29 22:16:15     6,300,000 processed,  6,074,711 output
2026-06-29 22:19:29     6,400,000 processed,  6,172,289 output
2026-06-29 22:22:50     6,500,000 processed,  6,270,224 output
2026-06-29 22:26:04     6,600,000 processed,  6,368,178 output
2026-06-29 22:29:17     6,700,000 processed,  6,465,888 output
2026-06-29 22:32:31     6,800,000 processed,  6,563,781 output
2026-06-29 22:35:44     6,900,000 processed,  6,661,432 output
2026-06-29 22:38:58     7,000,000 processed,  6,758,905 output
2026-06-29 22:42:11     7,100,000 processed,  6,856,330 output
2026-06-29 22:45:25     7,200,000 processed,  6,953,743 output
2026-06-29 22:48:38     7,300,000 processed,  7,050,824 output
2026-06-29 22:51:51     7,400,000 processed,  7,147,767 output
2026-06-29 22:55:05     7,500,000 processed,  7,244,941 output
2026-06-29 22:58:21     7,600,000 processed,  7,341,974 output
2026-06-29 23:01:38     7,700,000 processed,  7,438,588 output
2026-06-29 23:04:52     7,800,000 processed,  7,535,800 output
2026-06-29 23:08:17     7,900,000 processed,  7,633,102 output
2026-06-29 23:11:32     8,000,000 processed,  7,730,306 output
2026-06-29 23:14:48     8,100,000 processed,  7,826,712 output
2026-06-29 23:18:05     8,200,000 processed,  7,923,417 output
2026-06-29 23:21:22     8,300,000 processed,  8,020,014 output
2026-06-29 23:24:36     8,400,000 processed,  8,116,682 output
2026-06-29 23:27:50     8,500,000 processed,  8,213,200 output
2026-06-29 23:31:04     8,600,000 processed,  8,309,989 output
2026-06-29 23:34:17     8,700,000 processed,  8,408,008 output
2026-06-29 23:37:30     8,800,000 processed,  8,506,100 output
2026-06-29 23:40:44     8,900,000 processed,  8,603,906 output
2026-06-29 23:44:00     9,000,000 processed,  8,700,675 output
2026-06-29 23:47:15     9,100,000 processed,  8,797,554 output
2026-06-29 23:50:31     9,200,000 processed,  8,894,256 output
2026-06-29 23:53:46     9,300,000 processed,  8,989,165 output
2026-06-29 23:57:01     9,400,000 processed,  9,083,928 output
2026-06-30 00:00:29     9,500,000 processed,  9,178,490 output
2026-06-30 00:03:43     9,600,000 processed,  9,273,649 output
2026-06-30 00:06:55     9,700,000 processed,  9,368,548 output
2026-06-30 00:10:08     9,800,000 processed,  9,463,572 output
2026-06-30 00:13:21     9,900,000 processed,  9,560,251 output
2026-06-30 00:16:35     10,000,000 processed,  9,658,589 output
2026-06-30 00:19:48     10,100,000 processed,  9,756,808 output
2026-06-30 00:23:02     10,200,000 processed,  9,854,822 output
2026-06-30 00:26:17     10,300,000 processed,  9,952,416 output
2026-06-30 00:29:32     10,400,000 processed,  10,049,977 output
2026-06-30 00:32:47     10,500,000 processed,  10,147,321 output
2026-06-30 00:36:01     10,600,000 processed,  10,245,032 output
2026-06-30 00:39:16     10,700,000 processed,  10,342,738 output
2026-06-30 00:42:30     10,800,000 processed,  10,440,350 output
2026-06-30 00:45:44     10,900,000 processed,  10,538,123 output
2026-06-30 00:48:58     11,000,000 processed,  10,636,269 output
2026-06-30 00:52:11     11,100,000 processed,  10,734,426 output
2026-06-30 00:55:25     11,200,000 processed,  10,832,614 output
2026-06-30 00:58:39     11,300,000 processed,  10,930,245 output
2026-06-30 01:01:54     11,400,000 processed,  11,027,563 output
2026-06-30 01:05:25     11,500,000 processed,  11,125,076 output
2026-06-30 01:08:39     11,600,000 processed,  11,222,901 output
2026-06-30 01:11:52     11,700,000 processed,  11,320,897 output
2026-06-30 01:15:06     11,800,000 processed,  11,418,542 output
2026-06-30 01:18:21     11,900,000 processed,  11,516,000 output
2026-06-30 01:21:35     12,000,000 processed,  11,613,412 output
2026-06-30 01:24:50     12,100,000 processed,  11,710,600 output
2026-06-30 01:28:05     12,200,000 processed,  11,808,102 output
2026-06-30 01:31:19     12,300,000 processed,  11,906,145 output
2026-06-30 01:34:32     12,400,000 processed,  12,004,089 output
2026-06-30 01:37:47     12,500,000 processed,  12,102,021 output
2026-06-30 01:41:00     12,600,000 processed,  12,199,791 output
2026-06-30 01:44:14     12,700,000 processed,  12,297,481 output
2026-06-30 01:47:27     12,800,000 processed,  12,395,133 output
2026-06-30 01:50:41     12,900,000 processed,  12,491,978 output
2026-06-30 01:53:55     13,000,000 processed,  12,586,828 output
2026-06-30 01:57:09     13,100,000 processed,  12,681,316 output
2026-06-30 02:00:23     13,200,000 processed,  12,776,323 output
2026-06-30 02:03:36     13,300,000 processed,  12,874,355 output
2026-06-30 02:06:50     13,400,000 processed,  12,972,327 output
2026-06-30 02:10:04     13,500,000 processed,  13,070,238 output
2026-06-30 02:13:17     13,600,000 processed,  13,168,180 output
2026-06-30 02:16:30     13,700,000 processed,  13,266,347 output
2026-06-30 02:20:02     13,800,000 processed,  13,364,491 output
2026-06-30 02:23:16     13,900,000 processed,  13,462,701 output
2026-06-30 02:26:29     14,000,000 processed,  13,560,805 output
2026-06-30 02:29:43     14,100,000 processed,  13,659,004 output
2026-06-30 02:32:57     14,200,000 processed,  13,757,242 output
2026-06-30 02:36:10     14,300,000 processed,  13,855,194 output
2026-06-30 02:39:24     14,400,000 processed,  13,953,049 output
2026-06-30 02:42:38     14,500,000 processed,  14,050,881 output
2026-06-30 02:45:52     14,600,000 processed,  14,148,607 output
2026-06-30 02:49:06     14,700,000 processed,  14,246,241 output
2026-06-30 02:52:20     14,800,000 processed,  14,344,004 output
2026-06-30 02:55:36     14,900,000 processed,  14,441,264 output
2026-06-30 02:58:53     15,000,000 processed,  14,538,099 output
2026-06-30 03:02:10     15,100,000 processed,  14,635,063 output
2026-06-30 03:05:26     15,200,000 processed,  14,732,508 output
2026-06-30 03:08:40     15,300,000 processed,  14,830,225 output
2026-06-30 03:11:54     15,400,000 processed,  14,928,015 output
2026-06-30 03:15:10     15,500,000 processed,  15,025,329 output
2026-06-30 03:18:25     15,600,000 processed,  15,122,635 output
2026-06-30 03:21:41     15,700,000 processed,  15,219,912 output
2026-06-30 03:24:56     15,800,000 processed,  15,317,307 output
2026-06-30 03:28:11     15,900,000 processed,  15,414,871 output
2026-06-30 03:31:27     16,000,000 processed,  15,512,342 output
2026-06-30 03:34:43     16,100,000 processed,  15,609,128 output
2026-06-30 03:38:00     16,200,000 processed,  15,706,009 output
2026-06-30 03:41:17     16,300,000 processed,  15,803,051 output
2026-06-30 03:44:32     16,400,000 processed,  15,900,460 output
2026-06-30 03:47:46     16,500,000 processed,  15,998,022 output
2026-06-30 03:51:01     16,600,000 processed,  16,095,668 output
2026-06-30 03:54:41     16,700,000 processed,  16,192,096 output
2026-06-30 03:57:59     16,800,000 processed,  16,288,509 output
2026-06-30 04:01:17     16,900,000 processed,  16,385,285 output
2026-06-30 04:04:34     17,000,000 processed,  16,480,829 output
2026-06-30 04:07:50     17,100,000 processed,  16,576,304 output
2026-06-30 04:11:08     17,200,000 processed,  16,671,849 output
2026-06-30 04:14:22     17,300,000 processed,  16,769,250 output
2026-06-30 04:17:36     17,400,000 processed,  16,867,551 output
2026-06-30 04:20:49     17,500,000 processed,  16,965,766 output
2026-06-30 04:24:04     17,600,000 processed,  17,063,211 output
2026-06-30 04:27:20     17,700,000 processed,  17,160,497 output
2026-06-30 04:30:35     17,800,000 processed,  17,257,646 output
2026-06-30 04:33:51     17,900,000 processed,  17,354,727 output
2026-06-30 04:37:06     18,000,000 processed,  17,452,045 output
2026-06-30 04:40:21     18,100,000 processed,  17,549,388 output
2026-06-30 04:43:36     18,200,000 processed,  17,646,812 output
2026-06-30 04:46:51     18,300,000 processed,  17,744,440 output
2026-06-30 04:50:05     18,400,000 processed,  17,841,967 output
2026-06-30 04:53:21     18,500,000 processed,  17,938,941 output
2026-06-30 04:56:38     18,600,000 processed,  18,035,840 output
2026-06-30 04:59:54     18,700,000 processed,  18,132,753 output
2026-06-30 05:03:10     18,800,000 processed,  18,229,789 output
2026-06-30 05:06:25     18,900,000 processed,  18,327,076 output
2026-06-30 05:09:41     19,000,000 processed,  18,424,254 output
2026-06-30 05:12:58     19,100,000 processed,  18,520,985 output
2026-06-30 05:16:15     19,200,000 processed,  18,617,712 output
2026-06-30 05:19:33     19,300,000 processed,  18,712,163 output
2026-06-30 05:22:46     19,400,000 processed,  18,798,407 output
2026-06-30 05:25:59     19,500,000 processed,  18,882,491 output
2026-06-30 05:29:14     19,600,000 processed,  18,974,917 output
2026-06-30 05:32:28     19,700,000 processed,  19,072,721 output
2026-06-30 05:35:43     19,800,000 processed,  19,170,382 output
2026-06-30 05:38:59     19,900,000 processed,  19,267,279 output
2026-06-30 05:42:16     20,000,000 processed,  19,364,203 output
2026-06-30 05:45:59     20,100,000 processed,  19,461,126 output
2026-06-30 05:49:14     20,200,000 processed,  19,557,685 output
2026-06-30 05:52:27     20,300,000 processed,  19,654,002 output
2026-06-30 05:55:40     20,400,000 processed,  19,750,802 output
2026-06-30 05:58:53     20,500,000 processed,  19,842,590 output
2026-06-30 06:02:07     20,600,000 processed,  19,940,784 output
2026-06-30 06:05:21     20,700,000 processed,  20,039,080 output
2026-06-30 06:08:34     20,800,000 processed,  20,137,387 output
2026-06-30 06:11:48     20,900,000 processed,  20,235,424 output
2026-06-30 06:15:01     21,000,000 processed,  20,333,413 output
2026-06-30 06:18:14     21,100,000 processed,  20,431,384 output
2026-06-30 06:21:29     21,200,000 processed,  20,528,918 output
2026-06-30 06:24:43     21,300,000 processed,  20,627,110 output
2026-06-30 06:27:57     21,400,000 processed,  20,725,328 output
2026-06-30 06:31:11     21,500,000 processed,  20,823,466 output
2026-06-30 06:34:25     21,600,000 processed,  20,920,750 output
2026-06-30 06:37:38     21,700,000 processed,  21,017,274 output
2026-06-30 06:40:52     21,800,000 processed,  21,114,106 output
2026-06-30 06:44:08     21,900,000 processed,  21,210,050 output
2026-06-30 06:47:21     22,000,000 processed,  21,308,200 output
2026-06-30 06:50:35     22,100,000 processed,  21,406,403 output
2026-06-30 06:53:48     22,200,000 processed,  21,504,456 output
2026-06-30 06:57:02     22,300,000 processed,  21,602,593 output
2026-06-30 07:00:16     22,400,000 processed,  21,700,480 output
2026-06-30 07:03:29     22,500,000 processed,  21,798,534 output
2026-06-30 07:06:44     22,600,000 processed,  21,896,313 output
2026-06-30 07:09:57     22,700,000 processed,  21,994,072 output
2026-06-30 07:13:11     22,800,000 processed,  22,091,850 output
2026-06-30 07:16:24     22,900,000 processed,  22,189,647 output
2026-06-30 07:19:40     23,000,000 processed,  22,286,885 output
2026-06-30 07:22:54     23,100,000 processed,  22,384,560 output
2026-06-30 07:26:07     23,200,000 processed,  22,482,445 output
2026-06-30 07:29:22     23,300,000 processed,  22,580,145 output
2026-06-30 07:32:31     23,400,000 processed,  22,654,570 output
2026-06-30 07:35:40     23,500,000 processed,  22,729,232 output
2026-06-30 07:38:50     23,600,000 processed,  22,797,566 output
2026-06-30 07:42:02     23,700,000 processed,  22,886,688 output
2026-06-30 07:45:14     23,800,000 processed,  22,976,778 output
2026-06-30 07:48:26     23,900,000 processed,  23,066,471 output
2026-06-30 07:51:41     24,000,000 processed,  23,159,275 output
2026-06-30 07:54:54     24,100,000 processed,  23,256,931 output
2026-06-30 07:58:08     24,200,000 processed,  23,354,919 output
2026-06-30 08:01:53     24,300,000 processed,  23,447,067 output
2026-06-30 08:05:02     24,400,000 processed,  23,527,456 output
2026-06-30 08:08:13     24,500,000 processed,  23,610,629 output
2026-06-30 08:11:26     24,600,000 processed,  23,703,764 output
2026-06-30 08:14:40     24,700,000 processed,  23,801,594 output
2026-06-30 08:17:54     24,800,000 processed,  23,899,434 output
2026-06-30 08:21:08     24,900,000 processed,  23,997,315 output
2026-06-30 08:24:22     25,000,000 processed,  24,095,012 output
2026-06-30 08:27:38     25,100,000 processed,  24,192,223 output
2026-06-30 08:30:52     25,200,000 processed,  24,289,859 output
2026-06-30 08:34:06     25,300,000 processed,  24,387,563 output
2026-06-30 08:37:20     25,400,000 processed,  24,485,489 output
2026-06-30 08:40:34     25,500,000 processed,  24,583,348 output
2026-06-30 08:43:48     25,600,000 processed,  24,681,225 output
2026-06-30 08:47:01     25,700,000 processed,  24,779,180 output
2026-06-30 08:50:15     25,800,000 processed,  24,877,157 output
2026-06-30 08:53:27     25,900,000 processed,  24,967,301 output
2026-06-30 08:56:34     26,000,000 processed,  25,036,240 output
2026-06-30 08:59:42     26,100,000 processed,  25,107,739 output
2026-06-30 09:02:54     26,200,000 processed,  25,201,954 output
2026-06-30 09:06:08     26,300,000 processed,  25,300,093 output
2026-06-30 09:09:21     26,400,000 processed,  25,398,093 output
2026-06-30 09:12:35     26,500,000 processed,  25,495,909 output
2026-06-30 09:15:48     26,600,000 processed,  25,593,778 output
2026-06-30 09:19:02     26,700,000 processed,  25,691,592 output
2026-06-30 09:22:16     26,800,000 processed,  25,789,527 output
2026-06-30 09:25:28     26,900,000 processed,  25,883,740 output
2026-06-30 09:28:41     27,000,000 processed,  25,977,869 output
2026-06-30 09:31:53     27,100,000 processed,  26,072,226 output
2026-06-30 09:35:07     27,200,000 processed,  26,168,732 output
2026-06-30 09:38:20     27,300,000 processed,  26,266,730 output
2026-06-30 09:41:34     27,400,000 processed,  26,364,651 output
2026-06-30 09:44:47     27,500,000 processed,  26,462,642 output
2026-06-30 09:48:01     27,600,000 processed,  26,560,662 output
2026-06-30 09:51:14     27,700,000 processed,  26,658,754 output
2026-06-30 09:54:27     27,800,000 processed,  26,756,831 output
2026-06-30 09:57:41     27,900,000 processed,  26,854,794 output
2026-06-30 10:00:54     28,000,000 processed,  26,952,587 output
2026-06-30 10:04:08     28,100,000 processed,  27,050,090 output
2026-06-30 10:07:21     28,200,000 processed,  27,147,710 output
2026-06-30 10:10:35     28,300,000 processed,  27,245,277 output
2026-06-30 10:13:49     28,400,000 processed,  27,342,896 output
2026-06-30 10:17:03     28,500,000 processed,  27,440,553 output
2026-06-30 10:20:17     28,600,000 processed,  27,538,434 output
2026-06-30 10:23:30     28,700,000 processed,  27,636,553 output
2026-06-30 10:26:43     28,800,000 processed,  27,734,573 output
2026-06-30 10:29:56     28,900,000 processed,  27,832,513 output
2026-06-30 10:33:10     29,000,000 processed,  27,930,748 output
2026-06-30 10:36:23     29,100,000 processed,  28,028,965 output
2026-06-30 10:39:37     29,200,000 processed,  28,127,129 output
2026-06-30 10:42:50     29,300,000 processed,  28,224,730 output
2026-06-30 10:46:42     29,400,000 processed,  28,322,786 output
2026-06-30 10:49:55     29,500,000 processed,  28,420,949 output
2026-06-30 10:53:09     29,600,000 processed,  28,518,494 output
2026-06-30 10:56:24     29,700,000 processed,  28,612,890 output
2026-06-30 10:59:39     29,800,000 processed,  28,706,936 output
2026-06-30 11:02:54     29,900,000 processed,  28,801,302 output
2026-06-30 11:06:08     30,000,000 processed,  28,896,183 output
2026-06-30 11:09:22     30,100,000 processed,  28,990,535 output
2026-06-30 11:12:37     30,200,000 processed,  29,084,144 output
2026-06-30 11:15:51     30,300,000 processed,  29,180,686 output
2026-06-30 11:19:04     30,400,000 processed,  29,278,145 output
2026-06-30 11:22:18     30,500,000 processed,  29,375,538 output
2026-06-30 11:25:33     30,600,000 processed,  29,472,963 output
2026-06-30 11:28:46     30,700,000 processed,  29,568,375 output
2026-06-30 11:31:58     30,800,000 processed,  29,663,474 output
2026-06-30 11:35:11     30,900,000 processed,  29,758,536 output
2026-06-30 11:38:25     31,000,000 processed,  29,854,693 output
2026-06-30 11:41:38     31,100,000 processed,  29,952,582 output
2026-06-30 11:44:52     31,200,000 processed,  30,050,361 output
2026-06-30 11:48:06     31,300,000 processed,  30,148,140 output
2026-06-30 11:51:18     31,400,000 processed,  30,239,114 output
2026-06-30 11:54:28     31,500,000 processed,  30,327,844 output
2026-06-30 11:57:39     31,600,000 processed,  30,417,569 output
2026-06-30 12:00:52     31,700,000 processed,  30,512,379 output
2026-06-30 12:04:06     31,800,000 processed,  30,610,575 output
2026-06-30 12:07:19     31,900,000 processed,  30,708,690 output
2026-06-30 12:10:33     32,000,000 processed,  30,806,819 output
2026-06-30 12:13:47     32,100,000 processed,  30,904,934 output
2026-06-30 12:17:00     32,200,000 processed,  31,003,074 output
2026-06-30 12:20:13     32,300,000 processed,  31,101,128 output
2026-06-30 12:23:27     32,400,000 processed,  31,198,698 output
2026-06-30 12:26:41     32,500,000 processed,  31,295,611 output
2026-06-30 12:29:55     32,600,000 processed,  31,392,093 output
2026-06-30 12:33:10     32,700,000 processed,  31,489,057 output
2026-06-30 12:36:22     32,800,000 processed,  31,577,529 output
2026-06-30 12:39:34     32,900,000 processed,  31,663,515 output
2026-06-30 12:42:46     33,000,000 processed,  31,749,687 output
2026-06-30 12:45:59     33,100,000 processed,  31,846,248 output
2026-06-30 12:49:12     33,200,000 processed,  31,944,110 output
2026-06-30 12:52:26     33,300,000 processed,  32,041,969 output
2026-06-30 12:55:38     33,400,000 processed,  32,135,134 output
2026-06-30 12:58:45     33,500,000 processed,  32,205,577 output
2026-06-30 13:01:51     33,600,000 processed,  32,277,649 output
2026-06-30 13:05:02     33,700,000 processed,  32,360,331 output
2026-06-30 13:08:15     33,800,000 processed,  32,458,164 output
2026-06-30 13:11:28     33,900,000 processed,  32,556,115 output
2026-06-30 13:14:42     34,000,000 processed,  32,653,962 output
2026-06-30 13:17:56     34,100,000 processed,  32,751,937 output
2026-06-30 13:21:09     34,200,000 processed,  32,849,967 output
2026-06-30 13:24:23     34,300,000 processed,  32,947,878 output
2026-06-30 13:27:37     34,400,000 processed,  33,045,704 output
2026-06-30 13:30:51     34,500,000 processed,  33,143,428 output
2026-06-30 13:34:04     34,600,000 processed,  33,241,110 output
2026-06-30 13:37:17     34,700,000 processed,  33,338,883 output
2026-06-30 13:40:31     34,800,000 processed,  33,436,698 output
2026-06-30 13:43:44     34,900,000 processed,  33,534,797 output
