Building DAG of jobs...
Using shell: /usr/bin/bash
Provided remote nodes: 1
Provided resources: mem_mb=40000, mem_mib=38147, disk_mb=1336, disk_mib=1275
Select jobs to execute...
Execute 1 jobs...

[Mon Jun 29 18:19:56 2026]
rule bcwithqc_one_sample:
    input: /scratch/link/Amplicon_barcode_analysis/HepG2_dual_rep_GALNAC_bcwithqc/bcwithqc_symlinks/I_L4_1/I_L4_1.fastq.gz
    output: /scratch/link/Amplicon_barcode_analysis/HepG2_dual_rep_GALNAC_bcwithqc/.pipeline_state/bcwithqc_done/I_L4_1.done
    jobid: 0
    reason: Forced execution
    wildcards: sample=I_L4_1
    threads: 2
    resources: mem_mb=40000, mem_mib=38147, disk_mb=1336, disk_mib=1275, tmpdir=<TBD>, runtime=2400, slurm_account=lsteinme


        unset PYTHONPATH
        unset PYTHONHOME
        export PYTHONNOUSERSITE=1

        rm -rf "/scratch/link/Amplicon_barcode_analysis/HepG2_dual_rep_GALNAC_bcwithqc/bcwithqc_output/I_L4_1"
        mkdir -p "/scratch/link/Amplicon_barcode_analysis/HepG2_dual_rep_GALNAC_bcwithqc/bcwithqc_output/I_L4_1"

        "/home/link/.conda/envs/py313/bin/bcwithqc" preprocess \
          "/scratch/link/Amplicon_barcode_analysis/HepG2_dual_rep_GALNAC_bcwithqc/bcwithqc_symlinks/I_L4_1" \
          --config="/g/steinmetz/link/Amplicon_barcode_analysis/library/bcwithqc_config_whole_genome_sublibs_1_to_4.json" \
          --output-dir="/scratch/link/Amplicon_barcode_analysis/HepG2_dual_rep_GALNAC_bcwithqc/bcwithqc_output/I_L4_1" \
          --threads="2" \
          --output-format-bam \
          -vv

        "/home/link/.conda/envs/py313/bin/bcwithqc" count \
          "/scratch/link/Amplicon_barcode_analysis/HepG2_dual_rep_GALNAC_bcwithqc/bcwithqc_output/I_L4_1" \
          --STAR-output-dir="/scratch/link/Amplicon_barcode_analysis/HepG2_dual_rep_GALNAC_bcwithqc/bcwithqc_output/I_L4_1" \
          --config="/g/steinmetz/link/Amplicon_barcode_analysis/library/bcwithqc_config_whole_genome_sublibs_1_to_4.json" \
          --output-dir="/scratch/link/Amplicon_barcode_analysis/HepG2_dual_rep_GALNAC_bcwithqc/bcwithqc_output/I_L4_1" \
          --threads="2" \
          -vv
          
        mkdir -p "$(dirname "/scratch/link/Amplicon_barcode_analysis/HepG2_dual_rep_GALNAC_bcwithqc/.pipeline_state/bcwithqc_done/I_L4_1.done")"
        touch "/scratch/link/Amplicon_barcode_analysis/HepG2_dual_rep_GALNAC_bcwithqc/.pipeline_state/bcwithqc_done/I_L4_1.done"
        
Building DAG of jobs...
Using shell: /usr/bin/bash
Provided cores: 2
Rules claiming more threads will be scaled down.
Provided resources: mem_mb=40000, mem_mib=38147, disk_mb=1336, disk_mib=1275
Select jobs to execute...
Execute 1 jobs...

[Mon Jun 29 18:19:57 2026]
localrule bcwithqc_one_sample:
    input: /scratch/link/Amplicon_barcode_analysis/HepG2_dual_rep_GALNAC_bcwithqc/bcwithqc_symlinks/I_L4_1/I_L4_1.fastq.gz
    output: /scratch/link/Amplicon_barcode_analysis/HepG2_dual_rep_GALNAC_bcwithqc/.pipeline_state/bcwithqc_done/I_L4_1.done
    jobid: 0
    reason: Forced execution
    wildcards: sample=I_L4_1
    threads: 2
    resources: mem_mb=40000, mem_mib=38147, disk_mb=1336, disk_mib=1275, tmpdir=/scratch/jobs/57769915, runtime=2400, slurm_account=lsteinme


        unset PYTHONPATH
        unset PYTHONHOME
        export PYTHONNOUSERSITE=1

        rm -rf "/scratch/link/Amplicon_barcode_analysis/HepG2_dual_rep_GALNAC_bcwithqc/bcwithqc_output/I_L4_1"
        mkdir -p "/scratch/link/Amplicon_barcode_analysis/HepG2_dual_rep_GALNAC_bcwithqc/bcwithqc_output/I_L4_1"

        "/home/link/.conda/envs/py313/bin/bcwithqc" preprocess \
          "/scratch/link/Amplicon_barcode_analysis/HepG2_dual_rep_GALNAC_bcwithqc/bcwithqc_symlinks/I_L4_1" \
          --config="/g/steinmetz/link/Amplicon_barcode_analysis/library/bcwithqc_config_whole_genome_sublibs_1_to_4.json" \
          --output-dir="/scratch/link/Amplicon_barcode_analysis/HepG2_dual_rep_GALNAC_bcwithqc/bcwithqc_output/I_L4_1" \
          --threads="2" \
          --output-format-bam \
          -vv

        "/home/link/.conda/envs/py313/bin/bcwithqc" count \
          "/scratch/link/Amplicon_barcode_analysis/HepG2_dual_rep_GALNAC_bcwithqc/bcwithqc_output/I_L4_1" \
          --STAR-output-dir="/scratch/link/Amplicon_barcode_analysis/HepG2_dual_rep_GALNAC_bcwithqc/bcwithqc_output/I_L4_1" \
          --config="/g/steinmetz/link/Amplicon_barcode_analysis/library/bcwithqc_config_whole_genome_sublibs_1_to_4.json" \
          --output-dir="/scratch/link/Amplicon_barcode_analysis/HepG2_dual_rep_GALNAC_bcwithqc/bcwithqc_output/I_L4_1" \
          --threads="2" \
          -vv
          
        mkdir -p "$(dirname "/scratch/link/Amplicon_barcode_analysis/HepG2_dual_rep_GALNAC_bcwithqc/.pipeline_state/bcwithqc_done/I_L4_1.done")"
        touch "/scratch/link/Amplicon_barcode_analysis/HepG2_dual_rep_GALNAC_bcwithqc/.pipeline_state/bcwithqc_done/I_L4_1.done"
        
2026-06-29 18:20:14   Writing log to: /scratch/link/Amplicon_barcode_analysis/HepG2_dual_rep_GALNAC_bcwithqc/bcwithqc_output/I_L4_1/bcwithqc_preprocess.log
2026-06-29 18:20:14   Files to process:
2026-06-29 18:20:14     /scratch/link/Amplicon_barcode_analysis/HepG2_dual_rep_GALNAC_bcwithqc/bcwithqc_symlinks/I_L4_1/I_L4_1.fastq.gz
2026-06-29 18:20:14   Processing file:
2026-06-29 18:20:14     barcode fastq: /scratch/link/Amplicon_barcode_analysis/HepG2_dual_rep_GALNAC_bcwithqc/bcwithqc_symlinks/I_L4_1/I_L4_1.fastq.gz
2026-06-29 18:20:14     sans-bc fastq: /scratch/link/Amplicon_barcode_analysis/HepG2_dual_rep_GALNAC_bcwithqc/bcwithqc_output/I_L4_1/sans_bc_I_L4_1.fq
2026-06-29 18:20:14     tags file:     /scratch/link/Amplicon_barcode_analysis/HepG2_dual_rep_GALNAC_bcwithqc/bcwithqc_output/I_L4_1/rec_names_and_tags1_I_L4_1.txt
2026-06-29 18:20:14   Building aligners and barcode decoders
2026-06-29 18:20:17   Processing first 10,000 for score threshold...
2026-06-29 18:20:39   Score threshold: 0.69
2026-06-29 18:20:39   Continuing...
2026-06-29 18:24:14     100,000 processed,  93,947 output
2026-06-29 18:27:47     200,000 processed,  188,057 output
2026-06-29 18:31:20     300,000 processed,  280,916 output
2026-06-29 18:34:54     400,000 processed,  374,387 output
[2026-06-29T18:36:32.270] error: *** STEP 57769915.0 ON smeb01-3 CANCELLED AT 2026-06-29T18:36:32 DUE to SIGNAL Terminated ***
[2026-06-29T18:36:32.270] error: *** JOB 57769915 ON smeb01-3 CANCELLED AT 2026-06-29T18:36:32 DUE to SIGNAL Terminated ***
Will exit after finishing currently running jobs (scheduler).
