Building DAG of jobs...
Using shell: /usr/bin/bash
Provided remote nodes: 1
Provided resources: mem_mb=40000, mem_mib=38147, disk_mb=1241, disk_mib=1184
Select jobs to execute...
Execute 1 jobs...

[Mon Jun 29 18:50:26 2026]
rule bcwithqc_one_sample:
    input: /scratch/link/Amplicon_barcode_analysis/HepG2_dual_rep_PA_bcwithqc/bcwithqc_symlinks/L_L4_2/L_L4_2.fastq.gz
    output: /scratch/link/Amplicon_barcode_analysis/HepG2_dual_rep_PA_bcwithqc/.pipeline_state/bcwithqc_done/L_L4_2.done
    jobid: 0
    reason: Forced execution
    wildcards: sample=L_L4_2
    threads: 2
    resources: mem_mb=40000, mem_mib=38147, disk_mb=1241, disk_mib=1184, tmpdir=<TBD>, runtime=2400, slurm_account=lsteinme


        unset PYTHONPATH
        unset PYTHONHOME
        export PYTHONNOUSERSITE=1

        rm -rf "/scratch/link/Amplicon_barcode_analysis/HepG2_dual_rep_PA_bcwithqc/bcwithqc_output/L_L4_2"
        mkdir -p "/scratch/link/Amplicon_barcode_analysis/HepG2_dual_rep_PA_bcwithqc/bcwithqc_output/L_L4_2"

        "/home/link/.conda/envs/py313/bin/bcwithqc" preprocess \
          "/scratch/link/Amplicon_barcode_analysis/HepG2_dual_rep_PA_bcwithqc/bcwithqc_symlinks/L_L4_2" \
          --config="/g/steinmetz/link/Amplicon_barcode_analysis/library/bcwithqc_config_whole_genome_sublibs_1_to_4.json" \
          --output-dir="/scratch/link/Amplicon_barcode_analysis/HepG2_dual_rep_PA_bcwithqc/bcwithqc_output/L_L4_2" \
          --threads="2" \
          --output-format-bam \
          -vv

        "/home/link/.conda/envs/py313/bin/bcwithqc" count \
          "/scratch/link/Amplicon_barcode_analysis/HepG2_dual_rep_PA_bcwithqc/bcwithqc_output/L_L4_2" \
          --STAR-output-dir="/scratch/link/Amplicon_barcode_analysis/HepG2_dual_rep_PA_bcwithqc/bcwithqc_output/L_L4_2" \
          --config="/g/steinmetz/link/Amplicon_barcode_analysis/library/bcwithqc_config_whole_genome_sublibs_1_to_4.json" \
          --output-dir="/scratch/link/Amplicon_barcode_analysis/HepG2_dual_rep_PA_bcwithqc/bcwithqc_output/L_L4_2" \
          --threads="2" \
          -vv
          
        mkdir -p "$(dirname "/scratch/link/Amplicon_barcode_analysis/HepG2_dual_rep_PA_bcwithqc/.pipeline_state/bcwithqc_done/L_L4_2.done")"
        touch "/scratch/link/Amplicon_barcode_analysis/HepG2_dual_rep_PA_bcwithqc/.pipeline_state/bcwithqc_done/L_L4_2.done"
        
Building DAG of jobs...
Using shell: /usr/bin/bash
Provided cores: 2
Rules claiming more threads will be scaled down.
Provided resources: mem_mb=40000, mem_mib=38147, disk_mb=1241, disk_mib=1184
Select jobs to execute...
Execute 1 jobs...

[Mon Jun 29 18:50:29 2026]
localrule bcwithqc_one_sample:
    input: /scratch/link/Amplicon_barcode_analysis/HepG2_dual_rep_PA_bcwithqc/bcwithqc_symlinks/L_L4_2/L_L4_2.fastq.gz
    output: /scratch/link/Amplicon_barcode_analysis/HepG2_dual_rep_PA_bcwithqc/.pipeline_state/bcwithqc_done/L_L4_2.done
    jobid: 0
    reason: Forced execution
    wildcards: sample=L_L4_2
    threads: 2
    resources: mem_mb=40000, mem_mib=38147, disk_mb=1241, disk_mib=1184, tmpdir=/scratch/jobs/57771426, runtime=2400, slurm_account=lsteinme


        unset PYTHONPATH
        unset PYTHONHOME
        export PYTHONNOUSERSITE=1

        rm -rf "/scratch/link/Amplicon_barcode_analysis/HepG2_dual_rep_PA_bcwithqc/bcwithqc_output/L_L4_2"
        mkdir -p "/scratch/link/Amplicon_barcode_analysis/HepG2_dual_rep_PA_bcwithqc/bcwithqc_output/L_L4_2"

        "/home/link/.conda/envs/py313/bin/bcwithqc" preprocess \
          "/scratch/link/Amplicon_barcode_analysis/HepG2_dual_rep_PA_bcwithqc/bcwithqc_symlinks/L_L4_2" \
          --config="/g/steinmetz/link/Amplicon_barcode_analysis/library/bcwithqc_config_whole_genome_sublibs_1_to_4.json" \
          --output-dir="/scratch/link/Amplicon_barcode_analysis/HepG2_dual_rep_PA_bcwithqc/bcwithqc_output/L_L4_2" \
          --threads="2" \
          --output-format-bam \
          -vv

        "/home/link/.conda/envs/py313/bin/bcwithqc" count \
          "/scratch/link/Amplicon_barcode_analysis/HepG2_dual_rep_PA_bcwithqc/bcwithqc_output/L_L4_2" \
          --STAR-output-dir="/scratch/link/Amplicon_barcode_analysis/HepG2_dual_rep_PA_bcwithqc/bcwithqc_output/L_L4_2" \
          --config="/g/steinmetz/link/Amplicon_barcode_analysis/library/bcwithqc_config_whole_genome_sublibs_1_to_4.json" \
          --output-dir="/scratch/link/Amplicon_barcode_analysis/HepG2_dual_rep_PA_bcwithqc/bcwithqc_output/L_L4_2" \
          --threads="2" \
          -vv
          
        mkdir -p "$(dirname "/scratch/link/Amplicon_barcode_analysis/HepG2_dual_rep_PA_bcwithqc/.pipeline_state/bcwithqc_done/L_L4_2.done")"
        touch "/scratch/link/Amplicon_barcode_analysis/HepG2_dual_rep_PA_bcwithqc/.pipeline_state/bcwithqc_done/L_L4_2.done"
        
2026-06-29 18:50:30   Writing log to: /scratch/link/Amplicon_barcode_analysis/HepG2_dual_rep_PA_bcwithqc/bcwithqc_output/L_L4_2/bcwithqc_preprocess.log
2026-06-29 18:50:30   Files to process:
2026-06-29 18:50:30     /scratch/link/Amplicon_barcode_analysis/HepG2_dual_rep_PA_bcwithqc/bcwithqc_symlinks/L_L4_2/L_L4_2.fastq.gz
2026-06-29 18:50:30   Processing file:
2026-06-29 18:50:30     barcode fastq: /scratch/link/Amplicon_barcode_analysis/HepG2_dual_rep_PA_bcwithqc/bcwithqc_symlinks/L_L4_2/L_L4_2.fastq.gz
2026-06-29 18:50:30     sans-bc fastq: /scratch/link/Amplicon_barcode_analysis/HepG2_dual_rep_PA_bcwithqc/bcwithqc_output/L_L4_2/sans_bc_L_L4_2.fq
2026-06-29 18:50:30     tags file:     /scratch/link/Amplicon_barcode_analysis/HepG2_dual_rep_PA_bcwithqc/bcwithqc_output/L_L4_2/rec_names_and_tags1_L_L4_2.txt
2026-06-29 18:50:30   Building aligners and barcode decoders
2026-06-29 18:50:30   Processing first 10,000 for score threshold...
2026-06-29 18:50:47   Score threshold: 0.65
2026-06-29 18:50:48   Continuing...
2026-06-29 18:53:35     100,000 processed,  96,702 output
2026-06-29 18:56:22     200,000 processed,  193,489 output
2026-06-29 18:59:09     300,000 processed,  291,029 output
2026-06-29 19:01:57     400,000 processed,  388,845 output
2026-06-29 19:04:44     500,000 processed,  486,096 output
2026-06-29 19:07:33     600,000 processed,  583,558 output
2026-06-29 19:10:22     700,000 processed,  680,809 output
2026-06-29 19:13:11     800,000 processed,  778,816 output
2026-06-29 19:15:59     900,000 processed,  876,996 output
2026-06-29 19:18:49     1,000,000 processed,  974,892 output
2026-06-29 19:21:37     1,100,000 processed,  1,071,840 output
2026-06-29 19:24:27     1,200,000 processed,  1,169,713 output
2026-06-29 19:27:16     1,300,000 processed,  1,268,056 output
2026-06-29 19:30:04     1,400,000 processed,  1,364,836 output
2026-06-29 19:32:54     1,500,000 processed,  1,462,873 output
2026-06-29 19:35:43     1,600,000 processed,  1,560,863 output
2026-06-29 19:38:31     1,700,000 processed,  1,658,685 output
2026-06-29 19:41:22     1,800,000 processed,  1,756,047 output
2026-06-29 19:44:11     1,900,000 processed,  1,853,157 output
2026-06-29 19:46:58     2,000,000 processed,  1,940,507 output
2026-06-29 19:49:47     2,100,000 processed,  2,038,995 output
2026-06-29 19:52:39     2,200,000 processed,  2,135,093 output
2026-06-29 19:55:28     2,300,000 processed,  2,232,404 output
2026-06-29 19:58:17     2,400,000 processed,  2,330,630 output
2026-06-29 20:01:05     2,500,000 processed,  2,427,443 output
2026-06-29 20:03:56     2,600,000 processed,  2,523,855 output
2026-06-29 20:06:44     2,700,000 processed,  2,620,260 output
2026-06-29 20:09:33     2,800,000 processed,  2,717,237 output
2026-06-29 20:12:21     2,900,000 processed,  2,814,507 output
2026-06-29 20:15:10     3,000,000 processed,  2,912,644 output
2026-06-29 20:17:58     3,100,000 processed,  3,010,550 output
2026-06-29 20:20:50     3,200,000 processed,  3,106,537 output
2026-06-29 20:23:37     3,300,000 processed,  3,202,832 output
2026-06-29 20:26:23     3,400,000 processed,  3,299,096 output
2026-06-29 20:29:10     3,500,000 processed,  3,395,252 output
2026-06-29 20:31:57     3,600,000 processed,  3,491,974 output
2026-06-29 20:34:43     3,700,000 processed,  3,589,265 output
2026-06-29 20:37:35     3,800,000 processed,  3,686,471 output
2026-06-29 20:40:22     3,900,000 processed,  3,783,793 output
2026-06-29 20:43:08     4,000,000 processed,  3,881,133 output
2026-06-29 20:45:55     4,100,000 processed,  3,976,661 output
2026-06-29 20:48:41     4,200,000 processed,  4,072,636 output
2026-06-29 20:51:28     4,300,000 processed,  4,169,054 output
2026-06-29 20:54:15     4,400,000 processed,  4,265,598 output
2026-06-29 20:57:02     4,500,000 processed,  4,361,852 output
2026-06-29 20:59:54     4,600,000 processed,  4,459,953 output
2026-06-29 21:02:41     4,700,000 processed,  4,558,051 output
2026-06-29 21:05:28     4,800,000 processed,  4,655,721 output
2026-06-29 21:08:15     4,900,000 processed,  4,752,827 output
2026-06-29 21:11:01     5,000,000 processed,  4,850,279 output
2026-06-29 21:13:48     5,100,000 processed,  4,946,210 output
2026-06-29 21:16:34     5,200,000 processed,  5,043,248 output
2026-06-29 21:19:24     5,300,000 processed,  5,140,238 output
2026-06-29 21:22:13     5,400,000 processed,  5,238,495 output
2026-06-29 21:25:03     5,500,000 processed,  5,335,213 output
2026-06-29 21:28:05     5,600,000 processed,  5,432,139 output
2026-06-29 21:30:56     5,700,000 processed,  5,528,765 output
2026-06-29 21:33:47     5,800,000 processed,  5,626,677 output
2026-06-29 21:36:38     5,900,000 processed,  5,723,577 output
2026-06-29 21:39:28     6,000,000 processed,  5,819,837 output
2026-06-29 21:42:19     6,100,000 processed,  5,916,772 output
2026-06-29 21:45:09     6,200,000 processed,  6,014,849 output
2026-06-29 21:48:00     6,300,000 processed,  6,113,044 output
2026-06-29 21:50:50     6,400,000 processed,  6,210,217 output
2026-06-29 21:53:41     6,500,000 processed,  6,306,159 output
2026-06-29 21:56:32     6,600,000 processed,  6,404,217 output
2026-06-29 21:59:36     6,700,000 processed,  6,501,682 output
2026-06-29 22:02:27     6,800,000 processed,  6,598,956 output
2026-06-29 22:05:19     6,900,000 processed,  6,696,372 output
2026-06-29 22:08:09     7,000,000 processed,  6,793,587 output
2026-06-29 22:10:59     7,100,000 processed,  6,890,240 output
2026-06-29 22:13:48     7,200,000 processed,  6,987,004 output
2026-06-29 22:16:39     7,300,000 processed,  7,084,924 output
2026-06-29 22:19:30     7,400,000 processed,  7,182,307 output
2026-06-29 22:22:21     7,500,000 processed,  7,279,321 output
2026-06-29 22:25:12     7,600,000 processed,  7,376,360 output
2026-06-29 22:28:03     7,700,000 processed,  7,474,106 output
2026-06-29 22:30:53     7,800,000 processed,  7,572,104 output
2026-06-29 22:33:43     7,900,000 processed,  7,669,650 output
2026-06-29 22:36:30     8,000,000 processed,  7,767,856 output
2026-06-29 22:39:28     8,100,000 processed,  7,864,749 output
2026-06-29 22:42:15     8,200,000 processed,  7,961,328 output
2026-06-29 22:45:02     8,300,000 processed,  8,058,445 output
2026-06-29 22:47:48     8,400,000 processed,  8,155,637 output
2026-06-29 22:50:34     8,500,000 processed,  8,252,784 output
2026-06-29 22:53:21     8,600,000 processed,  8,351,247 output
2026-06-29 22:56:09     8,700,000 processed,  8,448,119 output
2026-06-29 22:58:56     8,800,000 processed,  8,544,550 output
2026-06-29 23:01:42     8,900,000 processed,  8,641,646 output
2026-06-29 23:04:29     9,000,000 processed,  8,739,868 output
2026-06-29 23:07:16     9,100,000 processed,  8,836,655 output
2026-06-29 23:10:04     9,200,000 processed,  8,934,104 output
2026-06-29 23:12:50     9,300,000 processed,  9,031,396 output
2026-06-29 23:15:37     9,400,000 processed,  9,128,531 output
2026-06-29 23:18:23     9,500,000 processed,  9,224,120 output
2026-06-29 23:21:10     9,600,000 processed,  9,322,349 output
2026-06-29 23:23:57     9,700,000 processed,  9,420,550 output
2026-06-29 23:26:56     9,800,000 processed,  9,518,899 output
2026-06-29 23:29:43     9,900,000 processed,  9,617,115 output
2026-06-29 23:32:29     10,000,000 processed,  9,715,462 output
2026-06-29 23:35:16     10,100,000 processed,  9,814,068 output
2026-06-29 23:38:03     10,200,000 processed,  9,912,680 output
2026-06-29 23:40:50     10,300,000 processed,  10,010,808 output
2026-06-29 23:43:36     10,400,000 processed,  10,108,276 output
2026-06-29 23:46:23     10,500,000 processed,  10,206,065 output
2026-06-29 23:49:09     10,600,000 processed,  10,304,653 output
2026-06-29 23:51:56     10,700,000 processed,  10,403,212 output
2026-06-29 23:54:43     10,800,000 processed,  10,500,139 output
2026-06-29 23:57:29     10,900,000 processed,  10,598,459 output
2026-06-30 00:00:15     11,000,000 processed,  10,696,914 output
2026-06-30 00:03:02     11,100,000 processed,  10,794,675 output
2026-06-30 00:05:49     11,200,000 processed,  10,892,320 output
2026-06-30 00:08:35     11,300,000 processed,  10,990,288 output
2026-06-30 00:11:22     11,400,000 processed,  11,088,598 output
2026-06-30 00:14:09     11,500,000 processed,  11,185,789 output
2026-06-30 00:16:55     11,600,000 processed,  11,282,528 output
2026-06-30 00:19:42     11,700,000 processed,  11,380,617 output
2026-06-30 00:22:44     11,800,000 processed,  11,478,343 output
2026-06-30 00:25:30     11,900,000 processed,  11,576,643 output
2026-06-30 00:28:17     12,000,000 processed,  11,674,324 output
2026-06-30 00:31:04     12,100,000 processed,  11,769,910 output
2026-06-30 00:33:50     12,200,000 processed,  11,866,904 output
2026-06-30 00:36:37     12,300,000 processed,  11,964,344 output
2026-06-30 00:39:24     12,400,000 processed,  12,061,995 output
2026-06-30 00:42:10     12,500,000 processed,  12,158,778 output
2026-06-30 00:44:56     12,600,000 processed,  12,254,394 output
2026-06-30 00:47:42     12,700,000 processed,  12,352,776 output
2026-06-30 00:50:29     12,800,000 processed,  12,450,117 output
2026-06-30 00:53:15     12,900,000 processed,  12,547,839 output
2026-06-30 00:56:01     13,000,000 processed,  12,644,896 output
2026-06-30 00:58:48     13,100,000 processed,  12,741,772 output
2026-06-30 01:01:35     13,200,000 processed,  12,840,269 output
2026-06-30 01:04:21     13,300,000 processed,  12,938,328 output
2026-06-30 01:07:08     13,400,000 processed,  13,035,391 output
2026-06-30 01:09:54     13,500,000 processed,  13,132,904 output
2026-06-30 01:12:40     13,600,000 processed,  13,231,011 output
2026-06-30 01:15:26     13,700,000 processed,  13,329,543 output
2026-06-30 01:18:13     13,800,000 processed,  13,426,908 output
2026-06-30 01:20:59     13,900,000 processed,  13,523,736 output
2026-06-30 01:23:45     14,000,000 processed,  13,621,089 output
2026-06-30 01:26:31     14,100,000 processed,  13,718,045 output
2026-06-30 01:29:35     14,200,000 processed,  13,809,305 output
2026-06-30 01:32:21     14,300,000 processed,  13,906,721 output
2026-06-30 01:35:07     14,400,000 processed,  14,005,058 output
2026-06-30 01:37:54     14,500,000 processed,  14,103,169 output
2026-06-30 01:40:40     14,600,000 processed,  14,201,580 output
2026-06-30 01:43:27     14,700,000 processed,  14,300,023 output
2026-06-30 01:46:13     14,800,000 processed,  14,398,306 output
2026-06-30 01:49:00     14,900,000 processed,  14,496,798 output
2026-06-30 01:51:46     15,000,000 processed,  14,595,127 output
2026-06-30 01:54:33     15,100,000 processed,  14,693,598 output
2026-06-30 01:57:20     15,200,000 processed,  14,792,104 output
2026-06-30 02:00:06     15,300,000 processed,  14,890,298 output
2026-06-30 02:02:53     15,400,000 processed,  14,988,869 output
2026-06-30 02:05:39     15,500,000 processed,  15,087,322 output
2026-06-30 02:08:26     15,600,000 processed,  15,185,846 output
2026-06-30 02:11:12     15,700,000 processed,  15,283,957 output
2026-06-30 02:13:58     15,800,000 processed,  15,378,342 output
2026-06-30 02:16:43     15,900,000 processed,  15,471,836 output
2026-06-30 02:19:29     16,000,000 processed,  15,570,323 output
2026-06-30 02:22:15     16,100,000 processed,  15,668,632 output
2026-06-30 02:25:02     16,200,000 processed,  15,766,070 output
2026-06-30 02:27:48     16,300,000 processed,  15,864,130 output
2026-06-30 02:30:34     16,400,000 processed,  15,961,819 output
2026-06-30 02:33:21     16,500,000 processed,  16,059,814 output
2026-06-30 02:36:08     16,600,000 processed,  16,158,098 output
2026-06-30 02:38:54     16,700,000 processed,  16,256,285 output
2026-06-30 02:41:40     16,800,000 processed,  16,354,705 output
2026-06-30 02:44:27     16,900,000 processed,  16,452,894 output
2026-06-30 02:47:13     17,000,000 processed,  16,549,996 output
2026-06-30 02:50:00     17,100,000 processed,  16,648,262 output
2026-06-30 02:53:09     17,200,000 processed,  16,745,693 output
2026-06-30 02:55:55     17,300,000 processed,  16,843,159 output
2026-06-30 02:58:42     17,400,000 processed,  16,941,287 output
2026-06-30 03:01:28     17,500,000 processed,  17,039,668 output
2026-06-30 03:04:15     17,600,000 processed,  17,137,576 output
2026-06-30 03:07:02     17,700,000 processed,  17,234,599 output
2026-06-30 03:09:48     17,800,000 processed,  17,331,642 output
2026-06-30 03:12:34     17,900,000 processed,  17,429,132 output
2026-06-30 03:15:21     18,000,000 processed,  17,527,532 output
2026-06-30 03:18:07     18,100,000 processed,  17,625,411 output
2026-06-30 03:20:54     18,200,000 processed,  17,723,650 output
2026-06-30 03:23:40     18,300,000 processed,  17,822,143 output
2026-06-30 03:26:26     18,400,000 processed,  17,920,428 output
2026-06-30 03:29:13     18,500,000 processed,  18,018,870 output
2026-06-30 03:31:59     18,600,000 processed,  18,117,134 output
2026-06-30 03:34:46     18,700,000 processed,  18,214,285 output
2026-06-30 03:37:32     18,800,000 processed,  18,312,716 output
2026-06-30 03:40:18     18,900,000 processed,  18,411,128 output
2026-06-30 03:43:05     19,000,000 processed,  18,509,037 output
2026-06-30 03:45:51     19,100,000 processed,  18,607,320 output
2026-06-30 03:48:38     19,200,000 processed,  18,705,376 output
2026-06-30 03:51:24     19,300,000 processed,  18,803,539 output
2026-06-30 03:54:11     19,400,000 processed,  18,901,945 output
2026-06-30 03:56:57     19,500,000 processed,  19,000,060 output
2026-06-30 03:59:44     19,600,000 processed,  19,097,368 output
2026-06-30 04:02:30     19,700,000 processed,  19,194,586 output
2026-06-30 04:05:17     19,800,000 processed,  19,292,951 output
2026-06-30 04:08:03     19,900,000 processed,  19,391,189 output
2026-06-30 04:10:49     20,000,000 processed,  19,488,358 output
2026-06-30 04:13:36     20,100,000 processed,  19,586,418 output
2026-06-30 04:16:22     20,200,000 processed,  19,683,753 output
2026-06-30 04:19:09     20,300,000 processed,  19,781,241 output
2026-06-30 04:21:56     20,400,000 processed,  19,877,856 output
2026-06-30 04:24:42     20,500,000 processed,  19,974,662 output
2026-06-30 04:27:29     20,600,000 processed,  20,071,122 output
2026-06-30 04:30:42     20,700,000 processed,  20,168,012 output
2026-06-30 04:33:29     20,800,000 processed,  20,264,293 output
2026-06-30 04:36:15     20,900,000 processed,  20,361,403 output
2026-06-30 04:39:02     21,000,000 processed,  20,459,666 output
2026-06-30 04:41:48     21,100,000 processed,  20,555,930 output
2026-06-30 04:44:35     21,200,000 processed,  20,652,183 output
2026-06-30 04:47:22     21,300,000 processed,  20,748,597 output
2026-06-30 04:50:08     21,400,000 processed,  20,845,135 output
2026-06-30 04:52:54     21,500,000 processed,  20,943,223 output
2026-06-30 04:55:41     21,600,000 processed,  21,040,107 output
2026-06-30 04:58:27     21,700,000 processed,  21,136,471 output
2026-06-30 05:01:14     21,800,000 processed,  21,234,824 output
2026-06-30 05:04:00     21,900,000 processed,  21,332,233 output
2026-06-30 05:06:47     22,000,000 processed,  21,430,358 output
2026-06-30 05:09:34     22,100,000 processed,  21,527,290 output
2026-06-30 05:12:20     22,200,000 processed,  21,623,191 output
2026-06-30 05:15:06     22,300,000 processed,  21,718,654 output
2026-06-30 05:17:53     22,400,000 processed,  21,816,216 output
2026-06-30 05:20:39     22,500,000 processed,  21,912,557 output
2026-06-30 05:23:26     22,600,000 processed,  22,008,818 output
2026-06-30 05:26:12     22,700,000 processed,  22,105,203 output
2026-06-30 05:28:59     22,800,000 processed,  22,203,085 output
2026-06-30 05:31:46     22,900,000 processed,  22,301,180 output
2026-06-30 05:34:32     23,000,000 processed,  22,398,280 output
2026-06-30 05:37:19     23,100,000 processed,  22,494,647 output
2026-06-30 05:40:05     23,200,000 processed,  22,591,953 output
2026-06-30 05:42:52     23,300,000 processed,  22,688,611 output
2026-06-30 05:45:38     23,400,000 processed,  22,785,422 output
2026-06-30 05:48:25     23,500,000 processed,  22,881,766 output
2026-06-30 05:51:11     23,600,000 processed,  22,978,199 output
2026-06-30 05:53:58     23,700,000 processed,  23,074,800 output
2026-06-30 05:56:45     23,800,000 processed,  23,168,182 output
2026-06-30 05:59:31     23,900,000 processed,  23,264,661 output
2026-06-30 06:02:18     24,000,000 processed,  23,361,333 output
2026-06-30 06:05:04     24,100,000 processed,  23,458,828 output
2026-06-30 06:07:51     24,200,000 processed,  23,555,677 output
2026-06-30 06:10:37     24,300,000 processed,  23,652,562 output
2026-06-30 06:13:24     24,400,000 processed,  23,749,142 output
2026-06-30 06:16:10     24,500,000 processed,  23,845,923 output
2026-06-30 06:18:57     24,600,000 processed,  23,942,014 output
2026-06-30 06:21:44     24,700,000 processed,  24,039,997 output
2026-06-30 06:24:30     24,800,000 processed,  24,136,420 output
2026-06-30 06:27:17     24,900,000 processed,  24,233,061 output
2026-06-30 06:30:36     25,000,000 processed,  24,329,527 output
2026-06-30 06:33:23     25,100,000 processed,  24,425,823 output
2026-06-30 06:36:10     25,200,000 processed,  24,522,061 output
2026-06-30 06:38:56     25,300,000 processed,  24,620,709 output
2026-06-30 06:41:43     25,400,000 processed,  24,717,404 output
2026-06-30 06:44:29     25,500,000 processed,  24,813,909 output
2026-06-30 06:47:16     25,600,000 processed,  24,910,548 output
2026-06-30 06:50:02     25,700,000 processed,  25,007,146 output
2026-06-30 06:52:48     25,800,000 processed,  25,103,929 output
2026-06-30 06:55:34     25,900,000 processed,  25,200,481 output
2026-06-30 06:58:21     26,000,000 processed,  25,296,804 output
2026-06-30 07:01:07     26,100,000 processed,  25,393,172 output
2026-06-30 07:03:54     26,200,000 processed,  25,489,482 output
2026-06-30 07:06:40     26,300,000 processed,  25,585,788 output
2026-06-30 07:09:27     26,400,000 processed,  25,682,626 output
2026-06-30 07:12:13     26,500,000 processed,  25,780,513 output
2026-06-30 07:14:59     26,600,000 processed,  25,877,365 output
2026-06-30 07:17:46     26,700,000 processed,  25,974,440 output
2026-06-30 07:20:32     26,800,000 processed,  26,071,547 output
2026-06-30 07:23:18     26,900,000 processed,  26,167,887 output
2026-06-30 07:26:04     27,000,000 processed,  26,264,815 output
2026-06-30 07:28:50     27,100,000 processed,  26,361,345 output
2026-06-30 07:31:37     27,200,000 processed,  26,458,017 output
2026-06-30 07:34:23     27,300,000 processed,  26,554,458 output
2026-06-30 07:37:09     27,400,000 processed,  26,650,744 output
2026-06-30 07:39:55     27,500,000 processed,  26,747,165 output
2026-06-30 07:42:42     27,600,000 processed,  26,843,331 output
2026-06-30 07:45:28     27,700,000 processed,  26,940,871 output
2026-06-30 07:48:14     27,800,000 processed,  27,039,005 output
2026-06-30 07:51:01     27,900,000 processed,  27,136,899 output
2026-06-30 07:53:47     28,000,000 processed,  27,234,905 output
2026-06-30 07:56:34     28,100,000 processed,  27,333,065 output
2026-06-30 07:59:20     28,200,000 processed,  27,431,032 output
2026-06-30 08:02:07     28,300,000 processed,  27,529,283 output
2026-06-30 08:04:53     28,400,000 processed,  27,628,046 output
2026-06-30 08:07:39     28,500,000 processed,  27,726,485 output
2026-06-30 08:10:25     28,600,000 processed,  27,823,206 output
2026-06-30 08:13:12     28,700,000 processed,  27,921,241 output
2026-06-30 08:15:58     28,800,000 processed,  28,019,214 output
2026-06-30 08:18:45     28,900,000 processed,  28,116,350 output
2026-06-30 08:21:31     29,000,000 processed,  28,212,809 output
2026-06-30 08:24:17     29,100,000 processed,  28,309,932 output
2026-06-30 08:27:04     29,200,000 processed,  28,406,139 output
2026-06-30 08:29:50     29,300,000 processed,  28,504,594 output
2026-06-30 08:32:36     29,400,000 processed,  28,603,203 output
2026-06-30 08:35:23     29,500,000 processed,  28,700,689 output
2026-06-30 08:38:09     29,600,000 processed,  28,797,446 output
2026-06-30 08:40:55     29,700,000 processed,  28,895,348 output
2026-06-30 08:43:41     29,800,000 processed,  28,991,369 output
2026-06-30 08:46:28     29,900,000 processed,  29,088,159 output
2026-06-30 08:49:14     30,000,000 processed,  29,185,225 output
2026-06-30 08:52:00     30,100,000 processed,  29,282,525 output
2026-06-30 08:55:27     30,200,000 processed,  29,380,006 output
2026-06-30 08:58:13     30,300,000 processed,  29,476,201 output
2026-06-30 09:00:59     30,400,000 processed,  29,574,249 output
2026-06-30 09:03:44     30,500,000 processed,  29,667,471 output
2026-06-30 09:06:30     30,600,000 processed,  29,762,251 output
2026-06-30 09:09:16     30,700,000 processed,  29,858,622 output
2026-06-30 09:12:03     30,800,000 processed,  29,956,826 output
2026-06-30 09:14:49     30,900,000 processed,  30,055,476 output
2026-06-30 09:17:35     31,000,000 processed,  30,153,488 output
2026-06-30 09:20:21     31,100,000 processed,  30,251,711 output
2026-06-30 09:23:08     31,200,000 processed,  30,350,143 output
2026-06-30 09:25:55     31,300,000 processed,  30,448,487 output
2026-06-30 09:28:41     31,400,000 processed,  30,546,920 output
2026-06-30 09:31:27     31,500,000 processed,  30,644,964 output
2026-06-30 09:34:14     31,600,000 processed,  30,741,790 output
2026-06-30 09:37:00     31,700,000 processed,  30,839,169 output
2026-06-30 09:39:46     31,800,000 processed,  30,937,478 output
2026-06-30 09:42:33     31,900,000 processed,  31,035,857 output
2026-06-30 09:45:19     32,000,000 processed,  31,133,345 output
2026-06-30 09:48:06     32,100,000 processed,  31,231,521 output
2026-06-30 09:50:52     32,200,000 processed,  31,328,341 output
2026-06-30 09:53:39     32,300,000 processed,  31,425,840 output
2026-06-30 09:56:25     32,400,000 processed,  31,523,921 output
2026-06-30 09:59:12     32,500,000 processed,  31,622,559 output
2026-06-30 10:01:58     32,600,000 processed,  31,720,324 output
2026-06-30 10:04:44     32,700,000 processed,  31,817,396 output
2026-06-30 10:07:26     32,800,000 processed,  31,896,292 output
2026-06-30 10:10:08     32,900,000 processed,  31,976,480 output
2026-06-30 10:12:54     33,000,000 processed,  32,074,568 output
2026-06-30 10:15:35     33,100,000 processed,  32,152,957 output
2026-06-30 10:18:22     33,200,000 processed,  32,251,149 output
2026-06-30 10:21:08     33,300,000 processed,  32,345,010 output
2026-06-30 10:23:51     33,400,000 processed,  32,430,253 output
2026-06-30 10:26:37     33,500,000 processed,  32,527,464 output
2026-06-30 10:29:24     33,600,000 processed,  32,624,316 output
2026-06-30 10:32:10     33,700,000 processed,  32,722,492 output
2026-06-30 10:34:56     33,800,000 processed,  32,820,987 output
2026-06-30 10:37:43     33,900,000 processed,  32,918,243 output
2026-06-30 10:40:29     34,000,000 processed,  33,016,953 output
2026-06-30 10:43:16     34,100,000 processed,  33,114,677 output
2026-06-30 10:46:02     34,200,000 processed,  33,212,265 output
2026-06-30 10:48:49     34,300,000 processed,  33,310,435 output
2026-06-30 10:51:35     34,400,000 processed,  33,407,511 output
2026-06-30 10:54:22     34,500,000 processed,  33,505,802 output
2026-06-30 10:57:08     34,600,000 processed,  33,604,489 output
2026-06-30 10:59:55     34,700,000 processed,  33,702,999 output
2026-06-30 11:02:43     34,800,000 processed,  33,800,157 output
2026-06-30 11:05:31     34,900,000 processed,  33,897,576 output
2026-06-30 11:08:19     35,000,000 processed,  33,995,791 output
2026-06-30 11:11:06     35,100,000 processed,  34,093,430 output
2026-06-30 11:13:54     35,200,000 processed,  34,190,210 output
2026-06-30 11:16:41     35,300,000 processed,  34,287,365 output
2026-06-30 11:19:29     35,400,000 processed,  34,385,386 output
2026-06-30 11:22:16     35,500,000 processed,  34,483,847 output
2026-06-30 11:25:04     35,600,000 processed,  34,582,161 output
2026-06-30 11:27:51     35,700,000 processed,  34,680,244 output
2026-06-30 11:30:39     35,800,000 processed,  34,778,478 output
2026-06-30 11:33:26     35,900,000 processed,  34,877,011 output
2026-06-30 11:36:13     36,000,000 processed,  34,975,075 output
2026-06-30 11:39:00     36,100,000 processed,  35,072,080 output
2026-06-30 11:41:48     36,200,000 processed,  35,169,159 output
2026-06-30 11:44:37     36,300,000 processed,  35,266,739 output
2026-06-30 11:48:18     36,400,000 processed,  35,364,394 output
2026-06-30 11:51:08     36,500,000 processed,  35,462,103 output
2026-06-30 11:53:57     36,600,000 processed,  35,560,575 output
2026-06-30 11:56:46     36,700,000 processed,  35,658,848 output
2026-06-30 11:59:35     36,800,000 processed,  35,756,794 output
2026-06-30 12:02:24     36,900,000 processed,  35,853,741 output
2026-06-30 12:05:12     37,000,000 processed,  35,951,103 output
2026-06-30 12:08:00     37,100,000 processed,  36,049,407 output
2026-06-30 12:10:08   37,176,289 barcode records processed
2026-06-30 12:10:08   36,124,644 records output
2026-06-30 12:15:11   Collected 37,176,289 read QC entries
2026-06-30 12:15:59   Wrote barcode-level QC metrics to: /scratch/link/Amplicon_barcode_analysis/HepG2_dual_rep_PA_bcwithqc/bcwithqc_output/L_L4_2/QC_metrics/bcs.tsv
2026-06-30 12:15:59   Wrote block summary QC metrics to: /scratch/link/Amplicon_barcode_analysis/HepG2_dual_rep_PA_bcwithqc/bcwithqc_output/L_L4_2/QC_metrics/bcs_summary.tsv
2026-06-30 12:17:08   Wrote read-level QC metrics to: /scratch/link/Amplicon_barcode_analysis/HepG2_dual_rep_PA_bcwithqc/bcwithqc_output/L_L4_2/QC_metrics/reads.tsv
2026-06-30 12:17:08   Wrote read-level QC summary to: /scratch/link/Amplicon_barcode_analysis/HepG2_dual_rep_PA_bcwithqc/bcwithqc_output/L_L4_2/QC_metrics/reads_summary.tsv
2026-06-30 12:17:24   Writing log to: /scratch/link/Amplicon_barcode_analysis/HepG2_dual_rep_PA_bcwithqc/bcwithqc_output/L_L4_2/bcwithqc_count.log
2026-06-30 12:17:24   Writing output to:
2026-06-30 12:17:24     /scratch/link/Amplicon_barcode_analysis/HepG2_dual_rep_PA_bcwithqc/bcwithqc_output/L_L4_2/with_bc.bam
2026-06-30 12:17:24   Using STAR results from /scratch/link/Amplicon_barcode_analysis/HepG2_dual_rep_PA_bcwithqc/bcwithqc_output/L_L4_2
2026-06-30 12:17:24   Adding barcode tags to mapped reads... 
