INFO [2026-06-09 09:09:32] $x
INFO [2026-06-09 09:09:32] list(our_hits = our_hits, roche_hits = roche_hits)
INFO [2026-06-09 09:09:32] 
INFO [2026-06-09 09:09:32] $filename
INFO [2026-06-09 09:09:32] NULL
INFO [2026-06-09 09:09:32] 
INFO [2026-06-09 09:09:32] $fill
INFO [2026-06-09 09:09:32] c("purple", "cyan")
INFO [2026-06-09 09:09:32] 
INFO [2026-06-09 09:09:32] $alpha
INFO [2026-06-09 09:09:32] [1] 0.5
INFO [2026-06-09 09:09:32] 
INFO [2026-06-09 09:09:32] $cex
INFO [2026-06-09 09:09:32] [1] 1.5
INFO [2026-06-09 09:09:32] 
INFO [2026-06-09 09:09:32] $cat.pos
INFO [2026-06-09 09:09:32] c(0, 0)
INFO [2026-06-09 09:09:32] 
INFO [2026-06-09 09:09:32] $cat.dist
INFO [2026-06-09 09:09:32] c(0.05, 0.05)
INFO [2026-06-09 09:09:32] 
INFO [2026-06-09 09:09:32] $cat.cex
INFO [2026-06-09 09:09:32] [1] 1.5
INFO [2026-06-09 09:09:32] 
