Building DAG of jobs...
Using shell: /usr/bin/bash
Provided remote nodes: 1
Provided resources: mem_mb=40000, mem_mib=38147, disk_mb=1385, disk_mib=1321
Select jobs to execute...
Execute 1 jobs...

[Mon Jun 29 18:50:26 2026]
rule bcwithqc_one_sample:
    input: /scratch/link/Amplicon_barcode_analysis/HepG2_dual_rep_PA_bcwithqc/bcwithqc_symlinks/U_L4_1/U_L4_1.fastq.gz
    output: /scratch/link/Amplicon_barcode_analysis/HepG2_dual_rep_PA_bcwithqc/.pipeline_state/bcwithqc_done/U_L4_1.done
    jobid: 0
    reason: Forced execution
    wildcards: sample=U_L4_1
    threads: 2
    resources: mem_mb=40000, mem_mib=38147, disk_mb=1385, disk_mib=1321, tmpdir=<TBD>, runtime=2400, slurm_account=lsteinme


        unset PYTHONPATH
        unset PYTHONHOME
        export PYTHONNOUSERSITE=1

        rm -rf "/scratch/link/Amplicon_barcode_analysis/HepG2_dual_rep_PA_bcwithqc/bcwithqc_output/U_L4_1"
        mkdir -p "/scratch/link/Amplicon_barcode_analysis/HepG2_dual_rep_PA_bcwithqc/bcwithqc_output/U_L4_1"

        "/home/link/.conda/envs/py313/bin/bcwithqc" preprocess \
          "/scratch/link/Amplicon_barcode_analysis/HepG2_dual_rep_PA_bcwithqc/bcwithqc_symlinks/U_L4_1" \
          --config="/g/steinmetz/link/Amplicon_barcode_analysis/library/bcwithqc_config_whole_genome_sublibs_1_to_4.json" \
          --output-dir="/scratch/link/Amplicon_barcode_analysis/HepG2_dual_rep_PA_bcwithqc/bcwithqc_output/U_L4_1" \
          --threads="2" \
          --output-format-bam \
          -vv

        "/home/link/.conda/envs/py313/bin/bcwithqc" count \
          "/scratch/link/Amplicon_barcode_analysis/HepG2_dual_rep_PA_bcwithqc/bcwithqc_output/U_L4_1" \
          --STAR-output-dir="/scratch/link/Amplicon_barcode_analysis/HepG2_dual_rep_PA_bcwithqc/bcwithqc_output/U_L4_1" \
          --config="/g/steinmetz/link/Amplicon_barcode_analysis/library/bcwithqc_config_whole_genome_sublibs_1_to_4.json" \
          --output-dir="/scratch/link/Amplicon_barcode_analysis/HepG2_dual_rep_PA_bcwithqc/bcwithqc_output/U_L4_1" \
          --threads="2" \
          -vv
          
        mkdir -p "$(dirname "/scratch/link/Amplicon_barcode_analysis/HepG2_dual_rep_PA_bcwithqc/.pipeline_state/bcwithqc_done/U_L4_1.done")"
        touch "/scratch/link/Amplicon_barcode_analysis/HepG2_dual_rep_PA_bcwithqc/.pipeline_state/bcwithqc_done/U_L4_1.done"
        
Building DAG of jobs...
Using shell: /usr/bin/bash
Provided cores: 2
Rules claiming more threads will be scaled down.
Provided resources: mem_mb=40000, mem_mib=38147, disk_mb=1385, disk_mib=1321
Select jobs to execute...
Execute 1 jobs...

[Mon Jun 29 18:50:29 2026]
localrule bcwithqc_one_sample:
    input: /scratch/link/Amplicon_barcode_analysis/HepG2_dual_rep_PA_bcwithqc/bcwithqc_symlinks/U_L4_1/U_L4_1.fastq.gz
    output: /scratch/link/Amplicon_barcode_analysis/HepG2_dual_rep_PA_bcwithqc/.pipeline_state/bcwithqc_done/U_L4_1.done
    jobid: 0
    reason: Forced execution
    wildcards: sample=U_L4_1
    threads: 2
    resources: mem_mb=40000, mem_mib=38147, disk_mb=1385, disk_mib=1321, tmpdir=/scratch/jobs/57771421, runtime=2400, slurm_account=lsteinme


        unset PYTHONPATH
        unset PYTHONHOME
        export PYTHONNOUSERSITE=1

        rm -rf "/scratch/link/Amplicon_barcode_analysis/HepG2_dual_rep_PA_bcwithqc/bcwithqc_output/U_L4_1"
        mkdir -p "/scratch/link/Amplicon_barcode_analysis/HepG2_dual_rep_PA_bcwithqc/bcwithqc_output/U_L4_1"

        "/home/link/.conda/envs/py313/bin/bcwithqc" preprocess \
          "/scratch/link/Amplicon_barcode_analysis/HepG2_dual_rep_PA_bcwithqc/bcwithqc_symlinks/U_L4_1" \
          --config="/g/steinmetz/link/Amplicon_barcode_analysis/library/bcwithqc_config_whole_genome_sublibs_1_to_4.json" \
          --output-dir="/scratch/link/Amplicon_barcode_analysis/HepG2_dual_rep_PA_bcwithqc/bcwithqc_output/U_L4_1" \
          --threads="2" \
          --output-format-bam \
          -vv

        "/home/link/.conda/envs/py313/bin/bcwithqc" count \
          "/scratch/link/Amplicon_barcode_analysis/HepG2_dual_rep_PA_bcwithqc/bcwithqc_output/U_L4_1" \
          --STAR-output-dir="/scratch/link/Amplicon_barcode_analysis/HepG2_dual_rep_PA_bcwithqc/bcwithqc_output/U_L4_1" \
          --config="/g/steinmetz/link/Amplicon_barcode_analysis/library/bcwithqc_config_whole_genome_sublibs_1_to_4.json" \
          --output-dir="/scratch/link/Amplicon_barcode_analysis/HepG2_dual_rep_PA_bcwithqc/bcwithqc_output/U_L4_1" \
          --threads="2" \
          -vv
          
        mkdir -p "$(dirname "/scratch/link/Amplicon_barcode_analysis/HepG2_dual_rep_PA_bcwithqc/.pipeline_state/bcwithqc_done/U_L4_1.done")"
        touch "/scratch/link/Amplicon_barcode_analysis/HepG2_dual_rep_PA_bcwithqc/.pipeline_state/bcwithqc_done/U_L4_1.done"
        
2026-06-29 18:50:30   Writing log to: /scratch/link/Amplicon_barcode_analysis/HepG2_dual_rep_PA_bcwithqc/bcwithqc_output/U_L4_1/bcwithqc_preprocess.log
2026-06-29 18:50:30   Files to process:
2026-06-29 18:50:30     /scratch/link/Amplicon_barcode_analysis/HepG2_dual_rep_PA_bcwithqc/bcwithqc_symlinks/U_L4_1/U_L4_1.fastq.gz
2026-06-29 18:50:30   Processing file:
2026-06-29 18:50:30     barcode fastq: /scratch/link/Amplicon_barcode_analysis/HepG2_dual_rep_PA_bcwithqc/bcwithqc_symlinks/U_L4_1/U_L4_1.fastq.gz
2026-06-29 18:50:30     sans-bc fastq: /scratch/link/Amplicon_barcode_analysis/HepG2_dual_rep_PA_bcwithqc/bcwithqc_output/U_L4_1/sans_bc_U_L4_1.fq
2026-06-29 18:50:30     tags file:     /scratch/link/Amplicon_barcode_analysis/HepG2_dual_rep_PA_bcwithqc/bcwithqc_output/U_L4_1/rec_names_and_tags1_U_L4_1.txt
2026-06-29 18:50:30   Building aligners and barcode decoders
2026-06-29 18:50:31   Processing first 10,000 for score threshold...
2026-06-29 18:50:50   Score threshold: 0.68
2026-06-29 18:50:50   Continuing...
2026-06-29 18:54:02     100,000 processed,  98,349 output
2026-06-29 18:57:13     200,000 processed,  196,696 output
2026-06-29 19:00:24     300,000 processed,  294,571 output
2026-06-29 19:03:36     400,000 processed,  392,984 output
2026-06-29 19:06:47     500,000 processed,  491,237 output
2026-06-29 19:09:58     600,000 processed,  589,435 output
2026-06-29 19:13:10     700,000 processed,  687,707 output
2026-06-29 19:16:22     800,000 processed,  786,076 output
2026-06-29 19:19:32     900,000 processed,  884,425 output
2026-06-29 19:22:45     1,000,000 processed,  982,651 output
2026-06-29 19:25:55     1,100,000 processed,  1,080,945 output
2026-06-29 19:29:07     1,200,000 processed,  1,179,125 output
2026-06-29 19:32:18     1,300,000 processed,  1,277,290 output
2026-06-29 19:35:31     1,400,000 processed,  1,375,440 output
2026-06-29 19:38:41     1,500,000 processed,  1,473,599 output
2026-06-29 19:41:51     1,600,000 processed,  1,571,719 output
2026-06-29 19:45:04     1,700,000 processed,  1,669,743 output
2026-06-29 19:48:14     1,800,000 processed,  1,767,636 output
2026-06-29 19:51:25     1,900,000 processed,  1,865,208 output
2026-06-29 19:54:35     2,000,000 processed,  1,963,355 output
2026-06-29 19:57:48     2,100,000 processed,  2,061,824 output
2026-06-29 20:00:59     2,200,000 processed,  2,160,261 output
2026-06-29 20:04:09     2,300,000 processed,  2,258,505 output
2026-06-29 20:07:20     2,400,000 processed,  2,357,088 output
2026-06-29 20:10:33     2,500,000 processed,  2,455,362 output
2026-06-29 20:13:44     2,600,000 processed,  2,553,632 output
2026-06-29 20:16:54     2,700,000 processed,  2,651,838 output
2026-06-29 20:20:05     2,800,000 processed,  2,750,178 output
2026-06-29 20:23:15     2,900,000 processed,  2,848,457 output
2026-06-29 20:26:26     3,000,000 processed,  2,946,750 output
2026-06-29 20:29:40     3,100,000 processed,  3,044,882 output
2026-06-29 20:32:50     3,200,000 processed,  3,142,575 output
2026-06-29 20:36:01     3,300,000 processed,  3,240,702 output
2026-06-29 20:39:11     3,400,000 processed,  3,338,837 output
2026-06-29 20:42:22     3,500,000 processed,  3,437,130 output
2026-06-29 20:45:32     3,600,000 processed,  3,535,191 output
2026-06-29 20:48:47     3,700,000 processed,  3,632,582 output
2026-06-29 20:51:57     3,800,000 processed,  3,730,312 output
2026-06-29 20:55:07     3,900,000 processed,  3,827,466 output
2026-06-29 20:58:18     4,000,000 processed,  3,925,813 output
2026-06-29 21:01:28     4,100,000 processed,  4,024,093 output
2026-06-29 21:04:38     4,200,000 processed,  4,121,735 output
2026-06-29 21:07:49     4,300,000 processed,  4,219,879 output
2026-06-29 21:10:59     4,400,000 processed,  4,316,824 output
2026-06-29 21:14:15     4,500,000 processed,  4,412,367 output
2026-06-29 21:17:25     4,600,000 processed,  4,510,743 output
2026-06-29 21:20:36     4,700,000 processed,  4,608,856 output
2026-06-29 21:23:46     4,800,000 processed,  4,707,130 output
2026-06-29 21:26:56     4,900,000 processed,  4,805,266 output
2026-06-29 21:30:06     5,000,000 processed,  4,903,401 output
2026-06-29 21:33:16     5,100,000 processed,  5,001,190 output
2026-06-29 21:36:27     5,200,000 processed,  5,099,082 output
2026-06-29 21:39:37     5,300,000 processed,  5,197,205 output
2026-06-29 21:42:54     5,400,000 processed,  5,295,271 output
2026-06-29 21:46:05     5,500,000 processed,  5,392,791 output
2026-06-29 21:49:15     5,600,000 processed,  5,490,377 output
2026-06-29 21:52:26     5,700,000 processed,  5,588,002 output
2026-06-29 21:55:36     5,800,000 processed,  5,685,722 output
2026-06-29 21:58:46     5,900,000 processed,  5,784,070 output
2026-06-29 22:01:57     6,000,000 processed,  5,882,488 output
2026-06-29 22:05:07     6,100,000 processed,  5,980,661 output
2026-06-29 22:08:18     6,200,000 processed,  6,078,882 output
2026-06-29 22:11:28     6,300,000 processed,  6,177,298 output
2026-06-29 22:14:38     6,400,000 processed,  6,275,565 output
2026-06-29 22:17:58     6,500,000 processed,  6,373,620 output
2026-06-29 22:21:08     6,600,000 processed,  6,471,551 output
2026-06-29 22:24:19     6,700,000 processed,  6,569,659 output
2026-06-29 22:27:29     6,800,000 processed,  6,667,527 output
2026-06-29 22:30:40     6,900,000 processed,  6,765,491 output
2026-06-29 22:33:50     7,000,000 processed,  6,863,652 output
2026-06-29 22:37:00     7,100,000 processed,  6,961,639 output
2026-06-29 22:40:11     7,200,000 processed,  7,059,721 output
2026-06-29 22:43:21     7,300,000 processed,  7,157,492 output
2026-06-29 22:46:32     7,400,000 processed,  7,255,069 output
2026-06-29 22:49:42     7,500,000 processed,  7,353,277 output
2026-06-29 22:52:53     7,600,000 processed,  7,451,593 output
2026-06-29 22:56:03     7,700,000 processed,  7,549,357 output
2026-06-29 22:59:14     7,800,000 processed,  7,647,819 output
2026-06-29 23:02:34     7,900,000 processed,  7,746,174 output
2026-06-29 23:05:45     8,000,000 processed,  7,844,509 output
2026-06-29 23:08:55     8,100,000 processed,  7,942,910 output
2026-06-29 23:12:06     8,200,000 processed,  8,041,224 output
2026-06-29 23:15:16     8,300,000 processed,  8,139,621 output
2026-06-29 23:18:26     8,400,000 processed,  8,237,591 output
2026-06-29 23:21:36     8,500,000 processed,  8,335,689 output
2026-06-29 23:24:47     8,600,000 processed,  8,433,889 output
2026-06-29 23:27:57     8,700,000 processed,  8,532,047 output
2026-06-29 23:31:07     8,800,000 processed,  8,630,311 output
2026-06-29 23:34:17     8,900,000 processed,  8,728,534 output
2026-06-29 23:37:27     9,000,000 processed,  8,826,671 output
2026-06-29 23:40:37     9,100,000 processed,  8,924,731 output
2026-06-29 23:43:48     9,200,000 processed,  9,022,808 output
2026-06-29 23:46:58     9,300,000 processed,  9,120,325 output
2026-06-29 23:50:08     9,400,000 processed,  9,217,979 output
2026-06-29 23:53:31     9,500,000 processed,  9,316,412 output
2026-06-29 23:56:41     9,600,000 processed,  9,414,891 output
2026-06-29 23:59:52     9,700,000 processed,  9,513,294 output
2026-06-30 00:03:02     9,800,000 processed,  9,611,489 output
2026-06-30 00:06:12     9,900,000 processed,  9,709,805 output
2026-06-30 00:09:22     10,000,000 processed,  9,808,131 output
2026-06-30 00:12:32     10,100,000 processed,  9,906,276 output
2026-06-30 00:15:42     10,200,000 processed,  10,004,416 output
2026-06-30 00:18:52     10,300,000 processed,  10,102,623 output
2026-06-30 00:22:03     10,400,000 processed,  10,200,948 output
2026-06-30 00:25:13     10,500,000 processed,  10,299,201 output
2026-06-30 00:28:23     10,600,000 processed,  10,397,486 output
2026-06-30 00:31:34     10,700,000 processed,  10,495,571 output
2026-06-30 00:34:44     10,800,000 processed,  10,593,745 output
2026-06-30 00:37:54     10,900,000 processed,  10,691,868 output
2026-06-30 00:41:04     11,000,000 processed,  10,789,976 output
2026-06-30 00:44:15     11,100,000 processed,  10,887,939 output
2026-06-30 00:47:25     11,200,000 processed,  10,985,997 output
2026-06-30 00:50:35     11,300,000 processed,  11,083,700 output
2026-06-30 00:53:45     11,400,000 processed,  11,181,941 output
2026-06-30 00:57:11     11,500,000 processed,  11,280,321 output
2026-06-30 01:00:21     11,600,000 processed,  11,378,820 output
2026-06-30 01:03:31     11,700,000 processed,  11,475,482 output
2026-06-30 01:06:41     11,800,000 processed,  11,573,835 output
2026-06-30 01:09:51     11,900,000 processed,  11,672,274 output
2026-06-30 01:13:01     12,000,000 processed,  11,770,553 output
2026-06-30 01:16:11     12,100,000 processed,  11,868,965 output
2026-06-30 01:19:21     12,200,000 processed,  11,967,149 output
2026-06-30 01:22:31     12,300,000 processed,  12,065,509 output
2026-06-30 01:25:41     12,400,000 processed,  12,163,920 output
2026-06-30 01:28:51     12,500,000 processed,  12,262,345 output
2026-06-30 01:32:02     12,600,000 processed,  12,360,700 output
2026-06-30 01:35:12     12,700,000 processed,  12,458,853 output
2026-06-30 01:38:22     12,800,000 processed,  12,557,120 output
2026-06-30 01:41:32     12,900,000 processed,  12,655,218 output
2026-06-30 01:44:43     13,000,000 processed,  12,753,532 output
2026-06-30 01:47:53     13,100,000 processed,  12,851,752 output
2026-06-30 01:51:03     13,200,000 processed,  12,949,798 output
2026-06-30 01:54:13     13,300,000 processed,  13,047,641 output
2026-06-30 01:57:24     13,400,000 processed,  13,145,427 output
2026-06-30 02:00:34     13,500,000 processed,  13,243,943 output
2026-06-30 02:03:44     13,600,000 processed,  13,342,453 output
2026-06-30 02:06:55     13,700,000 processed,  13,440,769 output
2026-06-30 02:10:23     13,800,000 processed,  13,539,272 output
2026-06-30 02:13:34     13,900,000 processed,  13,637,585 output
2026-06-30 02:16:44     14,000,000 processed,  13,735,919 output
2026-06-30 02:19:55     14,100,000 processed,  13,834,334 output
2026-06-30 02:23:05     14,200,000 processed,  13,932,645 output
2026-06-30 02:26:15     14,300,000 processed,  14,030,994 output
2026-06-30 02:29:25     14,400,000 processed,  14,129,382 output
2026-06-30 02:32:35     14,500,000 processed,  14,227,656 output
2026-06-30 02:35:45     14,600,000 processed,  14,325,984 output
2026-06-30 02:38:55     14,700,000 processed,  14,423,841 output
2026-06-30 02:42:05     14,800,000 processed,  14,522,024 output
2026-06-30 02:45:16     14,900,000 processed,  14,620,184 output
2026-06-30 02:48:26     15,000,000 processed,  14,718,339 output
2026-06-30 02:51:36     15,100,000 processed,  14,816,288 output
2026-06-30 02:54:46     15,200,000 processed,  14,914,109 output
2026-06-30 02:57:57     15,300,000 processed,  15,011,611 output
2026-06-30 03:01:07     15,400,000 processed,  15,109,688 output
2026-06-30 03:04:18     15,500,000 processed,  15,207,878 output
2026-06-30 03:07:28     15,600,000 processed,  15,306,220 output
2026-06-30 03:10:38     15,700,000 processed,  15,404,572 output
2026-06-30 03:13:49     15,800,000 processed,  15,502,589 output
2026-06-30 03:16:59     15,900,000 processed,  15,600,642 output
2026-06-30 03:20:09     16,000,000 processed,  15,698,839 output
2026-06-30 03:23:20     16,100,000 processed,  15,796,916 output
2026-06-30 03:26:30     16,200,000 processed,  15,895,193 output
2026-06-30 03:29:41     16,300,000 processed,  15,993,348 output
2026-06-30 03:32:51     16,400,000 processed,  16,091,477 output
2026-06-30 03:36:01     16,500,000 processed,  16,189,881 output
2026-06-30 03:39:11     16,600,000 processed,  16,286,795 output
2026-06-30 03:42:44     16,700,000 processed,  16,384,953 output
2026-06-30 03:45:54     16,800,000 processed,  16,482,937 output
2026-06-30 03:49:04     16,900,000 processed,  16,581,080 output
2026-06-30 03:52:15     17,000,000 processed,  16,679,152 output
2026-06-30 03:55:25     17,100,000 processed,  16,777,176 output
2026-06-30 03:58:35     17,200,000 processed,  16,875,017 output
2026-06-30 04:01:45     17,300,000 processed,  16,972,618 output
2026-06-30 04:04:55     17,400,000 processed,  17,070,119 output
2026-06-30 04:08:05     17,500,000 processed,  17,168,440 output
2026-06-30 04:11:16     17,600,000 processed,  17,266,821 output
2026-06-30 04:14:26     17,700,000 processed,  17,365,241 output
2026-06-30 04:17:37     17,800,000 processed,  17,463,526 output
2026-06-30 04:20:47     17,900,000 processed,  17,561,813 output
2026-06-30 04:23:57     18,000,000 processed,  17,660,200 output
2026-06-30 04:27:08     18,100,000 processed,  17,758,608 output
2026-06-30 04:30:18     18,200,000 processed,  17,856,943 output
2026-06-30 04:33:29     18,300,000 processed,  17,955,265 output
2026-06-30 04:36:39     18,400,000 processed,  18,053,509 output
2026-06-30 04:39:50     18,500,000 processed,  18,151,792 output
2026-06-30 04:42:59     18,600,000 processed,  18,250,081 output
2026-06-30 04:46:09     18,700,000 processed,  18,348,212 output
2026-06-30 04:49:20     18,800,000 processed,  18,446,431 output
2026-06-30 04:52:30     18,900,000 processed,  18,544,492 output
2026-06-30 04:55:40     19,000,000 processed,  18,642,765 output
2026-06-30 04:58:51     19,100,000 processed,  18,740,784 output
2026-06-30 05:02:01     19,200,000 processed,  18,838,840 output
2026-06-30 05:05:12     19,300,000 processed,  18,936,519 output
2026-06-30 05:08:22     19,400,000 processed,  19,033,964 output
2026-06-30 05:11:32     19,500,000 processed,  19,131,580 output
2026-06-30 05:14:43     19,600,000 processed,  19,229,940 output
2026-06-30 05:17:53     19,700,000 processed,  19,328,191 output
2026-06-30 05:21:03     19,800,000 processed,  19,426,525 output
2026-06-30 05:24:13     19,900,000 processed,  19,524,850 output
2026-06-30 05:27:24     20,000,000 processed,  19,623,213 output
2026-06-30 05:31:01     20,100,000 processed,  19,721,629 output
2026-06-30 05:34:11     20,200,000 processed,  19,820,049 output
2026-06-30 05:37:22     20,300,000 processed,  19,918,344 output
2026-06-30 05:40:32     20,400,000 processed,  20,016,702 output
2026-06-30 05:43:43     20,500,000 processed,  20,115,033 output
2026-06-30 05:46:54     20,600,000 processed,  20,213,297 output
2026-06-30 05:50:04     20,700,000 processed,  20,311,658 output
2026-06-30 05:53:15     20,800,000 processed,  20,409,916 output
2026-06-30 05:56:26     20,900,000 processed,  20,508,043 output
2026-06-30 05:59:36     21,000,000 processed,  20,606,225 output
2026-06-30 06:02:47     21,100,000 processed,  20,704,477 output
2026-06-30 06:05:57     21,200,000 processed,  20,802,641 output
2026-06-30 06:09:07     21,300,000 processed,  20,900,794 output
2026-06-30 06:12:17     21,400,000 processed,  20,998,777 output
2026-06-30 06:15:28     21,500,000 processed,  21,096,634 output
2026-06-30 06:18:38     21,600,000 processed,  21,194,055 output
2026-06-30 06:21:49     21,700,000 processed,  21,292,227 output
2026-06-30 06:24:59     21,800,000 processed,  21,390,740 output
2026-06-30 06:28:10     21,900,000 processed,  21,489,167 output
2026-06-30 06:31:21     22,000,000 processed,  21,587,608 output
2026-06-30 06:34:31     22,100,000 processed,  21,685,853 output
2026-06-30 06:37:42     22,200,000 processed,  21,784,129 output
2026-06-30 06:40:53     22,300,000 processed,  21,882,469 output
2026-06-30 06:44:03     22,400,000 processed,  21,980,766 output
2026-06-30 06:47:14     22,500,000 processed,  22,078,977 output
2026-06-30 06:50:25     22,600,000 processed,  22,177,321 output
2026-06-30 06:53:35     22,700,000 processed,  22,275,601 output
2026-06-30 06:56:45     22,800,000 processed,  22,373,890 output
2026-06-30 06:59:56     22,900,000 processed,  22,472,198 output
2026-06-30 07:03:06     23,000,000 processed,  22,570,379 output
2026-06-30 07:06:17     23,100,000 processed,  22,668,523 output
2026-06-30 07:09:27     23,200,000 processed,  22,766,763 output
2026-06-30 07:12:37     23,300,000 processed,  22,865,124 output
2026-06-30 07:15:47     23,400,000 processed,  22,963,170 output
2026-06-30 07:18:58     23,500,000 processed,  23,061,213 output
2026-06-30 07:22:08     23,600,000 processed,  23,159,139 output
2026-06-30 07:25:18     23,700,000 processed,  23,256,918 output
2026-06-30 07:28:28     23,800,000 processed,  23,354,737 output
2026-06-30 07:31:38     23,900,000 processed,  23,452,843 output
2026-06-30 07:34:48     24,000,000 processed,  23,551,259 output
2026-06-30 07:37:58     24,100,000 processed,  23,649,685 output
2026-06-30 07:41:08     24,200,000 processed,  23,748,119 output
2026-06-30 07:44:50     24,300,000 processed,  23,846,124 output
2026-06-30 07:48:00     24,400,000 processed,  23,944,460 output
2026-06-30 07:51:11     24,500,000 processed,  24,042,905 output
2026-06-30 07:54:23     24,600,000 processed,  24,139,349 output
2026-06-30 07:57:34     24,700,000 processed,  24,236,783 output
2026-06-30 08:00:43     24,800,000 processed,  24,335,151 output
2026-06-30 08:03:54     24,900,000 processed,  24,432,687 output
2026-06-30 08:07:04     25,000,000 processed,  24,530,899 output
2026-06-30 08:10:14     25,100,000 processed,  24,629,302 output
2026-06-30 08:13:25     25,200,000 processed,  24,727,748 output
2026-06-30 08:16:35     25,300,000 processed,  24,826,176 output
2026-06-30 08:19:45     25,400,000 processed,  24,924,658 output
2026-06-30 08:22:56     25,500,000 processed,  25,022,698 output
2026-06-30 08:26:07     25,600,000 processed,  25,120,951 output
2026-06-30 08:29:18     25,700,000 processed,  25,218,687 output
2026-06-30 08:32:29     25,800,000 processed,  25,317,009 output
2026-06-30 08:35:46     25,900,000 processed,  25,412,296 output
2026-06-30 08:38:59     26,000,000 processed,  25,508,704 output
2026-06-30 08:42:16     26,100,000 processed,  25,603,754 output
2026-06-30 08:45:29     26,200,000 processed,  25,701,077 output
2026-06-30 08:48:46     26,300,000 processed,  25,795,830 output
2026-06-30 08:51:59     26,400,000 processed,  25,891,992 output
2026-06-30 08:55:11     26,500,000 processed,  25,989,322 output
2026-06-30 08:58:21     26,600,000 processed,  26,086,728 output
2026-06-30 09:01:34     26,700,000 processed,  26,182,511 output
2026-06-30 09:04:45     26,800,000 processed,  26,280,900 output
2026-06-30 09:07:55     26,900,000 processed,  26,379,031 output
2026-06-30 09:11:05     27,000,000 processed,  26,477,276 output
2026-06-30 09:14:15     27,100,000 processed,  26,575,668 output
2026-06-30 09:17:25     27,200,000 processed,  26,674,130 output
2026-06-30 09:20:35     27,300,000 processed,  26,772,583 output
2026-06-30 09:23:46     27,400,000 processed,  26,870,026 output
2026-06-30 09:27:02     27,500,000 processed,  26,965,090 output
2026-06-30 09:30:14     27,600,000 processed,  27,062,246 output
2026-06-30 09:33:24     27,700,000 processed,  27,160,670 output
2026-06-30 09:36:37     27,800,000 processed,  27,257,242 output
2026-06-30 09:39:52     27,900,000 processed,  27,352,619 output
2026-06-30 09:43:03     28,000,000 processed,  27,449,444 output
2026-06-30 09:46:13     28,100,000 processed,  27,547,868 output
2026-06-30 09:49:27     28,200,000 processed,  27,643,655 output
2026-06-30 09:52:38     28,300,000 processed,  27,742,021 output
2026-06-30 09:55:47     28,400,000 processed,  27,839,225 output
2026-06-30 09:58:57     28,500,000 processed,  27,937,281 output
2026-06-30 10:02:07     28,600,000 processed,  28,034,982 output
2026-06-30 10:05:17     28,700,000 processed,  28,132,919 output
2026-06-30 10:08:29     28,800,000 processed,  28,229,215 output
2026-06-30 10:11:39     28,900,000 processed,  28,327,057 output
2026-06-30 10:14:49     29,000,000 processed,  28,425,020 output
2026-06-30 10:18:00     29,100,000 processed,  28,522,731 output
2026-06-30 10:21:13     29,200,000 processed,  28,618,833 output
2026-06-30 10:25:03     29,300,000 processed,  28,715,869 output
2026-06-30 10:28:18     29,400,000 processed,  28,811,401 output
2026-06-30 10:31:33     29,500,000 processed,  28,906,941 output
2026-06-30 10:34:45     29,600,000 processed,  29,003,616 output
2026-06-30 10:37:56     29,700,000 processed,  29,101,809 output
2026-06-30 10:41:06     29,800,000 processed,  29,200,104 output
2026-06-30 10:44:17     29,900,000 processed,  29,298,059 output
2026-06-30 10:47:30     30,000,000 processed,  29,394,669 output
2026-06-30 10:50:41     30,100,000 processed,  29,492,217 output
2026-06-30 10:53:51     30,200,000 processed,  29,590,660 output
2026-06-30 10:57:02     30,300,000 processed,  29,689,246 output
2026-06-30 11:00:12     30,400,000 processed,  29,787,845 output
2026-06-30 11:03:22     30,500,000 processed,  29,885,887 output
2026-06-30 11:06:35     30,600,000 processed,  29,983,131 output
2026-06-30 11:09:50     30,700,000 processed,  30,079,189 output
2026-06-30 11:13:06     30,800,000 processed,  30,174,969 output
2026-06-30 11:16:18     30,900,000 processed,  30,271,949 output
2026-06-30 11:19:33     31,000,000 processed,  30,367,918 output
2026-06-30 11:22:45     31,100,000 processed,  30,465,606 output
2026-06-30 11:25:55     31,200,000 processed,  30,563,651 output
2026-06-30 11:29:05     31,300,000 processed,  30,660,946 output
2026-06-30 11:32:17     31,400,000 processed,  30,759,366 output
2026-06-30 11:35:28     31,500,000 processed,  30,857,881 output
2026-06-30 11:38:39     31,600,000 processed,  30,956,121 output
2026-06-30 11:41:50     31,700,000 processed,  31,054,667 output
2026-06-30 11:45:02     31,800,000 processed,  31,153,130 output
2026-06-30 11:48:13     31,900,000 processed,  31,251,680 output
2026-06-30 11:51:24     32,000,000 processed,  31,349,970 output
2026-06-30 11:54:35     32,100,000 processed,  31,447,959 output
2026-06-30 11:57:47     32,200,000 processed,  31,546,389 output
2026-06-30 12:00:58     32,300,000 processed,  31,644,755 output
2026-06-30 12:04:09     32,400,000 processed,  31,743,216 output
2026-06-30 12:07:24     32,500,000 processed,  31,838,866 output
2026-06-30 12:10:37     32,600,000 processed,  31,936,914 output
2026-06-30 12:13:49     32,700,000 processed,  32,035,186 output
2026-06-30 12:17:00     32,800,000 processed,  32,133,414 output
2026-06-30 12:20:10     32,900,000 processed,  32,231,558 output
2026-06-30 12:23:20     33,000,000 processed,  32,329,452 output
2026-06-30 12:26:31     33,100,000 processed,  32,427,708 output
2026-06-30 12:29:41     33,200,000 processed,  32,526,012 output
2026-06-30 12:32:51     33,300,000 processed,  32,624,399 output
2026-06-30 12:36:01     33,400,000 processed,  32,722,686 output
2026-06-30 12:39:11     33,500,000 processed,  32,821,011 output
2026-06-30 12:42:22     33,600,000 processed,  32,919,431 output
2026-06-30 12:45:32     33,700,000 processed,  33,017,636 output
2026-06-30 12:48:42     33,800,000 processed,  33,116,071 output
2026-06-30 12:51:52     33,900,000 processed,  33,214,351 output
2026-06-30 12:55:01     34,000,000 processed,  33,312,490 output
2026-06-30 12:58:11     34,100,000 processed,  33,410,879 output
2026-06-30 13:01:21     34,200,000 processed,  33,509,266 output
2026-06-30 13:04:31     34,300,000 processed,  33,607,589 output
2026-06-30 13:07:40     34,400,000 processed,  33,705,878 output
2026-06-30 13:10:50     34,500,000 processed,  33,804,111 output
2026-06-30 13:14:00     34,600,000 processed,  33,902,519 output
2026-06-30 13:17:10     34,700,000 processed,  34,000,798 output
2026-06-30 13:20:20     34,800,000 processed,  34,099,057 output
2026-06-30 13:23:30     34,900,000 processed,  34,197,403 output
2026-06-30 13:26:41     35,000,000 processed,  34,295,693 output
2026-06-30 13:29:51     35,100,000 processed,  34,393,231 output
2026-06-30 13:33:01     35,200,000 processed,  34,490,747 output
2026-06-30 13:36:58     35,300,000 processed,  34,586,643 output
2026-06-30 13:40:07     35,400,000 processed,  34,681,881 output
2026-06-30 13:43:17     35,500,000 processed,  34,779,878 output
