Building DAG of jobs...
Using shell: /usr/bin/bash
Provided remote nodes: 1
Provided resources: mem_mb=4000, mem_mib=3815, disk_mb=1000, disk_mib=954
Select jobs to execute...
Execute 1 jobs...

[Wed Jun 24 14:03:59 2026]
rule QC_filter_shell:
    input: /g/steinmetz/link/Amplicon_barcode_analysis/snake_test/QC_filtering/fastq_symlinks/I_L1_1.fastq.gz, /g/steinmetz/link/Amplicon_barcode_analysis/snake_test/QC_filtering/.pipeline_state/QC_filtering_params.sh
    output: /g/steinmetz/link/Amplicon_barcode_analysis/snake_test/QC_filtering/QC_filtered/I_L1_1.fastq.gz
    jobid: 0
    reason: Forced execution
    wildcards: sample=I_L1_1
    resources: mem_mb=4000, mem_mib=3815, disk_mb=1000, disk_mib=954, tmpdir=<TBD>, runtime=60, slurm_account=lsteinme


        source /g/steinmetz/link/Amplicon_barcode_analysis/snake_test/QC_filtering/.pipeline_state/QC_filtering_params.sh

        if [[ "$QC_FILTERING_RUN" == "true" ]]; then
          bash shell/QC_filtering_snake.sh \
            --input-fastq /g/steinmetz/link/Amplicon_barcode_analysis/snake_test/QC_filtering/fastq_symlinks/I_L1_1.fastq.gz \
            --output-fastq /g/steinmetz/link/Amplicon_barcode_analysis/snake_test/QC_filtering/QC_filtered/I_L1_1.fastq.gz \
            --min-qual "$QC_MIN_QUAL" \
            --qual-offset "$QC_QUAL_OFFSET" \
            --min-length "$QC_MIN_LENGTH" \
            --use-modules "$USE_MODULES" \
            --seqtk-module "$SEQTK_MODULE"
        else
          mkdir -p "$(dirname /g/steinmetz/link/Amplicon_barcode_analysis/snake_test/QC_filtering/QC_filtered/I_L1_1.fastq.gz)"

          if [[ "/g/steinmetz/link/Amplicon_barcode_analysis/snake_test/QC_filtering/fastq_symlinks/I_L1_1.fastq.gz" == *.gz ]]; then
            ln -sf /g/steinmetz/link/Amplicon_barcode_analysis/snake_test/QC_filtering/fastq_symlinks/I_L1_1.fastq.gz /g/steinmetz/link/Amplicon_barcode_analysis/snake_test/QC_filtering/QC_filtered/I_L1_1.fastq.gz
          else
            gzip -c /g/steinmetz/link/Amplicon_barcode_analysis/snake_test/QC_filtering/fastq_symlinks/I_L1_1.fastq.gz > /g/steinmetz/link/Amplicon_barcode_analysis/snake_test/QC_filtering/QC_filtered/I_L1_1.fastq.gz
          fi
        fi
        
Building DAG of jobs...
Using shell: /usr/bin/bash
Provided cores: 2
Rules claiming more threads will be scaled down.
Provided resources: mem_mb=4000, mem_mib=3815, disk_mb=1000, disk_mib=954
Select jobs to execute...
Execute 1 jobs...

[Wed Jun 24 14:04:02 2026]
localrule QC_filter_shell:
    input: /g/steinmetz/link/Amplicon_barcode_analysis/snake_test/QC_filtering/fastq_symlinks/I_L1_1.fastq.gz, /g/steinmetz/link/Amplicon_barcode_analysis/snake_test/QC_filtering/.pipeline_state/QC_filtering_params.sh
    output: /g/steinmetz/link/Amplicon_barcode_analysis/snake_test/QC_filtering/QC_filtered/I_L1_1.fastq.gz
    jobid: 0
    reason: Forced execution
    wildcards: sample=I_L1_1
    resources: mem_mb=4000, mem_mib=3815, disk_mb=1000, disk_mib=954, tmpdir=/scratch/jobs/57336506, runtime=60, slurm_account=lsteinme


        source /g/steinmetz/link/Amplicon_barcode_analysis/snake_test/QC_filtering/.pipeline_state/QC_filtering_params.sh

        if [[ "$QC_FILTERING_RUN" == "true" ]]; then
          bash shell/QC_filtering_snake.sh \
            --input-fastq /g/steinmetz/link/Amplicon_barcode_analysis/snake_test/QC_filtering/fastq_symlinks/I_L1_1.fastq.gz \
            --output-fastq /g/steinmetz/link/Amplicon_barcode_analysis/snake_test/QC_filtering/QC_filtered/I_L1_1.fastq.gz \
            --min-qual "$QC_MIN_QUAL" \
            --qual-offset "$QC_QUAL_OFFSET" \
            --min-length "$QC_MIN_LENGTH" \
            --use-modules "$USE_MODULES" \
            --seqtk-module "$SEQTK_MODULE"
        else
          mkdir -p "$(dirname /g/steinmetz/link/Amplicon_barcode_analysis/snake_test/QC_filtering/QC_filtered/I_L1_1.fastq.gz)"

          if [[ "/g/steinmetz/link/Amplicon_barcode_analysis/snake_test/QC_filtering/fastq_symlinks/I_L1_1.fastq.gz" == *.gz ]]; then
            ln -sf /g/steinmetz/link/Amplicon_barcode_analysis/snake_test/QC_filtering/fastq_symlinks/I_L1_1.fastq.gz /g/steinmetz/link/Amplicon_barcode_analysis/snake_test/QC_filtering/QC_filtered/I_L1_1.fastq.gz
          else
            gzip -c /g/steinmetz/link/Amplicon_barcode_analysis/snake_test/QC_filtering/fastq_symlinks/I_L1_1.fastq.gz > /g/steinmetz/link/Amplicon_barcode_analysis/snake_test/QC_filtering/QC_filtered/I_L1_1.fastq.gz
          fi
        fi
        
14:04:02   Loading seqtk module: seqtk/1.3-GCC-11.2.0

The following have been reloaded with a version change:
  1) GCC/12.3.0 => GCC/11.2.0
  2) GCCcore/12.3.0 => GCCcore/11.2.0
  3) binutils/2.40-GCCcore-12.3.0 => binutils/2.37-GCCcore-11.2.0
  4) zlib/1.2.13-GCCcore-12.3.0 => zlib/1.2.11-GCCcore-11.2.0

14:04:04   Input:  /g/steinmetz/link/Amplicon_barcode_analysis/snake_test/QC_filtering/fastq_symlinks/I_L1_1.fastq.gz
14:04:04   Output: /g/steinmetz/link/Amplicon_barcode_analysis/snake_test/QC_filtering/QC_filtered/I_L1_1.fastq.gz
14:04:04   min_qual: 20
14:04:04   qual_offset: 20
14:04:04   min_length: 122
14:04:04   QC filtering complete.
[Wed Jun 24 14:04:04 2026]
Finished job 0.
1 of 1 steps (100%) done
Storing output in storage.
[Wed Jun 24 14:04:05 2026]
Finished job 0.
1 of 1 steps (100%) done
Storing output in storage.
