Building DAG of jobs...
Using shell: /usr/bin/bash
Provided remote nodes: 1
Provided resources: mem_mb=16000, mem_mib=15259, disk_mb=1000, disk_mib=954
Select jobs to execute...
Execute 1 jobs...

[Mon Jun 29 18:19:41 2026]
rule QC_filter_shell:
    input: /scratch/link/Amplicon_barcode_analysis/HepG2_dual_rep_GALNAC_bcwithqc/fastq_symlinks/I_L1_1.fastq.gz, /scratch/link/Amplicon_barcode_analysis/HepG2_dual_rep_GALNAC_bcwithqc/.pipeline_state/QC_filtering_params.sh, /scratch/link/Amplicon_barcode_analysis/HepG2_dual_rep_GALNAC_bcwithqc/.pipeline_state/01_setup.done
    output: /scratch/link/Amplicon_barcode_analysis/HepG2_dual_rep_GALNAC_bcwithqc/QC_filtered/I_L1_1.fastq.gz
    jobid: 0
    reason: Forced execution
    wildcards: sample=I_L1_1
    resources: mem_mb=16000, mem_mib=15259, disk_mb=1000, disk_mib=954, tmpdir=<TBD>, runtime=60, slurm_account=lsteinme


        source /scratch/link/Amplicon_barcode_analysis/HepG2_dual_rep_GALNAC_bcwithqc/.pipeline_state/QC_filtering_params.sh

        if [[ "$QC_FILTERING_RUN" == "true" ]]; then
          bash shell/QC_filtering_snake.sh \
            --input-fastq /scratch/link/Amplicon_barcode_analysis/HepG2_dual_rep_GALNAC_bcwithqc/fastq_symlinks/I_L1_1.fastq.gz \
            --output-fastq /scratch/link/Amplicon_barcode_analysis/HepG2_dual_rep_GALNAC_bcwithqc/QC_filtered/I_L1_1.fastq.gz \
            --min-qual "$QC_MIN_QUAL" \
            --qual-offset "$QC_QUAL_OFFSET" \
            --min-length "$QC_MIN_LENGTH" \
            --use-modules "$USE_MODULES" \
            --seqtk-module "$SEQTK_MODULE"
        else
          mkdir -p "$(dirname "/scratch/link/Amplicon_barcode_analysis/HepG2_dual_rep_GALNAC_bcwithqc/QC_filtered/I_L1_1.fastq.gz")"

          if [[ "/scratch/link/Amplicon_barcode_analysis/HepG2_dual_rep_GALNAC_bcwithqc/fastq_symlinks/I_L1_1.fastq.gz" == *.gz ]]; then
            ln -sf "/scratch/link/Amplicon_barcode_analysis/HepG2_dual_rep_GALNAC_bcwithqc/fastq_symlinks/I_L1_1.fastq.gz" "/scratch/link/Amplicon_barcode_analysis/HepG2_dual_rep_GALNAC_bcwithqc/QC_filtered/I_L1_1.fastq.gz"
          else
            gzip -c "/scratch/link/Amplicon_barcode_analysis/HepG2_dual_rep_GALNAC_bcwithqc/fastq_symlinks/I_L1_1.fastq.gz" > "/scratch/link/Amplicon_barcode_analysis/HepG2_dual_rep_GALNAC_bcwithqc/QC_filtered/I_L1_1.fastq.gz"
          fi
        fi
        
Building DAG of jobs...
Using shell: /usr/bin/bash
Provided cores: 2
Rules claiming more threads will be scaled down.
Provided resources: mem_mb=16000, mem_mib=15259, disk_mb=1000, disk_mib=954
Select jobs to execute...
Execute 1 jobs...

[Mon Jun 29 18:19:57 2026]
localrule QC_filter_shell:
    input: /scratch/link/Amplicon_barcode_analysis/HepG2_dual_rep_GALNAC_bcwithqc/fastq_symlinks/I_L1_1.fastq.gz, /scratch/link/Amplicon_barcode_analysis/HepG2_dual_rep_GALNAC_bcwithqc/.pipeline_state/QC_filtering_params.sh, /scratch/link/Amplicon_barcode_analysis/HepG2_dual_rep_GALNAC_bcwithqc/.pipeline_state/01_setup.done
    output: /scratch/link/Amplicon_barcode_analysis/HepG2_dual_rep_GALNAC_bcwithqc/QC_filtered/I_L1_1.fastq.gz
    jobid: 0
    reason: Forced execution
    wildcards: sample=I_L1_1
    resources: mem_mb=16000, mem_mib=15259, disk_mb=1000, disk_mib=954, tmpdir=/scratch/jobs/57769887, runtime=60, slurm_account=lsteinme


        source /scratch/link/Amplicon_barcode_analysis/HepG2_dual_rep_GALNAC_bcwithqc/.pipeline_state/QC_filtering_params.sh

        if [[ "$QC_FILTERING_RUN" == "true" ]]; then
          bash shell/QC_filtering_snake.sh \
            --input-fastq /scratch/link/Amplicon_barcode_analysis/HepG2_dual_rep_GALNAC_bcwithqc/fastq_symlinks/I_L1_1.fastq.gz \
            --output-fastq /scratch/link/Amplicon_barcode_analysis/HepG2_dual_rep_GALNAC_bcwithqc/QC_filtered/I_L1_1.fastq.gz \
            --min-qual "$QC_MIN_QUAL" \
            --qual-offset "$QC_QUAL_OFFSET" \
            --min-length "$QC_MIN_LENGTH" \
            --use-modules "$USE_MODULES" \
            --seqtk-module "$SEQTK_MODULE"
        else
          mkdir -p "$(dirname "/scratch/link/Amplicon_barcode_analysis/HepG2_dual_rep_GALNAC_bcwithqc/QC_filtered/I_L1_1.fastq.gz")"

          if [[ "/scratch/link/Amplicon_barcode_analysis/HepG2_dual_rep_GALNAC_bcwithqc/fastq_symlinks/I_L1_1.fastq.gz" == *.gz ]]; then
            ln -sf "/scratch/link/Amplicon_barcode_analysis/HepG2_dual_rep_GALNAC_bcwithqc/fastq_symlinks/I_L1_1.fastq.gz" "/scratch/link/Amplicon_barcode_analysis/HepG2_dual_rep_GALNAC_bcwithqc/QC_filtered/I_L1_1.fastq.gz"
          else
            gzip -c "/scratch/link/Amplicon_barcode_analysis/HepG2_dual_rep_GALNAC_bcwithqc/fastq_symlinks/I_L1_1.fastq.gz" > "/scratch/link/Amplicon_barcode_analysis/HepG2_dual_rep_GALNAC_bcwithqc/QC_filtered/I_L1_1.fastq.gz"
          fi
        fi
        
[Mon Jun 29 18:19:57 2026]
Finished job 0.
1 of 1 steps (100%) done
Storing output in storage.
[Mon Jun 29 18:19:57 2026]
Finished job 0.
1 of 1 steps (100%) done
Storing output in storage.
