Building DAG of jobs...
Using shell: /usr/bin/bash
Provided remote nodes: 1
Provided resources: mem_mb=40000, mem_mib=38147, disk_mb=1000, disk_mib=954
Select jobs to execute...
Execute 1 jobs...

[Wed Jun 24 15:14:24 2026]
rule bcwithqc_one_sample:
    input: /g/steinmetz/link/Amplicon_barcode_analysis/snake_test/QC_filtering/bcwithqc_symlinks/I_L1_1/I_L1_1.fastq.gz
    output: /g/steinmetz/link/Amplicon_barcode_analysis/snake_test/QC_filtering/.pipeline_state/bcwithqc_done/I_L1_1.done
    jobid: 0
    reason: Forced execution
    wildcards: sample=I_L1_1
    threads: 10
    resources: mem_mb=40000, mem_mib=38147, disk_mb=1000, disk_mib=954, tmpdir=<TBD>, runtime=240, slurm_account=lsteinme


        unset PYTHONPATH
        unset PYTHONHOME
        export PYTHONNOUSERSITE=1

        rm -rf "/g/steinmetz/link/Amplicon_barcode_analysis/snake_test/QC_filtering/bcwithqc_output/I_L1_1"
        mkdir -p "/g/steinmetz/link/Amplicon_barcode_analysis/snake_test/QC_filtering/bcwithqc_output/I_L1_1"

        "/home/link/.conda/envs/py313/bin/bcwithqc" preprocess \
          "/g/steinmetz/link/Amplicon_barcode_analysis/snake_test/QC_filtering/bcwithqc_symlinks/I_L1_1" \
          --config="/g/steinmetz/link/Amplicon_barcode_analysis/library/bcwithqc_config_whole_genome_sublibs_1_to_4.json" \
          --output-dir="/g/steinmetz/link/Amplicon_barcode_analysis/snake_test/QC_filtering/bcwithqc_output/I_L1_1" \
          --threads="10" \
          --output-format-bam \
          -vv

        "/home/link/.conda/envs/py313/bin/bcwithqc" count \
          "/g/steinmetz/link/Amplicon_barcode_analysis/snake_test/QC_filtering/bcwithqc_output/I_L1_1" \
          --STAR-output-dir="/g/steinmetz/link/Amplicon_barcode_analysis/snake_test/QC_filtering/bcwithqc_output/I_L1_1" \
          --config="/g/steinmetz/link/Amplicon_barcode_analysis/library/bcwithqc_config_whole_genome_sublibs_1_to_4.json" \
          --output-dir="/g/steinmetz/link/Amplicon_barcode_analysis/snake_test/QC_filtering/bcwithqc_output/I_L1_1" \
          --threads="10" \
          -vv
          
        mkdir -p "$(dirname "/g/steinmetz/link/Amplicon_barcode_analysis/snake_test/QC_filtering/.pipeline_state/bcwithqc_done/I_L1_1.done")"
        touch "/g/steinmetz/link/Amplicon_barcode_analysis/snake_test/QC_filtering/.pipeline_state/bcwithqc_done/I_L1_1.done"
        
Building DAG of jobs...
Using shell: /usr/bin/bash
Provided cores: 10
Rules claiming more threads will be scaled down.
Provided resources: mem_mb=40000, mem_mib=38147, disk_mb=1000, disk_mib=954
Select jobs to execute...
Execute 1 jobs...

[Wed Jun 24 15:14:28 2026]
localrule bcwithqc_one_sample:
    input: /g/steinmetz/link/Amplicon_barcode_analysis/snake_test/QC_filtering/bcwithqc_symlinks/I_L1_1/I_L1_1.fastq.gz
    output: /g/steinmetz/link/Amplicon_barcode_analysis/snake_test/QC_filtering/.pipeline_state/bcwithqc_done/I_L1_1.done
    jobid: 0
    reason: Forced execution
    wildcards: sample=I_L1_1
    threads: 10
    resources: mem_mb=40000, mem_mib=38147, disk_mb=1000, disk_mib=954, tmpdir=/scratch/jobs/57340665, runtime=240, slurm_account=lsteinme


        unset PYTHONPATH
        unset PYTHONHOME
        export PYTHONNOUSERSITE=1

        rm -rf "/g/steinmetz/link/Amplicon_barcode_analysis/snake_test/QC_filtering/bcwithqc_output/I_L1_1"
        mkdir -p "/g/steinmetz/link/Amplicon_barcode_analysis/snake_test/QC_filtering/bcwithqc_output/I_L1_1"

        "/home/link/.conda/envs/py313/bin/bcwithqc" preprocess \
          "/g/steinmetz/link/Amplicon_barcode_analysis/snake_test/QC_filtering/bcwithqc_symlinks/I_L1_1" \
          --config="/g/steinmetz/link/Amplicon_barcode_analysis/library/bcwithqc_config_whole_genome_sublibs_1_to_4.json" \
          --output-dir="/g/steinmetz/link/Amplicon_barcode_analysis/snake_test/QC_filtering/bcwithqc_output/I_L1_1" \
          --threads="10" \
          --output-format-bam \
          -vv

        "/home/link/.conda/envs/py313/bin/bcwithqc" count \
          "/g/steinmetz/link/Amplicon_barcode_analysis/snake_test/QC_filtering/bcwithqc_output/I_L1_1" \
          --STAR-output-dir="/g/steinmetz/link/Amplicon_barcode_analysis/snake_test/QC_filtering/bcwithqc_output/I_L1_1" \
          --config="/g/steinmetz/link/Amplicon_barcode_analysis/library/bcwithqc_config_whole_genome_sublibs_1_to_4.json" \
          --output-dir="/g/steinmetz/link/Amplicon_barcode_analysis/snake_test/QC_filtering/bcwithqc_output/I_L1_1" \
          --threads="10" \
          -vv
          
        mkdir -p "$(dirname "/g/steinmetz/link/Amplicon_barcode_analysis/snake_test/QC_filtering/.pipeline_state/bcwithqc_done/I_L1_1.done")"
        touch "/g/steinmetz/link/Amplicon_barcode_analysis/snake_test/QC_filtering/.pipeline_state/bcwithqc_done/I_L1_1.done"
        
2026-06-24 15:14:30   Writing log to: /g/steinmetz/link/Amplicon_barcode_analysis/snake_test/QC_filtering/bcwithqc_output/I_L1_1/bcwithqc_preprocess.log
2026-06-24 15:14:30   Files to process:
2026-06-24 15:14:30     /g/steinmetz/link/Amplicon_barcode_analysis/snake_test/QC_filtering/bcwithqc_symlinks/I_L1_1/I_L1_1.fastq.gz
2026-06-24 15:14:30   Processing file:
2026-06-24 15:14:30     barcode fastq: /g/steinmetz/link/Amplicon_barcode_analysis/snake_test/QC_filtering/bcwithqc_symlinks/I_L1_1/I_L1_1.fastq.gz
2026-06-24 15:14:30     sans-bc fastq: /g/steinmetz/link/Amplicon_barcode_analysis/snake_test/QC_filtering/bcwithqc_output/I_L1_1/sans_bc_I_L1_1.fq
2026-06-24 15:14:30     tags file:     /g/steinmetz/link/Amplicon_barcode_analysis/snake_test/QC_filtering/bcwithqc_output/I_L1_1/rec_names_and_tags1_I_L1_1.txt
2026-06-24 15:14:30   Building aligners and barcode decoders
2026-06-24 15:14:30   Processing first 10,000 for score threshold...
2026-06-24 15:14:48   Score threshold: 0.65
2026-06-24 15:14:48   Continuing...
2026-06-24 15:15:10   62,065 barcode records processed
2026-06-24 15:15:10   59,688 records output
2026-06-24 15:15:10   Collected 62,065 read QC entries
2026-06-24 15:15:11   Wrote barcode-level QC metrics to: /g/steinmetz/link/Amplicon_barcode_analysis/snake_test/QC_filtering/bcwithqc_output/I_L1_1/QC_metrics/bcs.tsv
2026-06-24 15:15:11   Wrote block summary QC metrics to: /g/steinmetz/link/Amplicon_barcode_analysis/snake_test/QC_filtering/bcwithqc_output/I_L1_1/QC_metrics/bcs_summary.tsv
2026-06-24 15:15:11   Wrote read-level QC metrics to: /g/steinmetz/link/Amplicon_barcode_analysis/snake_test/QC_filtering/bcwithqc_output/I_L1_1/QC_metrics/reads.tsv
2026-06-24 15:15:11   Wrote read-level QC summary to: /g/steinmetz/link/Amplicon_barcode_analysis/snake_test/QC_filtering/bcwithqc_output/I_L1_1/QC_metrics/reads_summary.tsv
2026-06-24 15:15:12   Writing log to: /g/steinmetz/link/Amplicon_barcode_analysis/snake_test/QC_filtering/bcwithqc_output/I_L1_1/bcwithqc_count.log
2026-06-24 15:15:12   Writing output to:
2026-06-24 15:15:12     /g/steinmetz/link/Amplicon_barcode_analysis/snake_test/QC_filtering/bcwithqc_output/I_L1_1/with_bc.bam
2026-06-24 15:15:12   Using STAR results from /g/steinmetz/link/Amplicon_barcode_analysis/snake_test/QC_filtering/bcwithqc_output/I_L1_1
2026-06-24 15:15:12   Adding barcode tags to mapped reads... 
2026-06-24 15:15:25   Sorting bam...
2026-06-24 15:15:25   Indexing bam...
2026-06-24 15:15:25   Correcting UMIs...
2026-06-24 15:15:27   59,688 processed.
2026-06-24 15:15:27   Sorting bam...
2026-06-24 15:15:27   Indexing bam...
2026-06-24 15:15:27   Finding all barcodes present...
2026-06-24 15:15:28   Counting reads...
2026-06-24 15:15:28   Writing raw read count matrix...
2026-06-24 15:15:29   Deleting intermediary files...
2026-06-24 15:15:29   Wrote combined read/block stacked barplot to: /g/steinmetz/link/Amplicon_barcode_analysis/snake_test/QC_filtering/bcwithqc_output/I_L1_1/QC_metrics/reads_and_blocks_summary.png
/home/link/John_UMIs/bcwithqc/bcwithqc/qc_metrics.py:806: UserWarning: Creating legend with loc="best" can be slow with large amounts of data.
  plt.tight_layout()
/home/link/John_UMIs/bcwithqc/bcwithqc/qc_metrics.py:813: UserWarning: Creating legend with loc="best" can be slow with large amounts of data.
  plt.savefig(output_file, dpi=300)
2026-06-24 15:23:09   Wrote combined barcode-level stacked barplot to: /g/steinmetz/link/Amplicon_barcode_analysis/snake_test/QC_filtering/bcwithqc_output/I_L1_1/QC_metrics/barcodes_R1_sgrna.png
2026-06-24 15:23:09   Wrote combined read/block stacked barplot to: /g/steinmetz/link/Amplicon_barcode_analysis/snake_test/QC_filtering/bcwithqc_output/I_L1_1/QC_metrics/reads_and_blocks_summary.png
2026-06-24 15:23:09   Done
[Wed Jun 24 15:23:47 2026]
Finished job 0.
1 of 1 steps (100%) done
Storing output in storage.
[Wed Jun 24 15:23:48 2026]
Finished job 0.
1 of 1 steps (100%) done
Storing output in storage.
